<!doctype html public "-//w3c//dtd html 4.0 transitional//en">
<html><head>
<title>Static Call Graph - [.\_build\nrf51422_xxac.axf]</title></head>
<body><HR>
<H1>Static Call Graph for image .\_build\nrf51422_xxac.axf</H1><HR>
<BR><P>#&#060CALLGRAPH&#062# ARM Linker, 5.03 [Build 76]: Last Updated: Wed Jan 24 16:45:07 2018
<BR><P>
<H3>Maximum Stack Usage =        152 bytes + Unknown(Functions without stacksize, Cycles, Untraceable Function Pointers)</H3><H3>
Call chain for Maximum Stack Depth:</H3>
__rt_entry_main &rArr; main &rArr; bootloader_dfu_sd_update_finalize &rArr; bootloader_dfu_update_process &rArr; bootloader_settings_save &rArr; pstorage_store &rArr; cmd_queue_enqueue &rArr; cmd_process
<P>
<H3>
Functions with no stack information
</H3><UL>
 <LI><a href="#[e7]">__user_initial_stackheap</a>
</UL>
</UL>
<P>
<H3>
Mutually Recursive functions
</H3> <LI><a href="#[6]">NMI_Handler</a>&nbsp;&nbsp;&nbsp;&rArr;&nbsp;&nbsp;&nbsp;<a href="#[6]">NMI_Handler</a><BR>
 <LI><a href="#[7]">HardFault_Handler</a>&nbsp;&nbsp;&nbsp;&rArr;&nbsp;&nbsp;&nbsp;<a href="#[7]">HardFault_Handler</a><BR>
 <LI><a href="#[8]">SVC_Handler</a>&nbsp;&nbsp;&nbsp;&rArr;&nbsp;&nbsp;&nbsp;<a href="#[8]">SVC_Handler</a><BR>
 <LI><a href="#[9]">PendSV_Handler</a>&nbsp;&nbsp;&nbsp;&rArr;&nbsp;&nbsp;&nbsp;<a href="#[9]">PendSV_Handler</a><BR>
 <LI><a href="#[a]">SysTick_Handler</a>&nbsp;&nbsp;&nbsp;&rArr;&nbsp;&nbsp;&nbsp;<a href="#[a]">SysTick_Handler</a><BR>
 <LI><a href="#[11]">ADC_IRQHandler</a>&nbsp;&nbsp;&nbsp;&rArr;&nbsp;&nbsp;&nbsp;<a href="#[11]">ADC_IRQHandler</a><BR>
 <LI><a href="#[52]">__asm___11_app_timer_c_cd27f9c3__nrf_delay_us</a>&nbsp;&nbsp;&nbsp;&rArr;&nbsp;&nbsp;&nbsp;<a href="#[52]">__asm___11_app_timer_c_cd27f9c3__nrf_delay_us</a><BR>
 <LI><a href="#[d3]">tx_sm_state_change</a>&nbsp;&nbsp;&nbsp;&rArr;&nbsp;&nbsp;&nbsp;<a href="#[d2]">tx_sm_event_handle</a><BR>
 <LI><a href="#[bd]">dfu_sd_img_block_swap</a>&nbsp;&nbsp;&nbsp;&rArr;&nbsp;&nbsp;&nbsp;<a href="#[bd]">dfu_sd_img_block_swap</a><BR>
 <LI><a href="#[51]">__asm___11_nrf_delay_c_532987f3__nrf_delay_us</a>&nbsp;&nbsp;&nbsp;&rArr;&nbsp;&nbsp;&nbsp;<a href="#[51]">__asm___11_nrf_delay_c_532987f3__nrf_delay_us</a><BR>
</UL>
<P>
<H3>
Function Pointers
</H3><UL>
 <LI><a href="#[11]">ADC_IRQHandler</a> from arm_startup_nrf51.o(.text) referenced from arm_startup_nrf51.o(RESET)
 <LI><a href="#[19]">CCM_AAR_IRQHandler</a> from arm_startup_nrf51.o(.text) referenced from arm_startup_nrf51.o(RESET)
 <LI><a href="#[18]">ECB_IRQHandler</a> from arm_startup_nrf51.o(.text) referenced from arm_startup_nrf51.o(RESET)
 <LI><a href="#[10]">GPIOTE_IRQHandler</a> from nrf_drv_gpiote.o(.text) referenced from arm_startup_nrf51.o(RESET)
 <LI><a href="#[7]">HardFault_Handler</a> from arm_startup_nrf51.o(.text) referenced from arm_startup_nrf51.o(RESET)
 <LI><a href="#[1d]">LPCOMP_IRQHandler</a> from arm_startup_nrf51.o(.text) referenced from arm_startup_nrf51.o(RESET)
 <LI><a href="#[6]">NMI_Handler</a> from arm_startup_nrf51.o(.text) referenced from arm_startup_nrf51.o(RESET)
 <LI><a href="#[b]">POWER_CLOCK_IRQHandler</a> from arm_startup_nrf51.o(.text) referenced from arm_startup_nrf51.o(RESET)
 <LI><a href="#[9]">PendSV_Handler</a> from arm_startup_nrf51.o(.text) referenced from arm_startup_nrf51.o(RESET)
 <LI><a href="#[1c]">QDEC_IRQHandler</a> from arm_startup_nrf51.o(.text) referenced from arm_startup_nrf51.o(RESET)
 <LI><a href="#[c]">RADIO_IRQHandler</a> from arm_startup_nrf51.o(.text) referenced from arm_startup_nrf51.o(RESET)
 <LI><a href="#[17]">RNG_IRQHandler</a> from arm_startup_nrf51.o(.text) referenced from arm_startup_nrf51.o(RESET)
 <LI><a href="#[15]">RTC0_IRQHandler</a> from arm_startup_nrf51.o(.text) referenced from arm_startup_nrf51.o(RESET)
 <LI><a href="#[1b]">RTC1_IRQHandler</a> from app_timer.o(.text) referenced from arm_startup_nrf51.o(RESET)
 <LI><a href="#[5]">Reset_Handler</a> from arm_startup_nrf51.o(.text) referenced from arm_startup_nrf51.o(RESET)
 <LI><a href="#[e]">SPI0_TWI0_IRQHandler</a> from arm_startup_nrf51.o(.text) referenced from arm_startup_nrf51.o(RESET)
 <LI><a href="#[f]">SPI1_TWI1_IRQHandler</a> from arm_startup_nrf51.o(.text) referenced from arm_startup_nrf51.o(RESET)
 <LI><a href="#[8]">SVC_Handler</a> from arm_startup_nrf51.o(.text) referenced from arm_startup_nrf51.o(RESET)
 <LI><a href="#[1e]">SWI0_IRQHandler</a> from app_timer.o(.text) referenced from arm_startup_nrf51.o(RESET)
 <LI><a href="#[1f]">SWI1_IRQHandler</a> from arm_startup_nrf51.o(.text) referenced from arm_startup_nrf51.o(RESET)
 <LI><a href="#[20]">SWI2_IRQHandler</a> from softdevice_handler.o(.text) referenced from arm_startup_nrf51.o(RESET)
 <LI><a href="#[21]">SWI3_IRQHandler</a> from arm_startup_nrf51.o(.text) referenced from arm_startup_nrf51.o(RESET)
 <LI><a href="#[22]">SWI4_IRQHandler</a> from arm_startup_nrf51.o(.text) referenced from arm_startup_nrf51.o(RESET)
 <LI><a href="#[23]">SWI5_IRQHandler</a> from arm_startup_nrf51.o(.text) referenced from arm_startup_nrf51.o(RESET)
 <LI><a href="#[a]">SysTick_Handler</a> from arm_startup_nrf51.o(.text) referenced from arm_startup_nrf51.o(RESET)
 <LI><a href="#[27]">SystemInit</a> from system_nrf51.o(.text) referenced from arm_startup_nrf51.o(.text)
 <LI><a href="#[16]">TEMP_IRQHandler</a> from arm_startup_nrf51.o(.text) referenced from arm_startup_nrf51.o(RESET)
 <LI><a href="#[12]">TIMER0_IRQHandler</a> from arm_startup_nrf51.o(.text) referenced from arm_startup_nrf51.o(RESET)
 <LI><a href="#[13]">TIMER1_IRQHandler</a> from arm_startup_nrf51.o(.text) referenced from arm_startup_nrf51.o(RESET)
 <LI><a href="#[14]">TIMER2_IRQHandler</a> from arm_startup_nrf51.o(.text) referenced from arm_startup_nrf51.o(RESET)
 <LI><a href="#[d]">UART0_IRQHandler</a> from app_uart.o(.text) referenced from arm_startup_nrf51.o(RESET)
 <LI><a href="#[1a]">WDT_IRQHandler</a> from arm_startup_nrf51.o(.text) referenced from arm_startup_nrf51.o(RESET)
 <LI><a href="#[41]">__main</a> from __main.o(!!!main) referenced from arm_startup_nrf51.o(.text)
 <LI><a href="#[2a]">app_timer_evt_get</a> from app_timer_appsh.o(.text) referenced from app_timer_appsh.o(.text)
 <LI><a href="#[26]">app_timer_evt_schedule</a> from app_timer_appsh.o(.text) referenced from main.o(.text)
 <LI><a href="#[30]">dfu_activate_app</a> from dfu_single_bank.o(.text) referenced from dfu_single_bank.o(.text)
 <LI><a href="#[2f]">dfu_activate_bl</a> from dfu_single_bank.o(.text) referenced from dfu_single_bank.o(.text)
 <LI><a href="#[2e]">dfu_activate_sd</a> from dfu_single_bank.o(.text) referenced from dfu_single_bank.o(.text)
 <LI><a href="#[32]">dfu_cb_handler</a> from dfu_transport_serial.o(.text) referenced from dfu_transport_serial.o(.text)
 <LI><a href="#[2d]">dfu_cleared_func_app</a> from dfu_single_bank.o(.text) referenced from dfu_single_bank.o(.text)
 <LI><a href="#[2c]">dfu_prepare_func_app_erase</a> from dfu_single_bank.o(.text) referenced from dfu_single_bank.o(.text)
 <LI><a href="#[2b]">dfu_timeout_handler</a> from dfu_single_bank.o(.text) referenced from dfu_single_bank.o(.text)
 <LI><a href="#[29]">gpiote_uart_event_handler</a> from app_uart.o(.text) referenced from app_uart.o(.text)
 <LI><a href="#[37]">handle_rx_byte_default</a> from hci_slip.o(.text) referenced from hci_slip.o(.text)
 <LI><a href="#[36]">handle_rx_byte_esc</a> from hci_slip.o(.text) referenced from hci_slip.o(.text)
 <LI><a href="#[39]">handle_rx_byte_wait_start</a> from hci_slip.o(.text) referenced from hci_slip.o(.data)
 <LI><a href="#[39]">handle_rx_byte_wait_start</a> from hci_slip.o(.text) referenced from hci_slip.o(.text)
 <LI><a href="#[3c]">hci_transport_timeout_handle</a> from hci_transport.o(.text) referenced from hci_transport.o(.text)
 <LI><a href="#[31]">process_dfu_packet</a> from dfu_transport_serial.o(.text) referenced from dfu_transport_serial.o(.text)
 <LI><a href="#[3f]">pstorage_callback_handler</a> from bootloader.o(.text) referenced 2 times from bootloader.o(.constdata)
 <LI><a href="#[33]">rpc_transport_event_handler</a> from dfu_transport_serial.o(.text) referenced from dfu_transport_serial.o(.text)
 <LI><a href="#[34]">send_tx_byte_default</a> from hci_slip.o(.text) referenced from hci_slip.o(.data)
 <LI><a href="#[34]">send_tx_byte_default</a> from hci_slip.o(.text) referenced from hci_slip.o(.text)
 <LI><a href="#[35]">send_tx_byte_encoded</a> from hci_slip.o(.text) referenced from hci_slip.o(.text)
 <LI><a href="#[38]">send_tx_byte_end</a> from hci_slip.o(.text) referenced from hci_slip.o(.text)
 <LI><a href="#[3a]">send_tx_byte_esc</a> from hci_slip.o(.text) referenced from hci_slip.o(.text)
 <LI><a href="#[3b]">slip_event_handle</a> from hci_transport.o(.text) referenced from hci_transport.o(.text)
 <LI><a href="#[3d]">softdevice_assertion_handler</a> from softdevice_handler.o(.text) referenced from softdevice_handler.o(.text)
 <LI><a href="#[3e]">softdevice_evt_get</a> from softdevice_handler_appsh.o(.text) referenced from softdevice_handler_appsh.o(.text)
 <LI><a href="#[24]">softdevice_evt_schedule</a> from softdevice_handler_appsh.o(.text) referenced from main.o(.text)
 <LI><a href="#[25]">sys_evt_dispatch</a> from main.o(.text) referenced from main.o(.text)
</UL>
<P>
<H3>
Global Symbols
</H3>
<P><STRONG><a name="[41]"></a>__main</STRONG> (Thumb, 8 bytes, Stack size 0 bytes, __main.o(!!!main))
<BR><BR>[Calls]<UL><LI><a href="#[42]">&gt;&gt;</a>&nbsp;&nbsp;&nbsp;__scatterload
<LI><a href="#[43]">&gt;&gt;</a>&nbsp;&nbsp;&nbsp;__rt_entry
</UL>

<P><STRONG><a name="[42]"></a>__scatterload</STRONG> (Thumb, 0 bytes, Stack size unknown bytes, __scatter.o(!!!scatter))
<BR><BR>[Called By]<UL><LI><a href="#[41]">&gt;&gt;</a>&nbsp;&nbsp;&nbsp;__main
</UL>

<P><STRONG><a name="[44]"></a>__scatterload_rt2</STRONG> (Thumb, 52 bytes, Stack size unknown bytes, __scatter.o(!!!scatter), UNUSED)
<BR><BR>[Calls]<UL><LI><a href="#[43]">&gt;&gt;</a>&nbsp;&nbsp;&nbsp;__rt_entry
</UL>

<P><STRONG><a name="[ea]"></a>__scatterload_rt2_thumb_only</STRONG> (Thumb, 0 bytes, Stack size unknown bytes, __scatter.o(!!!scatter), UNUSED)

<P><STRONG><a name="[eb]"></a>__scatterload_null</STRONG> (Thumb, 0 bytes, Stack size unknown bytes, __scatter.o(!!!scatter), UNUSED)

<P><STRONG><a name="[45]"></a>__scatterload_copy</STRONG> (Thumb, 26 bytes, Stack size unknown bytes, __scatter_copy.o(!!handler_copy), UNUSED)
<BR><BR>[Calls]<UL><LI><a href="#[45]">&gt;&gt;</a>&nbsp;&nbsp;&nbsp;__scatterload_copy
</UL>
<BR>[Called By]<UL><LI><a href="#[45]">&gt;&gt;</a>&nbsp;&nbsp;&nbsp;__scatterload_copy
</UL>

<P><STRONG><a name="[ec]"></a>__scatterload_zeroinit</STRONG> (Thumb, 28 bytes, Stack size unknown bytes, __scatter_zi.o(!!handler_zi), UNUSED)

<P><STRONG><a name="[49]"></a>__rt_lib_init</STRONG> (Thumb, 0 bytes, Stack size unknown bytes, libinit.o(.ARM.Collect$$libinit$$00000000))
<BR><BR>[Called By]<UL><LI><a href="#[48]">&gt;&gt;</a>&nbsp;&nbsp;&nbsp;__rt_entry_li
</UL>

<P><STRONG><a name="[ed]"></a>__rt_lib_init_fp_1</STRONG> (Thumb, 0 bytes, Stack size unknown bytes, libinit2.o(.ARM.Collect$$libinit$$00000001))

<P><STRONG><a name="[ee]"></a>__rt_lib_init_alloca_1</STRONG> (Thumb, 0 bytes, Stack size unknown bytes, libinit2.o(.ARM.Collect$$libinit$$0000002C))

<P><STRONG><a name="[ef]"></a>__rt_lib_init_argv_1</STRONG> (Thumb, 0 bytes, Stack size unknown bytes, libinit2.o(.ARM.Collect$$libinit$$0000002A))

<P><STRONG><a name="[f0]"></a>__rt_lib_init_atexit_1</STRONG> (Thumb, 0 bytes, Stack size unknown bytes, libinit2.o(.ARM.Collect$$libinit$$00000019))

<P><STRONG><a name="[f1]"></a>__rt_lib_init_clock_1</STRONG> (Thumb, 0 bytes, Stack size unknown bytes, libinit2.o(.ARM.Collect$$libinit$$0000001F))

<P><STRONG><a name="[f2]"></a>__rt_lib_init_cpp_1</STRONG> (Thumb, 0 bytes, Stack size unknown bytes, libinit2.o(.ARM.Collect$$libinit$$00000030))

<P><STRONG><a name="[f3]"></a>__rt_lib_init_exceptions_1</STRONG> (Thumb, 0 bytes, Stack size unknown bytes, libinit2.o(.ARM.Collect$$libinit$$0000002E))

<P><STRONG><a name="[f4]"></a>__rt_lib_init_fp_trap_1</STRONG> (Thumb, 0 bytes, Stack size unknown bytes, libinit2.o(.ARM.Collect$$libinit$$0000001D))

<P><STRONG><a name="[f5]"></a>__rt_lib_init_getenv_1</STRONG> (Thumb, 0 bytes, Stack size unknown bytes, libinit2.o(.ARM.Collect$$libinit$$00000021))

<P><STRONG><a name="[f6]"></a>__rt_lib_init_heap_1</STRONG> (Thumb, 0 bytes, Stack size unknown bytes, libinit2.o(.ARM.Collect$$libinit$$00000008))

<P><STRONG><a name="[f7]"></a>__rt_lib_init_lc_collate_1</STRONG> (Thumb, 0 bytes, Stack size unknown bytes, libinit2.o(.ARM.Collect$$libinit$$0000000F))

<P><STRONG><a name="[f8]"></a>__rt_lib_init_lc_ctype_1</STRONG> (Thumb, 0 bytes, Stack size unknown bytes, libinit2.o(.ARM.Collect$$libinit$$00000011))

<P><STRONG><a name="[f9]"></a>__rt_lib_init_lc_monetary_1</STRONG> (Thumb, 0 bytes, Stack size unknown bytes, libinit2.o(.ARM.Collect$$libinit$$00000013))

<P><STRONG><a name="[fa]"></a>__rt_lib_init_lc_numeric_1</STRONG> (Thumb, 0 bytes, Stack size unknown bytes, libinit2.o(.ARM.Collect$$libinit$$00000015))

<P><STRONG><a name="[fb]"></a>__rt_lib_init_lc_time_1</STRONG> (Thumb, 0 bytes, Stack size unknown bytes, libinit2.o(.ARM.Collect$$libinit$$00000017))

<P><STRONG><a name="[fc]"></a>__rt_lib_init_rand_1</STRONG> (Thumb, 0 bytes, Stack size unknown bytes, libinit2.o(.ARM.Collect$$libinit$$0000000C))

<P><STRONG><a name="[fd]"></a>__rt_lib_init_return</STRONG> (Thumb, 0 bytes, Stack size unknown bytes, libinit2.o(.ARM.Collect$$libinit$$00000031))

<P><STRONG><a name="[fe]"></a>__rt_lib_init_signal_1</STRONG> (Thumb, 0 bytes, Stack size unknown bytes, libinit2.o(.ARM.Collect$$libinit$$0000001B))

<P><STRONG><a name="[ff]"></a>__rt_lib_init_stdio_1</STRONG> (Thumb, 0 bytes, Stack size unknown bytes, libinit2.o(.ARM.Collect$$libinit$$00000023))

<P><STRONG><a name="[100]"></a>__rt_lib_init_user_alloc_1</STRONG> (Thumb, 0 bytes, Stack size unknown bytes, libinit2.o(.ARM.Collect$$libinit$$0000000A))

<P><STRONG><a name="[4e]"></a>__rt_lib_shutdown</STRONG> (Thumb, 0 bytes, Stack size unknown bytes, libshutdown.o(.ARM.Collect$$libshutdown$$00000000))
<BR><BR>[Called By]<UL><LI><a href="#[4d]">&gt;&gt;</a>&nbsp;&nbsp;&nbsp;__rt_exit_ls
</UL>

<P><STRONG><a name="[101]"></a>__rt_lib_shutdown_fp_trap_1</STRONG> (Thumb, 0 bytes, Stack size unknown bytes, libshutdown2.o(.ARM.Collect$$libshutdown$$00000006))

<P><STRONG><a name="[102]"></a>__rt_lib_shutdown_heap_1</STRONG> (Thumb, 0 bytes, Stack size unknown bytes, libshutdown2.o(.ARM.Collect$$libshutdown$$0000000E))

<P><STRONG><a name="[103]"></a>__rt_lib_shutdown_return</STRONG> (Thumb, 0 bytes, Stack size unknown bytes, libshutdown2.o(.ARM.Collect$$libshutdown$$0000000F))

<P><STRONG><a name="[104]"></a>__rt_lib_shutdown_signal_1</STRONG> (Thumb, 0 bytes, Stack size unknown bytes, libshutdown2.o(.ARM.Collect$$libshutdown$$00000009))

<P><STRONG><a name="[105]"></a>__rt_lib_shutdown_stdio_1</STRONG> (Thumb, 0 bytes, Stack size unknown bytes, libshutdown2.o(.ARM.Collect$$libshutdown$$00000003))

<P><STRONG><a name="[106]"></a>__rt_lib_shutdown_user_alloc_1</STRONG> (Thumb, 0 bytes, Stack size unknown bytes, libshutdown2.o(.ARM.Collect$$libshutdown$$0000000B))

<P><STRONG><a name="[43]"></a>__rt_entry</STRONG> (Thumb, 0 bytes, Stack size unknown bytes, rtentry.o(.ARM.Collect$$rtentry$$00000000))
<BR><BR>[Called By]<UL><LI><a href="#[44]">&gt;&gt;</a>&nbsp;&nbsp;&nbsp;__scatterload_rt2
<LI><a href="#[41]">&gt;&gt;</a>&nbsp;&nbsp;&nbsp;__main
</UL>

<P><STRONG><a name="[107]"></a>__rt_entry_presh_1</STRONG> (Thumb, 0 bytes, Stack size unknown bytes, rtentry2.o(.ARM.Collect$$rtentry$$00000002))

<P><STRONG><a name="[46]"></a>__rt_entry_sh</STRONG> (Thumb, 0 bytes, Stack size unknown bytes, rtentry4.o(.ARM.Collect$$rtentry$$00000004))
<BR><BR>[Stack]<UL><LI>Max Depth = 8 + Unknown Stack Size
<LI>Call Chain = __rt_entry_sh &rArr; __user_setup_stackheap
</UL>
<BR>[Calls]<UL><LI><a href="#[47]">&gt;&gt;</a>&nbsp;&nbsp;&nbsp;__user_setup_stackheap
</UL>

<P><STRONG><a name="[48]"></a>__rt_entry_li</STRONG> (Thumb, 0 bytes, Stack size unknown bytes, rtentry2.o(.ARM.Collect$$rtentry$$0000000A))
<BR><BR>[Calls]<UL><LI><a href="#[49]">&gt;&gt;</a>&nbsp;&nbsp;&nbsp;__rt_lib_init
</UL>

<P><STRONG><a name="[108]"></a>__rt_entry_postsh_1</STRONG> (Thumb, 0 bytes, Stack size unknown bytes, rtentry2.o(.ARM.Collect$$rtentry$$00000009))

<P><STRONG><a name="[4a]"></a>__rt_entry_main</STRONG> (Thumb, 0 bytes, Stack size unknown bytes, rtentry2.o(.ARM.Collect$$rtentry$$0000000D))
<BR><BR>[Stack]<UL><LI>Max Depth = 152 + Unknown Stack Size
<LI>Call Chain = __rt_entry_main &rArr; main &rArr; bootloader_dfu_sd_update_finalize &rArr; bootloader_dfu_update_process &rArr; bootloader_settings_save &rArr; pstorage_store &rArr; cmd_queue_enqueue &rArr; cmd_process
</UL>
<BR>[Calls]<UL><LI><a href="#[4b]">&gt;&gt;</a>&nbsp;&nbsp;&nbsp;main
<LI><a href="#[4c]">&gt;&gt;</a>&nbsp;&nbsp;&nbsp;exit
</UL>

<P><STRONG><a name="[109]"></a>__rt_entry_postli_1</STRONG> (Thumb, 0 bytes, Stack size unknown bytes, rtentry2.o(.ARM.Collect$$rtentry$$0000000C))

<P><STRONG><a name="[e9]"></a>__rt_exit</STRONG> (Thumb, 0 bytes, Stack size unknown bytes, rtexit.o(.ARM.Collect$$rtexit$$00000000))
<BR><BR>[Called By]<UL><LI><a href="#[4c]">&gt;&gt;</a>&nbsp;&nbsp;&nbsp;exit
</UL>

<P><STRONG><a name="[4d]"></a>__rt_exit_ls</STRONG> (Thumb, 0 bytes, Stack size unknown bytes, rtexit2.o(.ARM.Collect$$rtexit$$00000003))
<BR><BR>[Calls]<UL><LI><a href="#[4e]">&gt;&gt;</a>&nbsp;&nbsp;&nbsp;__rt_lib_shutdown
</UL>

<P><STRONG><a name="[10a]"></a>__rt_exit_prels_1</STRONG> (Thumb, 0 bytes, Stack size unknown bytes, rtexit2.o(.ARM.Collect$$rtexit$$00000002))

<P><STRONG><a name="[4f]"></a>__rt_exit_exit</STRONG> (Thumb, 0 bytes, Stack size unknown bytes, rtexit2.o(.ARM.Collect$$rtexit$$00000004))
<BR><BR>[Calls]<UL><LI><a href="#[50]">&gt;&gt;</a>&nbsp;&nbsp;&nbsp;_sys_exit
</UL>

<P><STRONG><a name="[51]"></a>__asm___11_nrf_delay_c_532987f3__nrf_delay_us</STRONG> (Thumb, 30 bytes, Stack size 0 bytes, nrf_delay.o(.emb_text))
<BR><BR>[Calls]<UL><LI><a href="#[51]">&gt;&gt;</a>&nbsp;&nbsp;&nbsp;__asm___11_nrf_delay_c_532987f3__nrf_delay_us
</UL>
<BR>[Called By]<UL><LI><a href="#[72]">&gt;&gt;</a>&nbsp;&nbsp;&nbsp;nrf_delay_ms
<LI><a href="#[51]">&gt;&gt;</a>&nbsp;&nbsp;&nbsp;__asm___11_nrf_delay_c_532987f3__nrf_delay_us
</UL>

<P><STRONG><a name="[52]"></a>__asm___11_app_timer_c_cd27f9c3__nrf_delay_us</STRONG> (Thumb, 30 bytes, Stack size 0 bytes, app_timer.o(.emb_text))
<BR><BR>[Calls]<UL><LI><a href="#[52]">&gt;&gt;</a>&nbsp;&nbsp;&nbsp;__asm___11_app_timer_c_cd27f9c3__nrf_delay_us
</UL>
<BR>[Called By]<UL><LI><a href="#[52]">&gt;&gt;</a>&nbsp;&nbsp;&nbsp;__asm___11_app_timer_c_cd27f9c3__nrf_delay_us
<LI><a href="#[96]">&gt;&gt;</a>&nbsp;&nbsp;&nbsp;compare_reg_update
<LI><a href="#[8e]">&gt;&gt;</a>&nbsp;&nbsp;&nbsp;rtc1_stop
</UL>

<P><STRONG><a name="[b0]"></a>__asm___17_bootloader_util_c_c13d365c__bootloader_util_reset</STRONG> (Thumb, 52 bytes, Stack size 0 bytes, bootloader_util.o(.emb_text))
<BR><BR>[Called By]<UL><LI><a href="#[a7]">&gt;&gt;</a>&nbsp;&nbsp;&nbsp;bootloader_util_app_start
</UL>

<P><STRONG><a name="[ac]"></a>__aeabi_memcpy4</STRONG> (Thumb, 56 bytes, Stack size 0 bytes, rt_memcpy.o(.emb_text))
<BR><BR>[Called By]<UL><LI><a href="#[5e]">&gt;&gt;</a>&nbsp;&nbsp;&nbsp;bootloader_dfu_sd_update_finalize
<LI><a href="#[8b]">&gt;&gt;</a>&nbsp;&nbsp;&nbsp;__aeabi_memcpy
<LI><a href="#[2d]">&gt;&gt;</a>&nbsp;&nbsp;&nbsp;dfu_cleared_func_app
</UL>

<P><STRONG><a name="[10b]"></a>__aeabi_memcpy8</STRONG> (Thumb, 0 bytes, Stack size 0 bytes, rt_memcpy.o(.emb_text), UNUSED)

<P><STRONG><a name="[53]"></a>assert_nrf_callback</STRONG> (Thumb, 14 bytes, Stack size 8 bytes, main.o(.text))
<BR><BR>[Stack]<UL><LI>Max Depth = 8<LI>Call Chain = assert_nrf_callback
</UL>
<BR>[Calls]<UL><LI><a href="#[54]">&gt;&gt;</a>&nbsp;&nbsp;&nbsp;app_error_handler
</UL>
<BR>[Called By]<UL><LI><a href="#[3d]">&gt;&gt;</a>&nbsp;&nbsp;&nbsp;softdevice_assertion_handler
</UL>

<P><STRONG><a name="[4b]"></a>main</STRONG> (Thumb, 240 bytes, Stack size 8 bytes, main.o(.text))
<BR><BR>[Stack]<UL><LI>Max Depth = 152<LI>Call Chain = main &rArr; bootloader_dfu_sd_update_finalize &rArr; bootloader_dfu_update_process &rArr; bootloader_settings_save &rArr; pstorage_store &rArr; cmd_queue_enqueue &rArr; cmd_process
</UL>
<BR>[Calls]<UL><LI><a href="#[5a]">&gt;&gt;</a>&nbsp;&nbsp;&nbsp;bootloader_init
<LI><a href="#[60]">&gt;&gt;</a>&nbsp;&nbsp;&nbsp;bootloader_dfu_start
<LI><a href="#[5e]">&gt;&gt;</a>&nbsp;&nbsp;&nbsp;bootloader_dfu_sd_update_finalize
<LI><a href="#[5c]">&gt;&gt;</a>&nbsp;&nbsp;&nbsp;bootloader_dfu_sd_update_continue
<LI><a href="#[5b]">&gt;&gt;</a>&nbsp;&nbsp;&nbsp;bootloader_dfu_sd_in_progress
<LI><a href="#[61]">&gt;&gt;</a>&nbsp;&nbsp;&nbsp;bootloader_app_start
<LI><a href="#[5f]">&gt;&gt;</a>&nbsp;&nbsp;&nbsp;bootloader_app_is_valid
<LI><a href="#[59]">&gt;&gt;</a>&nbsp;&nbsp;&nbsp;app_timer_init
<LI><a href="#[54]">&gt;&gt;</a>&nbsp;&nbsp;&nbsp;app_error_handler
<LI><a href="#[5d]">&gt;&gt;</a>&nbsp;&nbsp;&nbsp;scheduler_init
<LI><a href="#[56]">&gt;&gt;</a>&nbsp;&nbsp;&nbsp;ble_stack_init
</UL>
<BR>[Called By]<UL><LI><a href="#[4a]">&gt;&gt;</a>&nbsp;&nbsp;&nbsp;__rt_entry_main
</UL>

<P><STRONG><a name="[5]"></a>Reset_Handler</STRONG> (Thumb, 26 bytes, Stack size 0 bytes, arm_startup_nrf51.o(.text))
<BR>[Address Reference Count : 1]<UL><LI> arm_startup_nrf51.o(RESET)
</UL>
<P><STRONG><a name="[6]"></a>NMI_Handler</STRONG> (Thumb, 2 bytes, Stack size 0 bytes, arm_startup_nrf51.o(.text))
<BR><BR>[Calls]<UL><LI><a href="#[6]">&gt;&gt;</a>&nbsp;&nbsp;&nbsp;NMI_Handler
</UL>
<BR>[Called By]<UL><LI><a href="#[6]">&gt;&gt;</a>&nbsp;&nbsp;&nbsp;NMI_Handler
</UL>
<BR>[Address Reference Count : 1]<UL><LI> arm_startup_nrf51.o(RESET)
</UL>
<P><STRONG><a name="[7]"></a>HardFault_Handler</STRONG> (Thumb, 2 bytes, Stack size 0 bytes, arm_startup_nrf51.o(.text))
<BR><BR>[Calls]<UL><LI><a href="#[7]">&gt;&gt;</a>&nbsp;&nbsp;&nbsp;HardFault_Handler
</UL>
<BR>[Called By]<UL><LI><a href="#[7]">&gt;&gt;</a>&nbsp;&nbsp;&nbsp;HardFault_Handler
</UL>
<BR>[Address Reference Count : 1]<UL><LI> arm_startup_nrf51.o(RESET)
</UL>
<P><STRONG><a name="[8]"></a>SVC_Handler</STRONG> (Thumb, 2 bytes, Stack size 0 bytes, arm_startup_nrf51.o(.text))
<BR><BR>[Calls]<UL><LI><a href="#[8]">&gt;&gt;</a>&nbsp;&nbsp;&nbsp;SVC_Handler
</UL>
<BR>[Called By]<UL><LI><a href="#[8]">&gt;&gt;</a>&nbsp;&nbsp;&nbsp;SVC_Handler
</UL>
<BR>[Address Reference Count : 1]<UL><LI> arm_startup_nrf51.o(RESET)
</UL>
<P><STRONG><a name="[9]"></a>PendSV_Handler</STRONG> (Thumb, 2 bytes, Stack size 0 bytes, arm_startup_nrf51.o(.text))
<BR><BR>[Calls]<UL><LI><a href="#[9]">&gt;&gt;</a>&nbsp;&nbsp;&nbsp;PendSV_Handler
</UL>
<BR>[Called By]<UL><LI><a href="#[9]">&gt;&gt;</a>&nbsp;&nbsp;&nbsp;PendSV_Handler
</UL>
<BR>[Address Reference Count : 1]<UL><LI> arm_startup_nrf51.o(RESET)
</UL>
<P><STRONG><a name="[a]"></a>SysTick_Handler</STRONG> (Thumb, 2 bytes, Stack size 0 bytes, arm_startup_nrf51.o(.text))
<BR><BR>[Calls]<UL><LI><a href="#[a]">&gt;&gt;</a>&nbsp;&nbsp;&nbsp;SysTick_Handler
</UL>
<BR>[Called By]<UL><LI><a href="#[a]">&gt;&gt;</a>&nbsp;&nbsp;&nbsp;SysTick_Handler
</UL>
<BR>[Address Reference Count : 1]<UL><LI> arm_startup_nrf51.o(RESET)
</UL>
<P><STRONG><a name="[11]"></a>ADC_IRQHandler</STRONG> (Thumb, 0 bytes, Stack size 0 bytes, arm_startup_nrf51.o(.text))
<BR><BR>[Calls]<UL><LI><a href="#[11]">&gt;&gt;</a>&nbsp;&nbsp;&nbsp;ADC_IRQHandler
</UL>
<BR>[Called By]<UL><LI><a href="#[11]">&gt;&gt;</a>&nbsp;&nbsp;&nbsp;ADC_IRQHandler
</UL>
<BR>[Address Reference Count : 1]<UL><LI> arm_startup_nrf51.o(RESET)
</UL>
<P><STRONG><a name="[19]"></a>CCM_AAR_IRQHandler</STRONG> (Thumb, 0 bytes, Stack size 0 bytes, arm_startup_nrf51.o(.text))
<BR>[Address Reference Count : 1]<UL><LI> arm_startup_nrf51.o(RESET)
</UL>
<P><STRONG><a name="[18]"></a>ECB_IRQHandler</STRONG> (Thumb, 0 bytes, Stack size 0 bytes, arm_startup_nrf51.o(.text))
<BR>[Address Reference Count : 1]<UL><LI> arm_startup_nrf51.o(RESET)
</UL>
<P><STRONG><a name="[1d]"></a>LPCOMP_IRQHandler</STRONG> (Thumb, 0 bytes, Stack size 0 bytes, arm_startup_nrf51.o(.text))
<BR>[Address Reference Count : 1]<UL><LI> arm_startup_nrf51.o(RESET)
</UL>
<P><STRONG><a name="[b]"></a>POWER_CLOCK_IRQHandler</STRONG> (Thumb, 0 bytes, Stack size 0 bytes, arm_startup_nrf51.o(.text))
<BR>[Address Reference Count : 1]<UL><LI> arm_startup_nrf51.o(RESET)
</UL>
<P><STRONG><a name="[1c]"></a>QDEC_IRQHandler</STRONG> (Thumb, 0 bytes, Stack size 0 bytes, arm_startup_nrf51.o(.text))
<BR>[Address Reference Count : 1]<UL><LI> arm_startup_nrf51.o(RESET)
</UL>
<P><STRONG><a name="[c]"></a>RADIO_IRQHandler</STRONG> (Thumb, 0 bytes, Stack size 0 bytes, arm_startup_nrf51.o(.text))
<BR>[Address Reference Count : 1]<UL><LI> arm_startup_nrf51.o(RESET)
</UL>
<P><STRONG><a name="[17]"></a>RNG_IRQHandler</STRONG> (Thumb, 0 bytes, Stack size 0 bytes, arm_startup_nrf51.o(.text))
<BR>[Address Reference Count : 1]<UL><LI> arm_startup_nrf51.o(RESET)
</UL>
<P><STRONG><a name="[15]"></a>RTC0_IRQHandler</STRONG> (Thumb, 0 bytes, Stack size 0 bytes, arm_startup_nrf51.o(.text))
<BR>[Address Reference Count : 1]<UL><LI> arm_startup_nrf51.o(RESET)
</UL>
<P><STRONG><a name="[e]"></a>SPI0_TWI0_IRQHandler</STRONG> (Thumb, 0 bytes, Stack size 0 bytes, arm_startup_nrf51.o(.text))
<BR>[Address Reference Count : 1]<UL><LI> arm_startup_nrf51.o(RESET)
</UL>
<P><STRONG><a name="[f]"></a>SPI1_TWI1_IRQHandler</STRONG> (Thumb, 0 bytes, Stack size 0 bytes, arm_startup_nrf51.o(.text))
<BR>[Address Reference Count : 1]<UL><LI> arm_startup_nrf51.o(RESET)
</UL>
<P><STRONG><a name="[1f]"></a>SWI1_IRQHandler</STRONG> (Thumb, 0 bytes, Stack size 0 bytes, arm_startup_nrf51.o(.text))
<BR>[Address Reference Count : 1]<UL><LI> arm_startup_nrf51.o(RESET)
</UL>
<P><STRONG><a name="[21]"></a>SWI3_IRQHandler</STRONG> (Thumb, 0 bytes, Stack size 0 bytes, arm_startup_nrf51.o(.text))
<BR>[Address Reference Count : 1]<UL><LI> arm_startup_nrf51.o(RESET)
</UL>
<P><STRONG><a name="[22]"></a>SWI4_IRQHandler</STRONG> (Thumb, 0 bytes, Stack size 0 bytes, arm_startup_nrf51.o(.text))
<BR>[Address Reference Count : 1]<UL><LI> arm_startup_nrf51.o(RESET)
</UL>
<P><STRONG><a name="[23]"></a>SWI5_IRQHandler</STRONG> (Thumb, 0 bytes, Stack size 0 bytes, arm_startup_nrf51.o(.text))
<BR>[Address Reference Count : 1]<UL><LI> arm_startup_nrf51.o(RESET)
</UL>
<P><STRONG><a name="[16]"></a>TEMP_IRQHandler</STRONG> (Thumb, 0 bytes, Stack size 0 bytes, arm_startup_nrf51.o(.text))
<BR>[Address Reference Count : 1]<UL><LI> arm_startup_nrf51.o(RESET)
</UL>
<P><STRONG><a name="[12]"></a>TIMER0_IRQHandler</STRONG> (Thumb, 0 bytes, Stack size 0 bytes, arm_startup_nrf51.o(.text))
<BR>[Address Reference Count : 1]<UL><LI> arm_startup_nrf51.o(RESET)
</UL>
<P><STRONG><a name="[13]"></a>TIMER1_IRQHandler</STRONG> (Thumb, 0 bytes, Stack size 0 bytes, arm_startup_nrf51.o(.text))
<BR>[Address Reference Count : 1]<UL><LI> arm_startup_nrf51.o(RESET)
</UL>
<P><STRONG><a name="[14]"></a>TIMER2_IRQHandler</STRONG> (Thumb, 0 bytes, Stack size 0 bytes, arm_startup_nrf51.o(.text))
<BR>[Address Reference Count : 1]<UL><LI> arm_startup_nrf51.o(RESET)
</UL>
<P><STRONG><a name="[1a]"></a>WDT_IRQHandler</STRONG> (Thumb, 0 bytes, Stack size 0 bytes, arm_startup_nrf51.o(.text))
<BR>[Address Reference Count : 1]<UL><LI> arm_startup_nrf51.o(RESET)
</UL>
<P><STRONG><a name="[e7]"></a>__user_initial_stackheap</STRONG> (Thumb, 0 bytes, Stack size unknown bytes, arm_startup_nrf51.o(.text))
<BR><BR>[Called By]<UL><LI><a href="#[47]">&gt;&gt;</a>&nbsp;&nbsp;&nbsp;__user_setup_stackheap
</UL>

<P><STRONG><a name="[10c]"></a>SystemCoreClockUpdate</STRONG> (Thumb, 8 bytes, Stack size 0 bytes, system_nrf51.o(.text), UNUSED)

<P><STRONG><a name="[27]"></a>SystemInit</STRONG> (Thumb, 64 bytes, Stack size 8 bytes, system_nrf51.o(.text))
<BR><BR>[Stack]<UL><LI>Max Depth = 8<LI>Call Chain = SystemInit
</UL>
<BR>[Calls]<UL><LI><a href="#[63]">&gt;&gt;</a>&nbsp;&nbsp;&nbsp;is_manual_peripheral_setup_needed
</UL>
<BR>[Address Reference Count : 1]<UL><LI> arm_startup_nrf51.o(.text)
</UL>
<P><STRONG><a name="[67]"></a>action_tx_stop</STRONG> (Thumb, 26 bytes, Stack size 16 bytes, app_uart.o(.text))
<BR><BR>[Stack]<UL><LI>Max Depth = 16<LI>Call Chain = action_tx_stop
</UL>
<BR>[Called By]<UL><LI><a href="#[64]">&gt;&gt;</a>&nbsp;&nbsp;&nbsp;on_uart_event
</UL>

<P><STRONG><a name="[d]"></a>UART0_IRQHandler</STRONG> (Thumb, 104 bytes, Stack size 32 bytes, app_uart.o(.text))
<BR><BR>[Stack]<UL><LI>Max Depth = 64<LI>Call Chain = UART0_IRQHandler &rArr; on_uart_event &rArr; action_tx_stop
</UL>
<BR>[Calls]<UL><LI><a href="#[64]">&gt;&gt;</a>&nbsp;&nbsp;&nbsp;on_uart_event
</UL>
<BR>[Address Reference Count : 1]<UL><LI> arm_startup_nrf51.o(RESET)
</UL>
<P><STRONG><a name="[69]"></a>app_uart_init</STRONG> (Thumb, 324 bytes, Stack size 48 bytes, app_uart.o(.text), UNUSED)
<BR><BR>[Calls]<UL><LI><a href="#[6c]">&gt;&gt;</a>&nbsp;&nbsp;&nbsp;nrf_drv_gpiote_out_init
<LI><a href="#[6a]">&gt;&gt;</a>&nbsp;&nbsp;&nbsp;nrf_drv_gpiote_is_init
<LI><a href="#[6b]">&gt;&gt;</a>&nbsp;&nbsp;&nbsp;nrf_drv_gpiote_init
<LI><a href="#[68]">&gt;&gt;</a>&nbsp;&nbsp;&nbsp;nrf_drv_gpiote_in_is_set
<LI><a href="#[6d]">&gt;&gt;</a>&nbsp;&nbsp;&nbsp;nrf_drv_gpiote_in_init
<LI><a href="#[6e]">&gt;&gt;</a>&nbsp;&nbsp;&nbsp;nrf_drv_gpiote_in_event_enable
<LI><a href="#[64]">&gt;&gt;</a>&nbsp;&nbsp;&nbsp;on_uart_event
</UL>

<P><STRONG><a name="[10d]"></a>app_uart_get</STRONG> (Thumb, 26 bytes, Stack size 8 bytes, app_uart.o(.text), UNUSED)

<P><STRONG><a name="[6f]"></a>app_uart_put</STRONG> (Thumb, 30 bytes, Stack size 8 bytes, app_uart.o(.text))
<BR><BR>[Stack]<UL><LI>Max Depth = 40<LI>Call Chain = app_uart_put &rArr; on_uart_event &rArr; action_tx_stop
</UL>
<BR>[Calls]<UL><LI><a href="#[64]">&gt;&gt;</a>&nbsp;&nbsp;&nbsp;on_uart_event
</UL>
<BR>[Called By]<UL><LI><a href="#[3a]">&gt;&gt;</a>&nbsp;&nbsp;&nbsp;send_tx_byte_esc
<LI><a href="#[35]">&gt;&gt;</a>&nbsp;&nbsp;&nbsp;send_tx_byte_encoded
<LI><a href="#[38]">&gt;&gt;</a>&nbsp;&nbsp;&nbsp;send_tx_byte_end
<LI><a href="#[34]">&gt;&gt;</a>&nbsp;&nbsp;&nbsp;send_tx_byte_default
</UL>

<P><STRONG><a name="[10e]"></a>app_uart_flush</STRONG> (Thumb, 4 bytes, Stack size 0 bytes, app_uart.o(.text), UNUSED)

<P><STRONG><a name="[10f]"></a>app_uart_get_connection_state</STRONG> (Thumb, 16 bytes, Stack size 0 bytes, app_uart.o(.text), UNUSED)

<P><STRONG><a name="[70]"></a>app_uart_close</STRONG> (Thumb, 32 bytes, Stack size 8 bytes, app_uart.o(.text))
<BR><BR>[Stack]<UL><LI>Max Depth = 40<LI>Call Chain = app_uart_close &rArr; on_uart_event &rArr; action_tx_stop
</UL>
<BR>[Calls]<UL><LI><a href="#[71]">&gt;&gt;</a>&nbsp;&nbsp;&nbsp;nrf_drv_gpiote_in_uninit
<LI><a href="#[64]">&gt;&gt;</a>&nbsp;&nbsp;&nbsp;on_uart_event
</UL>
<BR>[Called By]<UL><LI><a href="#[c9]">&gt;&gt;</a>&nbsp;&nbsp;&nbsp;hci_slip_close
</UL>

<P><STRONG><a name="[72]"></a>nrf_delay_ms</STRONG> (Thumb, 24 bytes, Stack size 16 bytes, nrf_delay.o(.text))
<BR><BR>[Stack]<UL><LI>Max Depth = 16<LI>Call Chain = nrf_delay_ms
</UL>
<BR>[Calls]<UL><LI><a href="#[51]">&gt;&gt;</a>&nbsp;&nbsp;&nbsp;__asm___11_nrf_delay_c_532987f3__nrf_delay_us
</UL>
<BR>[Called By]<UL><LI><a href="#[5c]">&gt;&gt;</a>&nbsp;&nbsp;&nbsp;bootloader_dfu_sd_update_continue
</UL>

<P><STRONG><a name="[74]"></a>nrf_drv_common_irq_enable</STRONG> (Thumb, 78 bytes, Stack size 8 bytes, nrf_drv_common.o(.text), UNUSED)
<BR><BR>[Called By]<UL><LI><a href="#[6b]">&gt;&gt;</a>&nbsp;&nbsp;&nbsp;nrf_drv_gpiote_init
</UL>

<P><STRONG><a name="[6b]"></a>nrf_drv_gpiote_init</STRONG> (Thumb, 74 bytes, Stack size 16 bytes, nrf_drv_gpiote.o(.text), UNUSED)
<BR><BR>[Calls]<UL><LI><a href="#[73]">&gt;&gt;</a>&nbsp;&nbsp;&nbsp;channel_free
<LI><a href="#[74]">&gt;&gt;</a>&nbsp;&nbsp;&nbsp;nrf_drv_common_irq_enable
</UL>
<BR>[Called By]<UL><LI><a href="#[69]">&gt;&gt;</a>&nbsp;&nbsp;&nbsp;app_uart_init
</UL>

<P><STRONG><a name="[6a]"></a>nrf_drv_gpiote_is_init</STRONG> (Thumb, 14 bytes, Stack size 0 bytes, nrf_drv_gpiote.o(.text), UNUSED)
<BR><BR>[Called By]<UL><LI><a href="#[69]">&gt;&gt;</a>&nbsp;&nbsp;&nbsp;app_uart_init
</UL>

<P><STRONG><a name="[75]"></a>nrf_drv_gpiote_in_event_disable</STRONG> (Thumb, 70 bytes, Stack size 8 bytes, nrf_drv_gpiote.o(.text))
<BR><BR>[Stack]<UL><LI>Max Depth = 8<LI>Call Chain = nrf_drv_gpiote_in_event_disable
</UL>
<BR>[Calls]<UL><LI><a href="#[78]">&gt;&gt;</a>&nbsp;&nbsp;&nbsp;channel_port_get
<LI><a href="#[76]">&gt;&gt;</a>&nbsp;&nbsp;&nbsp;pin_in_use_by_port
<LI><a href="#[77]">&gt;&gt;</a>&nbsp;&nbsp;&nbsp;pin_in_use_by_te
</UL>
<BR>[Called By]<UL><LI><a href="#[71]">&gt;&gt;</a>&nbsp;&nbsp;&nbsp;nrf_drv_gpiote_in_uninit
</UL>

<P><STRONG><a name="[71]"></a>nrf_drv_gpiote_in_uninit</STRONG> (Thumb, 68 bytes, Stack size 8 bytes, nrf_drv_gpiote.o(.text))
<BR><BR>[Stack]<UL><LI>Max Depth = 16<LI>Call Chain = nrf_drv_gpiote_in_uninit &rArr; nrf_drv_gpiote_in_event_disable
</UL>
<BR>[Calls]<UL><LI><a href="#[75]">&gt;&gt;</a>&nbsp;&nbsp;&nbsp;nrf_drv_gpiote_in_event_disable
<LI><a href="#[73]">&gt;&gt;</a>&nbsp;&nbsp;&nbsp;channel_free
<LI><a href="#[78]">&gt;&gt;</a>&nbsp;&nbsp;&nbsp;channel_port_get
<LI><a href="#[77]">&gt;&gt;</a>&nbsp;&nbsp;&nbsp;pin_in_use_by_te
</UL>
<BR>[Called By]<UL><LI><a href="#[7a]">&gt;&gt;</a>&nbsp;&nbsp;&nbsp;nrf_drv_gpiote_uninit
<LI><a href="#[70]">&gt;&gt;</a>&nbsp;&nbsp;&nbsp;app_uart_close
</UL>

<P><STRONG><a name="[79]"></a>nrf_drv_gpiote_out_uninit</STRONG> (Thumb, 40 bytes, Stack size 16 bytes, nrf_drv_gpiote.o(.text), UNUSED)
<BR><BR>[Calls]<UL><LI><a href="#[73]">&gt;&gt;</a>&nbsp;&nbsp;&nbsp;channel_free
<LI><a href="#[77]">&gt;&gt;</a>&nbsp;&nbsp;&nbsp;pin_in_use_by_te
</UL>
<BR>[Called By]<UL><LI><a href="#[7a]">&gt;&gt;</a>&nbsp;&nbsp;&nbsp;nrf_drv_gpiote_uninit
</UL>

<P><STRONG><a name="[7a]"></a>nrf_drv_gpiote_uninit</STRONG> (Thumb, 52 bytes, Stack size 16 bytes, nrf_drv_gpiote.o(.text), UNUSED)
<BR><BR>[Calls]<UL><LI><a href="#[79]">&gt;&gt;</a>&nbsp;&nbsp;&nbsp;nrf_drv_gpiote_out_uninit
<LI><a href="#[71]">&gt;&gt;</a>&nbsp;&nbsp;&nbsp;nrf_drv_gpiote_in_uninit
</UL>

<P><STRONG><a name="[6c]"></a>nrf_drv_gpiote_out_init</STRONG> (Thumb, 128 bytes, Stack size 24 bytes, nrf_drv_gpiote.o(.text), UNUSED)
<BR><BR>[Calls]<UL><LI><a href="#[7b]">&gt;&gt;</a>&nbsp;&nbsp;&nbsp;channel_port_alloc
</UL>
<BR>[Called By]<UL><LI><a href="#[69]">&gt;&gt;</a>&nbsp;&nbsp;&nbsp;app_uart_init
</UL>

<P><STRONG><a name="[110]"></a>nrf_drv_gpiote_out_set</STRONG> (Thumb, 10 bytes, Stack size 0 bytes, nrf_drv_gpiote.o(.text), UNUSED)

<P><STRONG><a name="[111]"></a>nrf_drv_gpiote_out_clear</STRONG> (Thumb, 10 bytes, Stack size 0 bytes, nrf_drv_gpiote.o(.text), UNUSED)

<P><STRONG><a name="[112]"></a>nrf_drv_gpiote_out_toggle</STRONG> (Thumb, 24 bytes, Stack size 0 bytes, nrf_drv_gpiote.o(.text), UNUSED)

<P><STRONG><a name="[113]"></a>nrf_drv_gpiote_out_task_enable</STRONG> (Thumb, 38 bytes, Stack size 0 bytes, nrf_drv_gpiote.o(.text), UNUSED)

<P><STRONG><a name="[114]"></a>nrf_drv_gpiote_out_task_disable</STRONG> (Thumb, 24 bytes, Stack size 0 bytes, nrf_drv_gpiote.o(.text), UNUSED)

<P><STRONG><a name="[7c]"></a>nrf_drv_gpiote_out_task_addr_get</STRONG> (Thumb, 16 bytes, Stack size 8 bytes, nrf_drv_gpiote.o(.text), UNUSED)
<BR><BR>[Calls]<UL><LI><a href="#[78]">&gt;&gt;</a>&nbsp;&nbsp;&nbsp;channel_port_get
</UL>

<P><STRONG><a name="[115]"></a>nrf_drv_gpiote_out_task_force</STRONG> (Thumb, 40 bytes, Stack size 0 bytes, nrf_drv_gpiote.o(.text), UNUSED)

<P><STRONG><a name="[7d]"></a>nrf_drv_gpiote_out_task_trigger</STRONG> (Thumb, 20 bytes, Stack size 8 bytes, nrf_drv_gpiote.o(.text), UNUSED)
<BR><BR>[Calls]<UL><LI><a href="#[78]">&gt;&gt;</a>&nbsp;&nbsp;&nbsp;channel_port_get
</UL>

<P><STRONG><a name="[6d]"></a>nrf_drv_gpiote_in_init</STRONG> (Thumb, 130 bytes, Stack size 24 bytes, nrf_drv_gpiote.o(.text), UNUSED)
<BR><BR>[Calls]<UL><LI><a href="#[7b]">&gt;&gt;</a>&nbsp;&nbsp;&nbsp;channel_port_alloc
</UL>
<BR>[Called By]<UL><LI><a href="#[69]">&gt;&gt;</a>&nbsp;&nbsp;&nbsp;app_uart_init
</UL>

<P><STRONG><a name="[6e]"></a>nrf_drv_gpiote_in_event_enable</STRONG> (Thumb, 138 bytes, Stack size 32 bytes, nrf_drv_gpiote.o(.text), UNUSED)
<BR><BR>[Calls]<UL><LI><a href="#[78]">&gt;&gt;</a>&nbsp;&nbsp;&nbsp;channel_port_get
<LI><a href="#[76]">&gt;&gt;</a>&nbsp;&nbsp;&nbsp;pin_in_use_by_port
<LI><a href="#[77]">&gt;&gt;</a>&nbsp;&nbsp;&nbsp;pin_in_use_by_te
<LI><a href="#[7e]">&gt;&gt;</a>&nbsp;&nbsp;&nbsp;nrf_gpio_cfg_sense_set
</UL>
<BR>[Called By]<UL><LI><a href="#[69]">&gt;&gt;</a>&nbsp;&nbsp;&nbsp;app_uart_init
</UL>

<P><STRONG><a name="[68]"></a>nrf_drv_gpiote_in_is_set</STRONG> (Thumb, 50 bytes, Stack size 0 bytes, nrf_drv_gpiote.o(.text))
<BR><BR>[Called By]<UL><LI><a href="#[69]">&gt;&gt;</a>&nbsp;&nbsp;&nbsp;app_uart_init
<LI><a href="#[29]">&gt;&gt;</a>&nbsp;&nbsp;&nbsp;gpiote_uart_event_handler
</UL>

<P><STRONG><a name="[7f]"></a>nrf_drv_gpiote_in_event_addr_get</STRONG> (Thumb, 20 bytes, Stack size 8 bytes, nrf_drv_gpiote.o(.text), UNUSED)
<BR><BR>[Calls]<UL><LI><a href="#[78]">&gt;&gt;</a>&nbsp;&nbsp;&nbsp;channel_port_get
</UL>

<P><STRONG><a name="[10]"></a>GPIOTE_IRQHandler</STRONG> (Thumb, 226 bytes, Stack size 24 bytes, nrf_drv_gpiote.o(.text))
<BR><BR>[Stack]<UL><LI>Max Depth = 24<LI>Call Chain = GPIOTE_IRQHandler
</UL>
<BR>[Calls]<UL><LI><a href="#[78]">&gt;&gt;</a>&nbsp;&nbsp;&nbsp;channel_port_get
<LI><a href="#[80]">&gt;&gt;</a>&nbsp;&nbsp;&nbsp;nrf_gpiote_event_is_set
<LI><a href="#[7e]">&gt;&gt;</a>&nbsp;&nbsp;&nbsp;nrf_gpio_cfg_sense_set
</UL>
<BR>[Address Reference Count : 1]<UL><LI> arm_startup_nrf51.o(RESET)
</UL>
<P><STRONG><a name="[55]"></a>pstorage_sys_event_handler</STRONG> (Thumb, 142 bytes, Stack size 24 bytes, pstorage_raw.o(.text))
<BR><BR>[Stack]<UL><LI>Max Depth = 40<LI>Call Chain = pstorage_sys_event_handler &rArr; app_notify
</UL>
<BR>[Calls]<UL><LI><a href="#[84]">&gt;&gt;</a>&nbsp;&nbsp;&nbsp;app_notify
<LI><a href="#[81]">&gt;&gt;</a>&nbsp;&nbsp;&nbsp;cmd_process
<LI><a href="#[85]">&gt;&gt;</a>&nbsp;&nbsp;&nbsp;cmd_queue_element_init
</UL>
<BR>[Called By]<UL><LI><a href="#[25]">&gt;&gt;</a>&nbsp;&nbsp;&nbsp;sys_evt_dispatch
</UL>

<P><STRONG><a name="[86]"></a>pstorage_init</STRONG> (Thumb, 54 bytes, Stack size 16 bytes, pstorage_raw.o(.text))
<BR><BR>[Stack]<UL><LI>Max Depth = 16<LI>Call Chain = pstorage_init
</UL>
<BR>[Calls]<UL><LI><a href="#[85]">&gt;&gt;</a>&nbsp;&nbsp;&nbsp;cmd_queue_element_init
</UL>
<BR>[Called By]<UL><LI><a href="#[5a]">&gt;&gt;</a>&nbsp;&nbsp;&nbsp;bootloader_init
</UL>

<P><STRONG><a name="[a4]"></a>pstorage_register</STRONG> (Thumb, 34 bytes, Stack size 8 bytes, pstorage_raw.o(.text))
<BR><BR>[Stack]<UL><LI>Max Depth = 8<LI>Call Chain = pstorage_register
</UL>
<BR>[Called By]<UL><LI><a href="#[a5]">&gt;&gt;</a>&nbsp;&nbsp;&nbsp;dfu_init
<LI><a href="#[5a]">&gt;&gt;</a>&nbsp;&nbsp;&nbsp;bootloader_init
</UL>

<P><STRONG><a name="[116]"></a>pstorage_block_identifier_get</STRONG> (Thumb, 4 bytes, Stack size 0 bytes, pstorage_raw.o(.text), UNUSED)

<P><STRONG><a name="[87]"></a>pstorage_store</STRONG> (Thumb, 50 bytes, Stack size 24 bytes, pstorage_raw.o(.text))
<BR><BR>[Stack]<UL><LI>Max Depth = 64<LI>Call Chain = pstorage_store &rArr; cmd_queue_enqueue &rArr; cmd_process
</UL>
<BR>[Calls]<UL><LI><a href="#[88]">&gt;&gt;</a>&nbsp;&nbsp;&nbsp;is_word_aligned
<LI><a href="#[83]">&gt;&gt;</a>&nbsp;&nbsp;&nbsp;cmd_queue_enqueue
</UL>
<BR>[Called By]<UL><LI><a href="#[a1]">&gt;&gt;</a>&nbsp;&nbsp;&nbsp;bootloader_settings_save
<LI><a href="#[b7]">&gt;&gt;</a>&nbsp;&nbsp;&nbsp;dfu_data_pkt_handle
</UL>

<P><STRONG><a name="[89]"></a>pstorage_clear</STRONG> (Thumb, 18 bytes, Stack size 8 bytes, pstorage_raw.o(.text))
<BR><BR>[Stack]<UL><LI>Max Depth = 48<LI>Call Chain = pstorage_clear &rArr; cmd_queue_enqueue &rArr; cmd_process
</UL>
<BR>[Calls]<UL><LI><a href="#[83]">&gt;&gt;</a>&nbsp;&nbsp;&nbsp;cmd_queue_enqueue
</UL>
<BR>[Called By]<UL><LI><a href="#[a1]">&gt;&gt;</a>&nbsp;&nbsp;&nbsp;bootloader_settings_save
<LI><a href="#[2c]">&gt;&gt;</a>&nbsp;&nbsp;&nbsp;dfu_prepare_func_app_erase
</UL>

<P><STRONG><a name="[54]"></a>app_error_handler</STRONG> (Thumb, 16 bytes, Stack size 0 bytes, app_error.o(.text))
<BR><BR>[Called By]<UL><LI><a href="#[a6]">&gt;&gt;</a>&nbsp;&nbsp;&nbsp;dfu_transport_update_start
<LI><a href="#[a5]">&gt;&gt;</a>&nbsp;&nbsp;&nbsp;dfu_init
<LI><a href="#[a2]">&gt;&gt;</a>&nbsp;&nbsp;&nbsp;bootloader_dfu_update_process
<LI><a href="#[a1]">&gt;&gt;</a>&nbsp;&nbsp;&nbsp;bootloader_settings_save
<LI><a href="#[9e]">&gt;&gt;</a>&nbsp;&nbsp;&nbsp;wait_for_events
<LI><a href="#[3f]">&gt;&gt;</a>&nbsp;&nbsp;&nbsp;pstorage_callback_handler
<LI><a href="#[2a]">&gt;&gt;</a>&nbsp;&nbsp;&nbsp;app_timer_evt_get
<LI><a href="#[8f]">&gt;&gt;</a>&nbsp;&nbsp;&nbsp;timer_timeouts_check
<LI><a href="#[8a]">&gt;&gt;</a>&nbsp;&nbsp;&nbsp;app_sched_event_put
<LI><a href="#[5c]">&gt;&gt;</a>&nbsp;&nbsp;&nbsp;bootloader_dfu_sd_update_continue
<LI><a href="#[61]">&gt;&gt;</a>&nbsp;&nbsp;&nbsp;bootloader_app_start
<LI><a href="#[4b]">&gt;&gt;</a>&nbsp;&nbsp;&nbsp;main
<LI><a href="#[53]">&gt;&gt;</a>&nbsp;&nbsp;&nbsp;assert_nrf_callback
<LI><a href="#[5d]">&gt;&gt;</a>&nbsp;&nbsp;&nbsp;scheduler_init
<LI><a href="#[56]">&gt;&gt;</a>&nbsp;&nbsp;&nbsp;ble_stack_init
<LI><a href="#[3e]">&gt;&gt;</a>&nbsp;&nbsp;&nbsp;softdevice_evt_get
<LI><a href="#[20]">&gt;&gt;</a>&nbsp;&nbsp;&nbsp;SWI2_IRQHandler
<LI><a href="#[e1]">&gt;&gt;</a>&nbsp;&nbsp;&nbsp;intern_softdevice_events_execute
<LI><a href="#[d5]">&gt;&gt;</a>&nbsp;&nbsp;&nbsp;hci_transport_tx_done_register
<LI><a href="#[3b]">&gt;&gt;</a>&nbsp;&nbsp;&nbsp;slip_event_handle
<LI><a href="#[d2]">&gt;&gt;</a>&nbsp;&nbsp;&nbsp;tx_sm_event_handle
<LI><a href="#[ce]">&gt;&gt;</a>&nbsp;&nbsp;&nbsp;rx_vendor_specific_pkt_type_handle
<LI><a href="#[c6]">&gt;&gt;</a>&nbsp;&nbsp;&nbsp;hci_transport_evt_handler_reg
<LI><a href="#[c7]">&gt;&gt;</a>&nbsp;&nbsp;&nbsp;hci_transport_close
<LI><a href="#[33]">&gt;&gt;</a>&nbsp;&nbsp;&nbsp;rpc_transport_event_handler
<LI><a href="#[31]">&gt;&gt;</a>&nbsp;&nbsp;&nbsp;process_dfu_packet
<LI><a href="#[32]">&gt;&gt;</a>&nbsp;&nbsp;&nbsp;dfu_cb_handler
<LI><a href="#[c0]">&gt;&gt;</a>&nbsp;&nbsp;&nbsp;data_queue_element_free
<LI><a href="#[bb]">&gt;&gt;</a>&nbsp;&nbsp;&nbsp;dfu_image_activate
<LI><a href="#[2c]">&gt;&gt;</a>&nbsp;&nbsp;&nbsp;dfu_prepare_func_app_erase
<LI><a href="#[b3]">&gt;&gt;</a>&nbsp;&nbsp;&nbsp;dfu_timer_restart
<LI><a href="#[40]">&gt;&gt;</a>&nbsp;&nbsp;&nbsp;pstorage_callback_handler
</UL>

<P><STRONG><a name="[62]"></a>app_sched_init</STRONG> (Thumb, 40 bytes, Stack size 12 bytes, app_scheduler.o(.text))
<BR><BR>[Stack]<UL><LI>Max Depth = 12<LI>Call Chain = app_sched_init
</UL>
<BR>[Called By]<UL><LI><a href="#[5d]">&gt;&gt;</a>&nbsp;&nbsp;&nbsp;scheduler_init
</UL>

<P><STRONG><a name="[8a]"></a>app_sched_event_put</STRONG> (Thumb, 240 bytes, Stack size 40 bytes, app_scheduler.o(.text))
<BR><BR>[Stack]<UL><LI>Max Depth = 64<LI>Call Chain = app_sched_event_put &rArr; __aeabi_memcpy
</UL>
<BR>[Calls]<UL><LI><a href="#[54]">&gt;&gt;</a>&nbsp;&nbsp;&nbsp;app_error_handler
<LI><a href="#[8b]">&gt;&gt;</a>&nbsp;&nbsp;&nbsp;__aeabi_memcpy
</UL>
<BR>[Called By]<UL><LI><a href="#[24]">&gt;&gt;</a>&nbsp;&nbsp;&nbsp;softdevice_evt_schedule
<LI><a href="#[26]">&gt;&gt;</a>&nbsp;&nbsp;&nbsp;app_timer_evt_schedule
<LI><a href="#[33]">&gt;&gt;</a>&nbsp;&nbsp;&nbsp;rpc_transport_event_handler
</UL>

<P><STRONG><a name="[8c]"></a>app_sched_execute</STRONG> (Thumb, 30 bytes, Stack size 16 bytes, app_scheduler.o(.text))
<BR><BR>[Stack]<UL><LI>Max Depth = 32<LI>Call Chain = app_sched_execute &rArr; app_sched_event_get
</UL>
<BR>[Calls]<UL><LI><a href="#[8d]">&gt;&gt;</a>&nbsp;&nbsp;&nbsp;app_sched_event_get
</UL>
<BR>[Called By]<UL><LI><a href="#[9e]">&gt;&gt;</a>&nbsp;&nbsp;&nbsp;wait_for_events
</UL>

<P><STRONG><a name="[1b]"></a>RTC1_IRQHandler</STRONG> (Thumb, 22 bytes, Stack size 0 bytes, app_timer.o(.text))
<BR><BR>[Stack]<UL><LI>Max Depth = 24<LI>Call Chain = RTC1_IRQHandler &rArr; timer_timeouts_check
</UL>
<BR>[Calls]<UL><LI><a href="#[8f]">&gt;&gt;</a>&nbsp;&nbsp;&nbsp;timer_timeouts_check
</UL>
<BR>[Address Reference Count : 1]<UL><LI> arm_startup_nrf51.o(RESET)
</UL>
<P><STRONG><a name="[1e]"></a>SWI0_IRQHandler</STRONG> (Thumb, 78 bytes, Stack size 32 bytes, app_timer.o(.text))
<BR><BR>[Stack]<UL><LI>Max Depth = 76<LI>Call Chain = SWI0_IRQHandler &rArr; list_insertions_handler &rArr; timer_list_insert
</UL>
<BR>[Calls]<UL><LI><a href="#[96]">&gt;&gt;</a>&nbsp;&nbsp;&nbsp;compare_reg_update
<LI><a href="#[95]">&gt;&gt;</a>&nbsp;&nbsp;&nbsp;expired_timers_handler
<LI><a href="#[94]">&gt;&gt;</a>&nbsp;&nbsp;&nbsp;list_deletions_handler
<LI><a href="#[93]">&gt;&gt;</a>&nbsp;&nbsp;&nbsp;elapsed_ticks_acquire
<LI><a href="#[91]">&gt;&gt;</a>&nbsp;&nbsp;&nbsp;list_insertions_handler
</UL>
<BR>[Address Reference Count : 1]<UL><LI> arm_startup_nrf51.o(RESET)
</UL>
<P><STRONG><a name="[59]"></a>app_timer_init</STRONG> (Thumb, 166 bytes, Stack size 40 bytes, app_timer.o(.text))
<BR><BR>[Stack]<UL><LI>Max Depth = 56<LI>Call Chain = app_timer_init &rArr; rtc1_stop
</UL>
<BR>[Calls]<UL><LI><a href="#[8e]">&gt;&gt;</a>&nbsp;&nbsp;&nbsp;rtc1_stop
<LI><a href="#[97]">&gt;&gt;</a>&nbsp;&nbsp;&nbsp;NVIC_SetPriority
</UL>
<BR>[Called By]<UL><LI><a href="#[4b]">&gt;&gt;</a>&nbsp;&nbsp;&nbsp;main
</UL>

<P><STRONG><a name="[b5]"></a>app_timer_create</STRONG> (Thumb, 72 bytes, Stack size 16 bytes, app_timer.o(.text))
<BR><BR>[Stack]<UL><LI>Max Depth = 16<LI>Call Chain = app_timer_create
</UL>
<BR>[Called By]<UL><LI><a href="#[a5]">&gt;&gt;</a>&nbsp;&nbsp;&nbsp;dfu_init
<LI><a href="#[c5]">&gt;&gt;</a>&nbsp;&nbsp;&nbsp;hci_transport_open
</UL>

<P><STRONG><a name="[98]"></a>app_timer_start</STRONG> (Thumb, 122 bytes, Stack size 32 bytes, app_timer.o(.text))
<BR><BR>[Stack]<UL><LI>Max Depth = 32<LI>Call Chain = app_timer_start
</UL>
<BR>[Calls]<UL><LI><a href="#[9a]">&gt;&gt;</a>&nbsp;&nbsp;&nbsp;user_op_alloc
<LI><a href="#[90]">&gt;&gt;</a>&nbsp;&nbsp;&nbsp;timer_list_handler_sched
<LI><a href="#[99]">&gt;&gt;</a>&nbsp;&nbsp;&nbsp;user_id_get
</UL>
<BR>[Called By]<UL><LI><a href="#[a5]">&gt;&gt;</a>&nbsp;&nbsp;&nbsp;dfu_init
<LI><a href="#[d2]">&gt;&gt;</a>&nbsp;&nbsp;&nbsp;tx_sm_event_handle
<LI><a href="#[b3]">&gt;&gt;</a>&nbsp;&nbsp;&nbsp;dfu_timer_restart
</UL>

<P><STRONG><a name="[9b]"></a>app_timer_stop</STRONG> (Thumb, 82 bytes, Stack size 24 bytes, app_timer.o(.text))
<BR><BR>[Stack]<UL><LI>Max Depth = 24<LI>Call Chain = app_timer_stop
</UL>
<BR>[Calls]<UL><LI><a href="#[9a]">&gt;&gt;</a>&nbsp;&nbsp;&nbsp;user_op_alloc
<LI><a href="#[90]">&gt;&gt;</a>&nbsp;&nbsp;&nbsp;timer_list_handler_sched
<LI><a href="#[99]">&gt;&gt;</a>&nbsp;&nbsp;&nbsp;user_id_get
</UL>
<BR>[Called By]<UL><LI><a href="#[d2]">&gt;&gt;</a>&nbsp;&nbsp;&nbsp;tx_sm_event_handle
<LI><a href="#[c7]">&gt;&gt;</a>&nbsp;&nbsp;&nbsp;hci_transport_close
<LI><a href="#[bb]">&gt;&gt;</a>&nbsp;&nbsp;&nbsp;dfu_image_activate
<LI><a href="#[b3]">&gt;&gt;</a>&nbsp;&nbsp;&nbsp;dfu_timer_restart
</UL>

<P><STRONG><a name="[9c]"></a>app_timer_stop_all</STRONG> (Thumb, 62 bytes, Stack size 16 bytes, app_timer.o(.text), UNUSED)
<BR><BR>[Calls]<UL><LI><a href="#[9a]">&gt;&gt;</a>&nbsp;&nbsp;&nbsp;user_op_alloc
<LI><a href="#[90]">&gt;&gt;</a>&nbsp;&nbsp;&nbsp;timer_list_handler_sched
<LI><a href="#[99]">&gt;&gt;</a>&nbsp;&nbsp;&nbsp;user_id_get
</UL>

<P><STRONG><a name="[117]"></a>app_timer_cnt_get</STRONG> (Thumb, 10 bytes, Stack size 0 bytes, app_timer.o(.text), UNUSED)

<P><STRONG><a name="[118]"></a>app_timer_cnt_diff_compute</STRONG> (Thumb, 12 bytes, Stack size 0 bytes, app_timer.o(.text), UNUSED)

<P><STRONG><a name="[26]"></a>app_timer_evt_schedule</STRONG> (Thumb, 18 bytes, Stack size 16 bytes, app_timer_appsh.o(.text))
<BR><BR>[Stack]<UL><LI>Max Depth = 80<LI>Call Chain = app_timer_evt_schedule &rArr; app_sched_event_put &rArr; __aeabi_memcpy
</UL>
<BR>[Calls]<UL><LI><a href="#[8a]">&gt;&gt;</a>&nbsp;&nbsp;&nbsp;app_sched_event_put
</UL>
<BR>[Address Reference Count : 1]<UL><LI> main.o(.text)
</UL>
<P><STRONG><a name="[5f]"></a>bootloader_app_is_valid</STRONG> (Thumb, 62 bytes, Stack size 16 bytes, bootloader.o(.text))
<BR><BR>[Stack]<UL><LI>Max Depth = 40<LI>Call Chain = bootloader_app_is_valid &rArr; bootloader_util_settings_get &rArr; uint32_decode
</UL>
<BR>[Calls]<UL><LI><a href="#[a0]">&gt;&gt;</a>&nbsp;&nbsp;&nbsp;crc16_compute
<LI><a href="#[9f]">&gt;&gt;</a>&nbsp;&nbsp;&nbsp;bootloader_util_settings_get
</UL>
<BR>[Called By]<UL><LI><a href="#[4b]">&gt;&gt;</a>&nbsp;&nbsp;&nbsp;main
</UL>

<P><STRONG><a name="[a2]"></a>bootloader_dfu_update_process</STRONG> (Thumb, 222 bytes, Stack size 40 bytes, bootloader.o(.text))
<BR><BR>[Stack]<UL><LI>Max Depth = 112<LI>Call Chain = bootloader_dfu_update_process &rArr; bootloader_settings_save &rArr; pstorage_store &rArr; cmd_queue_enqueue &rArr; cmd_process
</UL>
<BR>[Calls]<UL><LI><a href="#[a3]">&gt;&gt;</a>&nbsp;&nbsp;&nbsp;dfu_transport_close
<LI><a href="#[9f]">&gt;&gt;</a>&nbsp;&nbsp;&nbsp;bootloader_util_settings_get
<LI><a href="#[a1]">&gt;&gt;</a>&nbsp;&nbsp;&nbsp;bootloader_settings_save
<LI><a href="#[54]">&gt;&gt;</a>&nbsp;&nbsp;&nbsp;app_error_handler
</UL>
<BR>[Called By]<UL><LI><a href="#[5e]">&gt;&gt;</a>&nbsp;&nbsp;&nbsp;bootloader_dfu_sd_update_finalize
<LI><a href="#[bc]">&gt;&gt;</a>&nbsp;&nbsp;&nbsp;dfu_reset
<LI><a href="#[2f]">&gt;&gt;</a>&nbsp;&nbsp;&nbsp;dfu_activate_bl
<LI><a href="#[30]">&gt;&gt;</a>&nbsp;&nbsp;&nbsp;dfu_activate_app
<LI><a href="#[2e]">&gt;&gt;</a>&nbsp;&nbsp;&nbsp;dfu_activate_sd
<LI><a href="#[2d]">&gt;&gt;</a>&nbsp;&nbsp;&nbsp;dfu_cleared_func_app
<LI><a href="#[2b]">&gt;&gt;</a>&nbsp;&nbsp;&nbsp;dfu_timeout_handler
</UL>

<P><STRONG><a name="[5a]"></a>bootloader_init</STRONG> (Thumb, 36 bytes, Stack size 16 bytes, bootloader.o(.text))
<BR><BR>[Stack]<UL><LI>Max Depth = 32<LI>Call Chain = bootloader_init &rArr; pstorage_init
</UL>
<BR>[Calls]<UL><LI><a href="#[a4]">&gt;&gt;</a>&nbsp;&nbsp;&nbsp;pstorage_register
<LI><a href="#[86]">&gt;&gt;</a>&nbsp;&nbsp;&nbsp;pstorage_init
</UL>
<BR>[Called By]<UL><LI><a href="#[4b]">&gt;&gt;</a>&nbsp;&nbsp;&nbsp;main
</UL>

<P><STRONG><a name="[60]"></a>bootloader_dfu_start</STRONG> (Thumb, 24 bytes, Stack size 8 bytes, bootloader.o(.text))
<BR><BR>[Stack]<UL><LI>Max Depth = 64<LI>Call Chain = bootloader_dfu_start &rArr; dfu_init &rArr; app_timer_start
</UL>
<BR>[Calls]<UL><LI><a href="#[a6]">&gt;&gt;</a>&nbsp;&nbsp;&nbsp;dfu_transport_update_start
<LI><a href="#[a5]">&gt;&gt;</a>&nbsp;&nbsp;&nbsp;dfu_init
<LI><a href="#[9e]">&gt;&gt;</a>&nbsp;&nbsp;&nbsp;wait_for_events
</UL>
<BR>[Called By]<UL><LI><a href="#[4b]">&gt;&gt;</a>&nbsp;&nbsp;&nbsp;main
</UL>

<P><STRONG><a name="[61]"></a>bootloader_app_start</STRONG> (Thumb, 80 bytes, Stack size 16 bytes, bootloader.o(.text))
<BR><BR>[Stack]<UL><LI>Max Depth = 24<LI>Call Chain = bootloader_app_start &rArr; bootloader_util_app_start
</UL>
<BR>[Calls]<UL><LI><a href="#[a7]">&gt;&gt;</a>&nbsp;&nbsp;&nbsp;bootloader_util_app_start
<LI><a href="#[54]">&gt;&gt;</a>&nbsp;&nbsp;&nbsp;app_error_handler
</UL>
<BR>[Called By]<UL><LI><a href="#[4b]">&gt;&gt;</a>&nbsp;&nbsp;&nbsp;main
</UL>

<P><STRONG><a name="[5b]"></a>bootloader_dfu_sd_in_progress</STRONG> (Thumb, 30 bytes, Stack size 8 bytes, bootloader.o(.text))
<BR><BR>[Stack]<UL><LI>Max Depth = 32<LI>Call Chain = bootloader_dfu_sd_in_progress &rArr; bootloader_util_settings_get &rArr; uint32_decode
</UL>
<BR>[Calls]<UL><LI><a href="#[9f]">&gt;&gt;</a>&nbsp;&nbsp;&nbsp;bootloader_util_settings_get
</UL>
<BR>[Called By]<UL><LI><a href="#[4b]">&gt;&gt;</a>&nbsp;&nbsp;&nbsp;main
</UL>

<P><STRONG><a name="[5c]"></a>bootloader_dfu_sd_update_continue</STRONG> (Thumb, 76 bytes, Stack size 8 bytes, bootloader.o(.text))
<BR><BR>[Stack]<UL><LI>Max Depth = 128<LI>Call Chain = bootloader_dfu_sd_update_continue &rArr; dfu_sd_image_validate &rArr; dfu_sd_img_block_swap &rArr;  dfu_sd_img_block_swap (Cycle)
</UL>
<BR>[Calls]<UL><LI><a href="#[a8]">&gt;&gt;</a>&nbsp;&nbsp;&nbsp;dfu_sd_image_validate
<LI><a href="#[aa]">&gt;&gt;</a>&nbsp;&nbsp;&nbsp;dfu_sd_image_swap
<LI><a href="#[a9]">&gt;&gt;</a>&nbsp;&nbsp;&nbsp;dfu_bl_image_validate
<LI><a href="#[ab]">&gt;&gt;</a>&nbsp;&nbsp;&nbsp;dfu_bl_image_swap
<LI><a href="#[72]">&gt;&gt;</a>&nbsp;&nbsp;&nbsp;nrf_delay_ms
<LI><a href="#[54]">&gt;&gt;</a>&nbsp;&nbsp;&nbsp;app_error_handler
</UL>
<BR>[Called By]<UL><LI><a href="#[4b]">&gt;&gt;</a>&nbsp;&nbsp;&nbsp;main
</UL>

<P><STRONG><a name="[5e]"></a>bootloader_dfu_sd_update_finalize</STRONG> (Thumb, 38 bytes, Stack size 32 bytes, bootloader.o(.text))
<BR><BR>[Stack]<UL><LI>Max Depth = 144<LI>Call Chain = bootloader_dfu_sd_update_finalize &rArr; bootloader_dfu_update_process &rArr; bootloader_settings_save &rArr; pstorage_store &rArr; cmd_queue_enqueue &rArr; cmd_process
</UL>
<BR>[Calls]<UL><LI><a href="#[a2]">&gt;&gt;</a>&nbsp;&nbsp;&nbsp;bootloader_dfu_update_process
<LI><a href="#[9e]">&gt;&gt;</a>&nbsp;&nbsp;&nbsp;wait_for_events
<LI><a href="#[ac]">&gt;&gt;</a>&nbsp;&nbsp;&nbsp;__aeabi_memcpy4
</UL>
<BR>[Called By]<UL><LI><a href="#[4b]">&gt;&gt;</a>&nbsp;&nbsp;&nbsp;main
</UL>

<P><STRONG><a name="[ad]"></a>bootloader_settings_get</STRONG> (Thumb, 46 bytes, Stack size 16 bytes, bootloader.o(.text))
<BR><BR>[Stack]<UL><LI>Max Depth = 40<LI>Call Chain = bootloader_settings_get &rArr; bootloader_util_settings_get &rArr; uint32_decode
</UL>
<BR>[Calls]<UL><LI><a href="#[9f]">&gt;&gt;</a>&nbsp;&nbsp;&nbsp;bootloader_util_settings_get
</UL>
<BR>[Called By]<UL><LI><a href="#[a8]">&gt;&gt;</a>&nbsp;&nbsp;&nbsp;dfu_sd_image_validate
<LI><a href="#[aa]">&gt;&gt;</a>&nbsp;&nbsp;&nbsp;dfu_sd_image_swap
<LI><a href="#[a9]">&gt;&gt;</a>&nbsp;&nbsp;&nbsp;dfu_bl_image_validate
<LI><a href="#[ab]">&gt;&gt;</a>&nbsp;&nbsp;&nbsp;dfu_bl_image_swap
</UL>

<P><STRONG><a name="[9f]"></a>bootloader_util_settings_get</STRONG> (Thumb, 92 bytes, Stack size 16 bytes, bootloader_settings.o(.text))
<BR><BR>[Stack]<UL><LI>Max Depth = 24<LI>Call Chain = bootloader_util_settings_get &rArr; uint32_decode
</UL>
<BR>[Calls]<UL><LI><a href="#[ae]">&gt;&gt;</a>&nbsp;&nbsp;&nbsp;uint32_decode
</UL>
<BR>[Called By]<UL><LI><a href="#[ad]">&gt;&gt;</a>&nbsp;&nbsp;&nbsp;bootloader_settings_get
<LI><a href="#[a2]">&gt;&gt;</a>&nbsp;&nbsp;&nbsp;bootloader_dfu_update_process
<LI><a href="#[5b]">&gt;&gt;</a>&nbsp;&nbsp;&nbsp;bootloader_dfu_sd_in_progress
<LI><a href="#[5f]">&gt;&gt;</a>&nbsp;&nbsp;&nbsp;bootloader_app_is_valid
</UL>

<P><STRONG><a name="[a7]"></a>bootloader_util_app_start</STRONG> (Thumb, 8 bytes, Stack size 8 bytes, bootloader_util.o(.text))
<BR><BR>[Stack]<UL><LI>Max Depth = 8<LI>Call Chain = bootloader_util_app_start
</UL>
<BR>[Calls]<UL><LI><a href="#[b0]">&gt;&gt;</a>&nbsp;&nbsp;&nbsp;__asm___17_bootloader_util_c_c13d365c__bootloader_util_reset
</UL>
<BR>[Called By]<UL><LI><a href="#[61]">&gt;&gt;</a>&nbsp;&nbsp;&nbsp;bootloader_app_start
</UL>

<P><STRONG><a name="[a0]"></a>crc16_compute</STRONG> (Thumb, 54 bytes, Stack size 8 bytes, crc16.o(.text))
<BR><BR>[Stack]<UL><LI>Max Depth = 8<LI>Call Chain = crc16_compute
</UL>
<BR>[Called By]<UL><LI><a href="#[5f]">&gt;&gt;</a>&nbsp;&nbsp;&nbsp;bootloader_app_is_valid
<LI><a href="#[dd]">&gt;&gt;</a>&nbsp;&nbsp;&nbsp;pkt_write_handle
<LI><a href="#[ce]">&gt;&gt;</a>&nbsp;&nbsp;&nbsp;rx_vendor_specific_pkt_type_handle
<LI><a href="#[b2]">&gt;&gt;</a>&nbsp;&nbsp;&nbsp;dfu_init_postvalidate
</UL>

<P><STRONG><a name="[b1]"></a>dfu_init_prevalidate</STRONG> (Thumb, 118 bytes, Stack size 16 bytes, dfu_init_template.o(.text))
<BR><BR>[Stack]<UL><LI>Max Depth = 40<LI>Call Chain = dfu_init_prevalidate &rArr; __aeabi_memcpy
</UL>
<BR>[Calls]<UL><LI><a href="#[8b]">&gt;&gt;</a>&nbsp;&nbsp;&nbsp;__aeabi_memcpy
</UL>
<BR>[Called By]<UL><LI><a href="#[b8]">&gt;&gt;</a>&nbsp;&nbsp;&nbsp;dfu_init_pkt_complete
</UL>

<P><STRONG><a name="[b2]"></a>dfu_init_postvalidate</STRONG> (Thumb, 30 bytes, Stack size 8 bytes, dfu_init_template.o(.text))
<BR><BR>[Stack]<UL><LI>Max Depth = 16<LI>Call Chain = dfu_init_postvalidate &rArr; crc16_compute
</UL>
<BR>[Calls]<UL><LI><a href="#[a0]">&gt;&gt;</a>&nbsp;&nbsp;&nbsp;crc16_compute
</UL>
<BR>[Called By]<UL><LI><a href="#[ba]">&gt;&gt;</a>&nbsp;&nbsp;&nbsp;dfu_image_validate
</UL>

<P><STRONG><a name="[119]"></a>offset_calculate</STRONG> (Thumb, 38 bytes, Stack size 0 bytes, dfu_single_bank.o(.text), UNUSED)

<P><STRONG><a name="[a5]"></a>dfu_init</STRONG> (Thumb, 108 bytes, Stack size 24 bytes, dfu_single_bank.o(.text))
<BR><BR>[Stack]<UL><LI>Max Depth = 56<LI>Call Chain = dfu_init &rArr; app_timer_start
</UL>
<BR>[Calls]<UL><LI><a href="#[a4]">&gt;&gt;</a>&nbsp;&nbsp;&nbsp;pstorage_register
<LI><a href="#[98]">&gt;&gt;</a>&nbsp;&nbsp;&nbsp;app_timer_start
<LI><a href="#[b5]">&gt;&gt;</a>&nbsp;&nbsp;&nbsp;app_timer_create
<LI><a href="#[54]">&gt;&gt;</a>&nbsp;&nbsp;&nbsp;app_error_handler
</UL>
<BR>[Called By]<UL><LI><a href="#[60]">&gt;&gt;</a>&nbsp;&nbsp;&nbsp;bootloader_dfu_start
</UL>

<P><STRONG><a name="[c4]"></a>dfu_register_callback</STRONG> (Thumb, 6 bytes, Stack size 0 bytes, dfu_single_bank.o(.text))
<BR><BR>[Called By]<UL><LI><a href="#[a6]">&gt;&gt;</a>&nbsp;&nbsp;&nbsp;dfu_transport_update_start
</UL>

<P><STRONG><a name="[b6]"></a>dfu_start_pkt_handle</STRONG> (Thumb, 142 bytes, Stack size 16 bytes, dfu_single_bank.o(.text))
<BR><BR>[Stack]<UL><LI>Max Depth = 56<LI>Call Chain = dfu_start_pkt_handle &rArr; dfu_timer_restart &rArr; app_timer_start
</UL>
<BR>[Calls]<UL><LI><a href="#[b3]">&gt;&gt;</a>&nbsp;&nbsp;&nbsp;dfu_timer_restart
</UL>
<BR>[Called By]<UL><LI><a href="#[31]">&gt;&gt;</a>&nbsp;&nbsp;&nbsp;process_dfu_packet
</UL>

<P><STRONG><a name="[b7]"></a>dfu_data_pkt_handle</STRONG> (Thumb, 104 bytes, Stack size 16 bytes, dfu_single_bank.o(.text))
<BR><BR>[Stack]<UL><LI>Max Depth = 80<LI>Call Chain = dfu_data_pkt_handle &rArr; pstorage_store &rArr; cmd_queue_enqueue &rArr; cmd_process
</UL>
<BR>[Calls]<UL><LI><a href="#[87]">&gt;&gt;</a>&nbsp;&nbsp;&nbsp;pstorage_store
<LI><a href="#[b3]">&gt;&gt;</a>&nbsp;&nbsp;&nbsp;dfu_timer_restart
</UL>
<BR>[Called By]<UL><LI><a href="#[31]">&gt;&gt;</a>&nbsp;&nbsp;&nbsp;process_dfu_packet
</UL>

<P><STRONG><a name="[b8]"></a>dfu_init_pkt_complete</STRONG> (Thumb, 46 bytes, Stack size 8 bytes, dfu_single_bank.o(.text))
<BR><BR>[Stack]<UL><LI>Max Depth = 48<LI>Call Chain = dfu_init_pkt_complete &rArr; dfu_init_prevalidate &rArr; __aeabi_memcpy
</UL>
<BR>[Calls]<UL><LI><a href="#[b1]">&gt;&gt;</a>&nbsp;&nbsp;&nbsp;dfu_init_prevalidate
</UL>
<BR>[Called By]<UL><LI><a href="#[31]">&gt;&gt;</a>&nbsp;&nbsp;&nbsp;process_dfu_packet
</UL>

<P><STRONG><a name="[b9]"></a>dfu_init_pkt_handle</STRONG> (Thumb, 82 bytes, Stack size 24 bytes, dfu_single_bank.o(.text))
<BR><BR>[Stack]<UL><LI>Max Depth = 64<LI>Call Chain = dfu_init_pkt_handle &rArr; dfu_timer_restart &rArr; app_timer_start
</UL>
<BR>[Calls]<UL><LI><a href="#[8b]">&gt;&gt;</a>&nbsp;&nbsp;&nbsp;__aeabi_memcpy
<LI><a href="#[b3]">&gt;&gt;</a>&nbsp;&nbsp;&nbsp;dfu_timer_restart
</UL>
<BR>[Called By]<UL><LI><a href="#[31]">&gt;&gt;</a>&nbsp;&nbsp;&nbsp;process_dfu_packet
</UL>

<P><STRONG><a name="[ba]"></a>dfu_image_validate</STRONG> (Thumb, 54 bytes, Stack size 8 bytes, dfu_single_bank.o(.text))
<BR><BR>[Stack]<UL><LI>Max Depth = 48<LI>Call Chain = dfu_image_validate &rArr; dfu_timer_restart &rArr; app_timer_start
</UL>
<BR>[Calls]<UL><LI><a href="#[b3]">&gt;&gt;</a>&nbsp;&nbsp;&nbsp;dfu_timer_restart
<LI><a href="#[b2]">&gt;&gt;</a>&nbsp;&nbsp;&nbsp;dfu_init_postvalidate
</UL>
<BR>[Called By]<UL><LI><a href="#[31]">&gt;&gt;</a>&nbsp;&nbsp;&nbsp;process_dfu_packet
</UL>

<P><STRONG><a name="[bb]"></a>dfu_image_activate</STRONG> (Thumb, 76 bytes, Stack size 8 bytes, dfu_single_bank.o(.text))
<BR><BR>[Stack]<UL><LI>Max Depth = 32<LI>Call Chain = dfu_image_activate &rArr; app_timer_stop
</UL>
<BR>[Calls]<UL><LI><a href="#[9b]">&gt;&gt;</a>&nbsp;&nbsp;&nbsp;app_timer_stop
<LI><a href="#[54]">&gt;&gt;</a>&nbsp;&nbsp;&nbsp;app_error_handler
</UL>
<BR>[Called By]<UL><LI><a href="#[31]">&gt;&gt;</a>&nbsp;&nbsp;&nbsp;process_dfu_packet
</UL>

<P><STRONG><a name="[bc]"></a>dfu_reset</STRONG> (Thumb, 24 bytes, Stack size 32 bytes, dfu_single_bank.o(.text), UNUSED)
<BR><BR>[Calls]<UL><LI><a href="#[a2]">&gt;&gt;</a>&nbsp;&nbsp;&nbsp;bootloader_dfu_update_process
</UL>

<P><STRONG><a name="[aa]"></a>dfu_sd_image_swap</STRONG> (Thumb, 116 bytes, Stack size 56 bytes, dfu_single_bank.o(.text))
<BR><BR>[Stack]<UL><LI>Max Depth = 104<LI>Call Chain = dfu_sd_image_swap &rArr; dfu_sd_img_block_swap &rArr;  dfu_sd_img_block_swap (Cycle)
</UL>
<BR>[Calls]<UL><LI><a href="#[ad]">&gt;&gt;</a>&nbsp;&nbsp;&nbsp;bootloader_settings_get
<LI><a href="#[bf]">&gt;&gt;</a>&nbsp;&nbsp;&nbsp;dfu_copy_sd
<LI><a href="#[bd]">&gt;&gt;</a>&nbsp;&nbsp;&nbsp;dfu_sd_img_block_swap
</UL>
<BR>[Called By]<UL><LI><a href="#[5c]">&gt;&gt;</a>&nbsp;&nbsp;&nbsp;bootloader_dfu_sd_update_continue
</UL>

<P><STRONG><a name="[ab]"></a>dfu_bl_image_swap</STRONG> (Thumb, 56 bytes, Stack size 48 bytes, dfu_single_bank.o(.text))
<BR><BR>[Stack]<UL><LI>Max Depth = 88<LI>Call Chain = dfu_bl_image_swap &rArr; bootloader_settings_get &rArr; bootloader_util_settings_get &rArr; uint32_decode
</UL>
<BR>[Calls]<UL><LI><a href="#[ad]">&gt;&gt;</a>&nbsp;&nbsp;&nbsp;bootloader_settings_get
</UL>
<BR>[Called By]<UL><LI><a href="#[5c]">&gt;&gt;</a>&nbsp;&nbsp;&nbsp;bootloader_dfu_sd_update_continue
</UL>

<P><STRONG><a name="[a9]"></a>dfu_bl_image_validate</STRONG> (Thumb, 60 bytes, Stack size 48 bytes, dfu_single_bank.o(.text))
<BR><BR>[Stack]<UL><LI>Max Depth = 88<LI>Call Chain = dfu_bl_image_validate &rArr; bootloader_settings_get &rArr; bootloader_util_settings_get &rArr; uint32_decode
</UL>
<BR>[Calls]<UL><LI><a href="#[ad]">&gt;&gt;</a>&nbsp;&nbsp;&nbsp;bootloader_settings_get
</UL>
<BR>[Called By]<UL><LI><a href="#[5c]">&gt;&gt;</a>&nbsp;&nbsp;&nbsp;bootloader_dfu_sd_update_continue
</UL>

<P><STRONG><a name="[a8]"></a>dfu_sd_image_validate</STRONG> (Thumb, 88 bytes, Stack size 72 bytes, dfu_single_bank.o(.text))
<BR><BR>[Stack]<UL><LI>Max Depth = 120<LI>Call Chain = dfu_sd_image_validate &rArr; dfu_sd_img_block_swap &rArr;  dfu_sd_img_block_swap (Cycle)
</UL>
<BR>[Calls]<UL><LI><a href="#[ad]">&gt;&gt;</a>&nbsp;&nbsp;&nbsp;bootloader_settings_get
<LI><a href="#[bd]">&gt;&gt;</a>&nbsp;&nbsp;&nbsp;dfu_sd_img_block_swap
</UL>
<BR>[Called By]<UL><LI><a href="#[5c]">&gt;&gt;</a>&nbsp;&nbsp;&nbsp;bootloader_dfu_sd_update_continue
</UL>

<P><STRONG><a name="[33]"></a>rpc_transport_event_handler</STRONG> (Thumb, 128 bytes, Stack size 24 bytes, dfu_transport_serial.o(.text))
<BR><BR>[Stack]<UL><LI>Max Depth = 88<LI>Call Chain = rpc_transport_event_handler &rArr; app_sched_event_put &rArr; __aeabi_memcpy
</UL>
<BR>[Calls]<UL><LI><a href="#[8a]">&gt;&gt;</a>&nbsp;&nbsp;&nbsp;app_sched_event_put
<LI><a href="#[54]">&gt;&gt;</a>&nbsp;&nbsp;&nbsp;app_error_handler
<LI><a href="#[c3]">&gt;&gt;</a>&nbsp;&nbsp;&nbsp;hci_transport_rx_pkt_extract
<LI><a href="#[c2]">&gt;&gt;</a>&nbsp;&nbsp;&nbsp;hci_transport_rx_pkt_consume
</UL>
<BR>[Address Reference Count : 1]<UL><LI> dfu_transport_serial.o(.text)
</UL>
<P><STRONG><a name="[a6]"></a>dfu_transport_update_start</STRONG> (Thumb, 68 bytes, Stack size 8 bytes, dfu_transport_serial.o(.text))
<BR><BR>[Stack]<UL><LI>Max Depth = 40<LI>Call Chain = dfu_transport_update_start &rArr; hci_transport_open &rArr; app_timer_create
</UL>
<BR>[Calls]<UL><LI><a href="#[54]">&gt;&gt;</a>&nbsp;&nbsp;&nbsp;app_error_handler
<LI><a href="#[c5]">&gt;&gt;</a>&nbsp;&nbsp;&nbsp;hci_transport_open
<LI><a href="#[c6]">&gt;&gt;</a>&nbsp;&nbsp;&nbsp;hci_transport_evt_handler_reg
<LI><a href="#[c1]">&gt;&gt;</a>&nbsp;&nbsp;&nbsp;data_queue_element_init
<LI><a href="#[c4]">&gt;&gt;</a>&nbsp;&nbsp;&nbsp;dfu_register_callback
</UL>
<BR>[Called By]<UL><LI><a href="#[60]">&gt;&gt;</a>&nbsp;&nbsp;&nbsp;bootloader_dfu_start
</UL>

<P><STRONG><a name="[a3]"></a>dfu_transport_close</STRONG> (Thumb, 22 bytes, Stack size 8 bytes, dfu_transport_serial.o(.text))
<BR><BR>[Stack]<UL><LI>Max Depth = 64<LI>Call Chain = dfu_transport_close &rArr; hci_transport_close &rArr; hci_slip_close &rArr; app_uart_close &rArr; on_uart_event &rArr; action_tx_stop
</UL>
<BR>[Calls]<UL><LI><a href="#[c7]">&gt;&gt;</a>&nbsp;&nbsp;&nbsp;hci_transport_close
<LI><a href="#[c0]">&gt;&gt;</a>&nbsp;&nbsp;&nbsp;data_queue_element_free
</UL>
<BR>[Called By]<UL><LI><a href="#[a2]">&gt;&gt;</a>&nbsp;&nbsp;&nbsp;bootloader_dfu_update_process
</UL>

<P><STRONG><a name="[d6]"></a>hci_mem_pool_open</STRONG> (Thumb, 30 bytes, Stack size 0 bytes, hci_mem_pool.o(.text))
<BR><BR>[Called By]<UL><LI><a href="#[c5]">&gt;&gt;</a>&nbsp;&nbsp;&nbsp;hci_transport_open
</UL>

<P><STRONG><a name="[d8]"></a>hci_mem_pool_close</STRONG> (Thumb, 4 bytes, Stack size 0 bytes, hci_mem_pool.o(.text))
<BR><BR>[Called By]<UL><LI><a href="#[c7]">&gt;&gt;</a>&nbsp;&nbsp;&nbsp;hci_transport_close
</UL>

<P><STRONG><a name="[da]"></a>hci_mem_pool_tx_alloc</STRONG> (Thumb, 34 bytes, Stack size 0 bytes, hci_mem_pool.o(.text), UNUSED)
<BR><BR>[Called By]<UL><LI><a href="#[d9]">&gt;&gt;</a>&nbsp;&nbsp;&nbsp;hci_transport_tx_alloc
</UL>

<P><STRONG><a name="[dc]"></a>hci_mem_pool_tx_free</STRONG> (Thumb, 8 bytes, Stack size 0 bytes, hci_mem_pool.o(.text), UNUSED)
<BR><BR>[Called By]<UL><LI><a href="#[db]">&gt;&gt;</a>&nbsp;&nbsp;&nbsp;hci_transport_tx_free
</UL>

<P><STRONG><a name="[d0]"></a>hci_mem_pool_rx_produce</STRONG> (Thumb, 82 bytes, Stack size 8 bytes, hci_mem_pool.o(.text))
<BR><BR>[Stack]<UL><LI>Max Depth = 8<LI>Call Chain = hci_mem_pool_rx_produce
</UL>
<BR>[Called By]<UL><LI><a href="#[3b]">&gt;&gt;</a>&nbsp;&nbsp;&nbsp;slip_event_handle
<LI><a href="#[ce]">&gt;&gt;</a>&nbsp;&nbsp;&nbsp;rx_vendor_specific_pkt_type_handle
<LI><a href="#[c5]">&gt;&gt;</a>&nbsp;&nbsp;&nbsp;hci_transport_open
</UL>

<P><STRONG><a name="[e0]"></a>hci_mem_pool_rx_consume</STRONG> (Thumb, 104 bytes, Stack size 20 bytes, hci_mem_pool.o(.text))
<BR><BR>[Stack]<UL><LI>Max Depth = 20<LI>Call Chain = hci_mem_pool_rx_consume
</UL>
<BR>[Called By]<UL><LI><a href="#[c2]">&gt;&gt;</a>&nbsp;&nbsp;&nbsp;hci_transport_rx_pkt_consume
</UL>

<P><STRONG><a name="[cf]"></a>hci_mem_pool_rx_data_size_set</STRONG> (Thumb, 26 bytes, Stack size 0 bytes, hci_mem_pool.o(.text))
<BR><BR>[Called By]<UL><LI><a href="#[ce]">&gt;&gt;</a>&nbsp;&nbsp;&nbsp;rx_vendor_specific_pkt_type_handle
</UL>

<P><STRONG><a name="[df]"></a>hci_mem_pool_rx_extract</STRONG> (Thumb, 72 bytes, Stack size 16 bytes, hci_mem_pool.o(.text))
<BR><BR>[Stack]<UL><LI>Max Depth = 16<LI>Call Chain = hci_mem_pool_rx_extract
</UL>
<BR>[Called By]<UL><LI><a href="#[c3]">&gt;&gt;</a>&nbsp;&nbsp;&nbsp;hci_transport_rx_pkt_extract
</UL>

<P><STRONG><a name="[d4]"></a>hci_slip_evt_handler_register</STRONG> (Thumb, 8 bytes, Stack size 0 bytes, hci_slip.o(.text))
<BR><BR>[Called By]<UL><LI><a href="#[d5]">&gt;&gt;</a>&nbsp;&nbsp;&nbsp;hci_transport_tx_done_register
<LI><a href="#[c6]">&gt;&gt;</a>&nbsp;&nbsp;&nbsp;hci_transport_evt_handler_reg
</UL>

<P><STRONG><a name="[d7]"></a>hci_slip_open</STRONG> (Thumb, 12 bytes, Stack size 0 bytes, hci_slip.o(.text))
<BR><BR>[Called By]<UL><LI><a href="#[c5]">&gt;&gt;</a>&nbsp;&nbsp;&nbsp;hci_transport_open
</UL>

<P><STRONG><a name="[c9]"></a>hci_slip_close</STRONG> (Thumb, 16 bytes, Stack size 8 bytes, hci_slip.o(.text))
<BR><BR>[Stack]<UL><LI>Max Depth = 48<LI>Call Chain = hci_slip_close &rArr; app_uart_close &rArr; on_uart_event &rArr; action_tx_stop
</UL>
<BR>[Calls]<UL><LI><a href="#[70]">&gt;&gt;</a>&nbsp;&nbsp;&nbsp;app_uart_close
</UL>
<BR>[Called By]<UL><LI><a href="#[c7]">&gt;&gt;</a>&nbsp;&nbsp;&nbsp;hci_transport_close
</UL>

<P><STRONG><a name="[ca]"></a>hci_slip_write</STRONG> (Thumb, 54 bytes, Stack size 8 bytes, hci_slip.o(.text))
<BR><BR>[Stack]<UL><LI>Max Depth = 72<LI>Call Chain = hci_slip_write &rArr; transmit_buffer &rArr; send_tx_byte_end &rArr; app_uart_put &rArr; on_uart_event &rArr; action_tx_stop
</UL>
<BR>[Calls]<UL><LI><a href="#[cb]">&gt;&gt;</a>&nbsp;&nbsp;&nbsp;transmit_buffer
</UL>
<BR>[Called By]<UL><LI><a href="#[dd]">&gt;&gt;</a>&nbsp;&nbsp;&nbsp;pkt_write_handle
<LI><a href="#[d2]">&gt;&gt;</a>&nbsp;&nbsp;&nbsp;tx_sm_event_handle
<LI><a href="#[cc]">&gt;&gt;</a>&nbsp;&nbsp;&nbsp;ack_transmit
</UL>

<P><STRONG><a name="[d1]"></a>hci_slip_rx_buffer_register</STRONG> (Thumb, 18 bytes, Stack size 0 bytes, hci_slip.o(.text))
<BR><BR>[Called By]<UL><LI><a href="#[3b]">&gt;&gt;</a>&nbsp;&nbsp;&nbsp;slip_event_handle
<LI><a href="#[ce]">&gt;&gt;</a>&nbsp;&nbsp;&nbsp;rx_vendor_specific_pkt_type_handle
<LI><a href="#[c5]">&gt;&gt;</a>&nbsp;&nbsp;&nbsp;hci_transport_open
</UL>

<P><STRONG><a name="[3b]"></a>slip_event_handle</STRONG> (Thumb, 184 bytes, Stack size 24 bytes, hci_transport.o(.text))
<BR><BR>[Stack]<UL><LI>Max Depth = 136<LI>Call Chain = slip_event_handle &rArr; rx_vendor_specific_pkt_type_handle &rArr; ack_transmit &rArr; hci_slip_write &rArr; transmit_buffer &rArr; send_tx_byte_end &rArr; app_uart_put &rArr; on_uart_event &rArr; action_tx_stop
</UL>
<BR>[Calls]<UL><LI><a href="#[54]">&gt;&gt;</a>&nbsp;&nbsp;&nbsp;app_error_handler
<LI><a href="#[d2]">&gt;&gt;</a>&nbsp;&nbsp;&nbsp;tx_sm_event_handle
<LI><a href="#[ce]">&gt;&gt;</a>&nbsp;&nbsp;&nbsp;rx_vendor_specific_pkt_type_handle
<LI><a href="#[d1]">&gt;&gt;</a>&nbsp;&nbsp;&nbsp;hci_slip_rx_buffer_register
<LI><a href="#[d0]">&gt;&gt;</a>&nbsp;&nbsp;&nbsp;hci_mem_pool_rx_produce
</UL>
<BR>[Address Reference Count : 1]<UL><LI> hci_transport.o(.text)
</UL>
<P><STRONG><a name="[c6]"></a>hci_transport_evt_handler_reg</STRONG> (Thumb, 38 bytes, Stack size 8 bytes, hci_transport.o(.text))
<BR><BR>[Stack]<UL><LI>Max Depth = 8<LI>Call Chain = hci_transport_evt_handler_reg
</UL>
<BR>[Calls]<UL><LI><a href="#[54]">&gt;&gt;</a>&nbsp;&nbsp;&nbsp;app_error_handler
<LI><a href="#[d4]">&gt;&gt;</a>&nbsp;&nbsp;&nbsp;hci_slip_evt_handler_register
</UL>
<BR>[Called By]<UL><LI><a href="#[a6]">&gt;&gt;</a>&nbsp;&nbsp;&nbsp;dfu_transport_update_start
</UL>

<P><STRONG><a name="[d5]"></a>hci_transport_tx_done_register</STRONG> (Thumb, 38 bytes, Stack size 8 bytes, hci_transport.o(.text), UNUSED)
<BR><BR>[Calls]<UL><LI><a href="#[54]">&gt;&gt;</a>&nbsp;&nbsp;&nbsp;app_error_handler
<LI><a href="#[d4]">&gt;&gt;</a>&nbsp;&nbsp;&nbsp;hci_slip_evt_handler_register
</UL>

<P><STRONG><a name="[3c]"></a>hci_transport_timeout_handle</STRONG> (Thumb, 4 bytes, Stack size 0 bytes, hci_transport.o(.text))
<BR><BR>[Stack]<UL><LI>Max Depth = 88<LI>Call Chain = hci_transport_timeout_handle &rArr; tx_sm_event_handle &rArr; hci_slip_write &rArr; transmit_buffer &rArr; send_tx_byte_end &rArr; app_uart_put &rArr; on_uart_event &rArr; action_tx_stop
</UL>
<BR>[Calls]<UL><LI><a href="#[d2]">&gt;&gt;</a>&nbsp;&nbsp;&nbsp;tx_sm_event_handle
</UL>
<BR>[Address Reference Count : 1]<UL><LI> hci_transport.o(.text)
</UL>
<P><STRONG><a name="[c5]"></a>hci_transport_open</STRONG> (Thumb, 88 bytes, Stack size 16 bytes, hci_transport.o(.text))
<BR><BR>[Stack]<UL><LI>Max Depth = 32<LI>Call Chain = hci_transport_open &rArr; app_timer_create
</UL>
<BR>[Calls]<UL><LI><a href="#[b5]">&gt;&gt;</a>&nbsp;&nbsp;&nbsp;app_timer_create
<LI><a href="#[d1]">&gt;&gt;</a>&nbsp;&nbsp;&nbsp;hci_slip_rx_buffer_register
<LI><a href="#[d7]">&gt;&gt;</a>&nbsp;&nbsp;&nbsp;hci_slip_open
<LI><a href="#[d0]">&gt;&gt;</a>&nbsp;&nbsp;&nbsp;hci_mem_pool_rx_produce
<LI><a href="#[d6]">&gt;&gt;</a>&nbsp;&nbsp;&nbsp;hci_mem_pool_open
</UL>
<BR>[Called By]<UL><LI><a href="#[a6]">&gt;&gt;</a>&nbsp;&nbsp;&nbsp;dfu_transport_update_start
</UL>

<P><STRONG><a name="[c7]"></a>hci_transport_close</STRONG> (Thumb, 66 bytes, Stack size 8 bytes, hci_transport.o(.text))
<BR><BR>[Stack]<UL><LI>Max Depth = 56<LI>Call Chain = hci_transport_close &rArr; hci_slip_close &rArr; app_uart_close &rArr; on_uart_event &rArr; action_tx_stop
</UL>
<BR>[Calls]<UL><LI><a href="#[9b]">&gt;&gt;</a>&nbsp;&nbsp;&nbsp;app_timer_stop
<LI><a href="#[54]">&gt;&gt;</a>&nbsp;&nbsp;&nbsp;app_error_handler
<LI><a href="#[c9]">&gt;&gt;</a>&nbsp;&nbsp;&nbsp;hci_slip_close
<LI><a href="#[d8]">&gt;&gt;</a>&nbsp;&nbsp;&nbsp;hci_mem_pool_close
</UL>
<BR>[Called By]<UL><LI><a href="#[a3]">&gt;&gt;</a>&nbsp;&nbsp;&nbsp;dfu_transport_close
</UL>

<P><STRONG><a name="[d9]"></a>hci_transport_tx_alloc</STRONG> (Thumb, 20 bytes, Stack size 8 bytes, hci_transport.o(.text), UNUSED)
<BR><BR>[Calls]<UL><LI><a href="#[da]">&gt;&gt;</a>&nbsp;&nbsp;&nbsp;hci_mem_pool_tx_alloc
</UL>

<P><STRONG><a name="[db]"></a>hci_transport_tx_free</STRONG> (Thumb, 8 bytes, Stack size 8 bytes, hci_transport.o(.text), UNUSED)
<BR><BR>[Calls]<UL><LI><a href="#[dc]">&gt;&gt;</a>&nbsp;&nbsp;&nbsp;hci_mem_pool_tx_free
</UL>

<P><STRONG><a name="[de]"></a>hci_transport_pkt_write</STRONG> (Thumb, 26 bytes, Stack size 0 bytes, hci_transport.o(.text), UNUSED)
<BR><BR>[Calls]<UL><LI><a href="#[dd]">&gt;&gt;</a>&nbsp;&nbsp;&nbsp;pkt_write_handle
</UL>

<P><STRONG><a name="[c3]"></a>hci_transport_rx_pkt_extract</STRONG> (Thumb, 62 bytes, Stack size 16 bytes, hci_transport.o(.text))
<BR><BR>[Stack]<UL><LI>Max Depth = 32<LI>Call Chain = hci_transport_rx_pkt_extract &rArr; hci_mem_pool_rx_extract
</UL>
<BR>[Calls]<UL><LI><a href="#[df]">&gt;&gt;</a>&nbsp;&nbsp;&nbsp;hci_mem_pool_rx_extract
</UL>
<BR>[Called By]<UL><LI><a href="#[33]">&gt;&gt;</a>&nbsp;&nbsp;&nbsp;rpc_transport_event_handler
</UL>

<P><STRONG><a name="[c2]"></a>hci_transport_rx_pkt_consume</STRONG> (Thumb, 10 bytes, Stack size 8 bytes, hci_transport.o(.text))
<BR><BR>[Stack]<UL><LI>Max Depth = 28<LI>Call Chain = hci_transport_rx_pkt_consume &rArr; hci_mem_pool_rx_consume
</UL>
<BR>[Calls]<UL><LI><a href="#[e0]">&gt;&gt;</a>&nbsp;&nbsp;&nbsp;hci_mem_pool_rx_consume
</UL>
<BR>[Called By]<UL><LI><a href="#[33]">&gt;&gt;</a>&nbsp;&nbsp;&nbsp;rpc_transport_event_handler
<LI><a href="#[c0]">&gt;&gt;</a>&nbsp;&nbsp;&nbsp;data_queue_element_free
</UL>

<P><STRONG><a name="[3d]"></a>softdevice_assertion_handler</STRONG> (Thumb, 12 bytes, Stack size 8 bytes, softdevice_handler.o(.text))
<BR><BR>[Stack]<UL><LI>Max Depth = 16<LI>Call Chain = softdevice_assertion_handler &rArr; assert_nrf_callback
</UL>
<BR>[Calls]<UL><LI><a href="#[53]">&gt;&gt;</a>&nbsp;&nbsp;&nbsp;assert_nrf_callback
</UL>
<BR>[Address Reference Count : 1]<UL><LI> softdevice_handler.o(.text)
</UL>
<P><STRONG><a name="[e1]"></a>intern_softdevice_events_execute</STRONG> (Thumb, 124 bytes, Stack size 24 bytes, softdevice_handler.o(.text))
<BR><BR>[Stack]<UL><LI>Max Depth = 24<LI>Call Chain = intern_softdevice_events_execute
</UL>
<BR>[Calls]<UL><LI><a href="#[54]">&gt;&gt;</a>&nbsp;&nbsp;&nbsp;app_error_handler
</UL>
<BR>[Called By]<UL><LI><a href="#[3e]">&gt;&gt;</a>&nbsp;&nbsp;&nbsp;softdevice_evt_get
<LI><a href="#[20]">&gt;&gt;</a>&nbsp;&nbsp;&nbsp;SWI2_IRQHandler
</UL>

<P><STRONG><a name="[57]"></a>softdevice_handler_init</STRONG> (Thumb, 40 bytes, Stack size 16 bytes, softdevice_handler.o(.text))
<BR><BR>[Stack]<UL><LI>Max Depth = 16<LI>Call Chain = softdevice_handler_init
</UL>
<BR>[Called By]<UL><LI><a href="#[56]">&gt;&gt;</a>&nbsp;&nbsp;&nbsp;ble_stack_init
</UL>

<P><STRONG><a name="[11a]"></a>softdevice_handler_sd_disable</STRONG> (Thumb, 18 bytes, Stack size 0 bytes, softdevice_handler.o(.text), UNUSED)

<P><STRONG><a name="[11b]"></a>softdevice_ble_evt_handler_set</STRONG> (Thumb, 16 bytes, Stack size 0 bytes, softdevice_handler.o(.text), UNUSED)

<P><STRONG><a name="[58]"></a>softdevice_sys_evt_handler_set</STRONG> (Thumb, 16 bytes, Stack size 0 bytes, softdevice_handler.o(.text))
<BR><BR>[Called By]<UL><LI><a href="#[56]">&gt;&gt;</a>&nbsp;&nbsp;&nbsp;ble_stack_init
</UL>

<P><STRONG><a name="[20]"></a>SWI2_IRQHandler</STRONG> (Thumb, 32 bytes, Stack size 8 bytes, softdevice_handler.o(.text))
<BR><BR>[Stack]<UL><LI>Max Depth = 32<LI>Call Chain = SWI2_IRQHandler &rArr; intern_softdevice_events_execute
</UL>
<BR>[Calls]<UL><LI><a href="#[54]">&gt;&gt;</a>&nbsp;&nbsp;&nbsp;app_error_handler
<LI><a href="#[e1]">&gt;&gt;</a>&nbsp;&nbsp;&nbsp;intern_softdevice_events_execute
</UL>
<BR>[Address Reference Count : 1]<UL><LI> arm_startup_nrf51.o(RESET)
</UL>
<P><STRONG><a name="[3e]"></a>softdevice_evt_get</STRONG> (Thumb, 22 bytes, Stack size 8 bytes, softdevice_handler_appsh.o(.text))
<BR><BR>[Stack]<UL><LI>Max Depth = 32<LI>Call Chain = softdevice_evt_get &rArr; intern_softdevice_events_execute
</UL>
<BR>[Calls]<UL><LI><a href="#[54]">&gt;&gt;</a>&nbsp;&nbsp;&nbsp;app_error_handler
<LI><a href="#[e1]">&gt;&gt;</a>&nbsp;&nbsp;&nbsp;intern_softdevice_events_execute
</UL>
<BR>[Address Reference Count : 1]<UL><LI> softdevice_handler_appsh.o(.text)
</UL>
<P><STRONG><a name="[24]"></a>softdevice_evt_schedule</STRONG> (Thumb, 14 bytes, Stack size 8 bytes, softdevice_handler_appsh.o(.text))
<BR><BR>[Stack]<UL><LI>Max Depth = 72<LI>Call Chain = softdevice_evt_schedule &rArr; app_sched_event_put &rArr; __aeabi_memcpy
</UL>
<BR>[Calls]<UL><LI><a href="#[8a]">&gt;&gt;</a>&nbsp;&nbsp;&nbsp;app_sched_event_put
</UL>
<BR>[Address Reference Count : 1]<UL><LI> main.o(.text)
</UL>
<P><STRONG><a name="[8b]"></a>__aeabi_memcpy</STRONG> (Thumb, 130 bytes, Stack size 24 bytes, rt_memcpy.o(.text))
<BR><BR>[Stack]<UL><LI>Max Depth = 24<LI>Call Chain = __aeabi_memcpy
</UL>
<BR>[Calls]<UL><LI><a href="#[ac]">&gt;&gt;</a>&nbsp;&nbsp;&nbsp;__aeabi_memcpy4
</UL>
<BR>[Called By]<UL><LI><a href="#[8a]">&gt;&gt;</a>&nbsp;&nbsp;&nbsp;app_sched_event_put
<LI><a href="#[b9]">&gt;&gt;</a>&nbsp;&nbsp;&nbsp;dfu_init_pkt_handle
<LI><a href="#[b1]">&gt;&gt;</a>&nbsp;&nbsp;&nbsp;dfu_init_prevalidate
</UL>

<P><STRONG><a name="[11c]"></a>__rt_memcpy</STRONG> (Thumb, 0 bytes, Stack size 24 bytes, rt_memcpy.o(.text), UNUSED)

<P><STRONG><a name="[e3]"></a>_memset_w</STRONG> (Thumb, 26 bytes, Stack size 0 bytes, rt_memclr.o(.text), UNUSED)
<BR><BR>[Called By]<UL><LI><a href="#[e5]">&gt;&gt;</a>&nbsp;&nbsp;&nbsp;__rt_memclr_w
<LI><a href="#[e2]">&gt;&gt;</a>&nbsp;&nbsp;&nbsp;_memset
</UL>

<P><STRONG><a name="[e2]"></a>_memset</STRONG> (Thumb, 30 bytes, Stack size 0 bytes, rt_memclr.o(.text), UNUSED)
<BR><BR>[Calls]<UL><LI><a href="#[e3]">&gt;&gt;</a>&nbsp;&nbsp;&nbsp;_memset_w
</UL>
<BR>[Called By]<UL><LI><a href="#[e4]">&gt;&gt;</a>&nbsp;&nbsp;&nbsp;__aeabi_memclr
</UL>

<P><STRONG><a name="[e4]"></a>__aeabi_memclr</STRONG> (Thumb, 4 bytes, Stack size 0 bytes, rt_memclr.o(.text), UNUSED)
<BR><BR>[Calls]<UL><LI><a href="#[e2]">&gt;&gt;</a>&nbsp;&nbsp;&nbsp;_memset
</UL>

<P><STRONG><a name="[11d]"></a>__rt_memclr</STRONG> (Thumb, 0 bytes, Stack size 0 bytes, rt_memclr.o(.text), UNUSED)

<P><STRONG><a name="[b4]"></a>__aeabi_memclr4</STRONG> (Thumb, 0 bytes, Stack size 0 bytes, rt_memclr.o(.text))
<BR><BR>[Called By]<UL><LI><a href="#[30]">&gt;&gt;</a>&nbsp;&nbsp;&nbsp;dfu_activate_app
</UL>

<P><STRONG><a name="[11e]"></a>__aeabi_memclr8</STRONG> (Thumb, 0 bytes, Stack size 0 bytes, rt_memclr.o(.text), UNUSED)

<P><STRONG><a name="[e5]"></a>__rt_memclr_w</STRONG> (Thumb, 4 bytes, Stack size 0 bytes, rt_memclr.o(.text), UNUSED)
<BR><BR>[Calls]<UL><LI><a href="#[e3]">&gt;&gt;</a>&nbsp;&nbsp;&nbsp;_memset_w
</UL>

<P><STRONG><a name="[af]"></a>__aeabi_uread4</STRONG> (Thumb, 34 bytes, Stack size 0 bytes, uread4.o(.text))
<BR><BR>[Called By]<UL><LI><a href="#[ae]">&gt;&gt;</a>&nbsp;&nbsp;&nbsp;uint32_decode
</UL>

<P><STRONG><a name="[11f]"></a>__rt_uread4</STRONG> (Thumb, 0 bytes, Stack size 0 bytes, uread4.o(.text), UNUSED)

<P><STRONG><a name="[120]"></a>__aeabi_uidiv</STRONG> (Thumb, 0 bytes, Stack size 0 bytes, aeabi_sdiv.o(.text), UNUSED)

<P><STRONG><a name="[82]"></a>__aeabi_uidivmod</STRONG> (Thumb, 20 bytes, Stack size 0 bytes, aeabi_sdiv.o(.text))
<BR><BR>[Called By]<UL><LI><a href="#[81]">&gt;&gt;</a>&nbsp;&nbsp;&nbsp;cmd_process
</UL>

<P><STRONG><a name="[121]"></a>__aeabi_idiv</STRONG> (Thumb, 0 bytes, Stack size 8 bytes, aeabi_sdiv.o(.text), UNUSED)

[...]
</UL>

<P><STRONG><a name="[90]"></a>timer_list_handler_sched</STRONG> (Thumb, 10 bytes, Stack size 0 bytes, app_timer.o(.text))
<BR><BR>[Called By]<UL><LI><a href="#[9c]">&gt;&gt;</a>&nbsp;&nbsp;&nbsp;app_timer_stop_all
<LI><a href="#[8f]">&gt;&gt;</a>&nbsp;&nbsp;&nbsp;timer_timeouts_check
<LI><a href="#[9b]">&gt;&gt;</a>&nbsp;&nbsp;&nbsp;app_timer_stop
<LI><a href="#[98]">&gt;&gt;</a>&nbsp;&nbsp;&nbsp;app_timer_start
</UL>

<P><STRONG><a name="[93]"></a>elapsed_ticks_acquire</STRONG> (Thumb, 58 bytes, Stack size 8 bytes, app_timer.o(.text))
<BR><BR>[Stack]<UL><LI>Max Depth = 8<LI>Call Chain = elapsed_ticks_acquire
</UL>
<BR>[Called By]<UL><LI><a href="#[1e]">&gt;&gt;</a>&nbsp;&nbsp;&nbsp;SWI0_IRQHandler
</UL>

<P><STRONG><a name="[94]"></a>list_deletions_handler</STRONG> (Thumb, 144 bytes, Stack size 24 bytes, app_timer.o(.text))
<BR><BR>[Stack]<UL><LI>Max Depth = 40<LI>Call Chain = list_deletions_handler &rArr; timer_list_remove
</UL>
<BR>[Calls]<UL><LI><a href="#[9d]">&gt;&gt;</a>&nbsp;&nbsp;&nbsp;timer_list_remove
</UL>
<BR>[Called By]<UL><LI><a href="#[1e]">&gt;&gt;</a>&nbsp;&nbsp;&nbsp;SWI0_IRQHandler
</UL>

<P><STRONG><a name="[95]"></a>expired_timers_handler</STRONG> (Thumb, 82 bytes, Stack size 32 bytes, app_timer.o(.text))
<BR><BR>[Stack]<UL><LI>Max Depth = 32<LI>Call Chain = expired_timers_handler
</UL>
<BR>[Called By]<UL><LI><a href="#[1e]">&gt;&gt;</a>&nbsp;&nbsp;&nbsp;SWI0_IRQHandler
</UL>

<P><STRONG><a name="[96]"></a>compare_reg_update</STRONG> (Thumb, 140 bytes, Stack size 24 bytes, app_timer.o(.text))
<BR><BR>[Stack]<UL><LI>Max Depth = 40<LI>Call Chain = compare_reg_update &rArr; rtc1_stop
</UL>
<BR>[Calls]<UL><LI><a href="#[52]">&gt;&gt;</a>&nbsp;&nbsp;&nbsp;__asm___11_app_timer_c_cd27f9c3__nrf_delay_us
<LI><a href="#[8e]">&gt;&gt;</a>&nbsp;&nbsp;&nbsp;rtc1_stop
</UL>
<BR>[Called By]<UL><LI><a href="#[1e]">&gt;&gt;</a>&nbsp;&nbsp;&nbsp;SWI0_IRQHandler
</UL>

<P><STRONG><a name="[9a]"></a>user_op_alloc</STRONG> (Thumb, 36 bytes, Stack size 0 bytes, app_timer.o(.text))
<BR><BR>[Called By]<UL><LI><a href="#[9c]">&gt;&gt;</a>&nbsp;&nbsp;&nbsp;app_timer_stop_all
<LI><a href="#[9b]">&gt;&gt;</a>&nbsp;&nbsp;&nbsp;app_timer_stop
<LI><a href="#[98]">&gt;&gt;</a>&nbsp;&nbsp;&nbsp;app_timer_start
</UL>

<P><STRONG><a name="[2a]"></a>app_timer_evt_get</STRONG> (Thumb, 26 bytes, Stack size 8 bytes, app_timer_appsh.o(.text))
<BR><BR>[Stack]<UL><LI>Max Depth = 8<LI>Call Chain = app_timer_evt_get
</UL>
<BR>[Calls]<UL><LI><a href="#[54]">&gt;&gt;</a>&nbsp;&nbsp;&nbsp;app_error_handler
</UL>
<BR>[Address Reference Count : 1]<UL><LI> app_timer_appsh.o(.text)
</UL>
<P><STRONG><a name="[3f]"></a>pstorage_callback_handler</STRONG> (Thumb, 32 bytes, Stack size 8 bytes, bootloader.o(.text))
<BR><BR>[Stack]<UL><LI>Max Depth = 8<LI>Call Chain = pstorage_callback_handler
</UL>
<BR>[Calls]<UL><LI><a href="#[54]">&gt;&gt;</a>&nbsp;&nbsp;&nbsp;app_error_handler
</UL>
<BR>[Address Reference Count : 1]<UL><LI> bootloader.o(.constdata)
</UL>
<P><STRONG><a name="[9e]"></a>wait_for_events</STRONG> (Thumb, 38 bytes, Stack size 8 bytes, bootloader.o(.text))
<BR><BR>[Stack]<UL><LI>Max Depth = 40<LI>Call Chain = wait_for_events &rArr; app_sched_execute &rArr; app_sched_event_get
</UL>
<BR>[Calls]<UL><LI><a href="#[8c]">&gt;&gt;</a>&nbsp;&nbsp;&nbsp;app_sched_execute
<LI><a href="#[54]">&gt;&gt;</a>&nbsp;&nbsp;&nbsp;app_error_handler
</UL>
<BR>[Called By]<UL><LI><a href="#[60]">&gt;&gt;</a>&nbsp;&nbsp;&nbsp;bootloader_dfu_start
<LI><a href="#[5e]">&gt;&gt;</a>&nbsp;&nbsp;&nbsp;bootloader_dfu_sd_update_finalize
</UL>

<P><STRONG><a name="[a1]"></a>bootloader_settings_save</STRONG> (Thumb, 54 bytes, Stack size 8 bytes, bootloader.o(.text))
<BR><BR>[Stack]<UL><LI>Max Depth = 72<LI>Call Chain = bootloader_settings_save &rArr; pstorage_store &rArr; cmd_queue_enqueue &rArr; cmd_process
</UL>
<BR>[Calls]<UL><LI><a href="#[89]">&gt;&gt;</a>&nbsp;&nbsp;&nbsp;pstorage_clear
<LI><a href="#[87]">&gt;&gt;</a>&nbsp;&nbsp;&nbsp;pstorage_store
<LI><a href="#[54]">&gt;&gt;</a>&nbsp;&nbsp;&nbsp;app_error_handler
</UL>
<BR>[Called By]<UL><LI><a href="#[a2]">&gt;&gt;</a>&nbsp;&nbsp;&nbsp;bootloader_dfu_update_process
</UL>

<P><STRONG><a name="[ae]"></a>uint32_decode</STRONG> (Thumb, 20 bytes, Stack size 8 bytes, bootloader_settings.o(.text))
<BR><BR>[Stack]<UL><LI>Max Depth = 8<LI>Call Chain = uint32_decode
</UL>
<BR>[Calls]<UL><LI><a href="#[af]">&gt;&gt;</a>&nbsp;&nbsp;&nbsp;__aeabi_uread4
</UL>
<BR>[Called By]<UL><LI><a href="#[9f]">&gt;&gt;</a>&nbsp;&nbsp;&nbsp;bootloader_util_settings_get
</UL>

<P><STRONG><a name="[40]"></a>pstorage_callback_handler</STRONG> (Thumb, 78 bytes, Stack size 16 bytes, dfu_single_bank.o(.text))
<BR><BR>[Stack]<UL><LI>Max Depth = 16<LI>Call Chain = pstorage_callback_handler
</UL>
<BR>[Calls]<UL><LI><a href="#[54]">&gt;&gt;</a>&nbsp;&nbsp;&nbsp;app_error_handler
</UL>
<BR>[Address Reference Count : 1]<UL><LI> dfu_single_bank.o(.constdata)
</UL>
<P><STRONG><a name="[2b]"></a>dfu_timeout_handler</STRONG> (Thumb, 32 bytes, Stack size 32 bytes, dfu_single_bank.o(.text))
<BR><BR>[Stack]<UL><LI>Max Depth = 144<LI>Call Chain = dfu_timeout_handler &rArr; bootloader_dfu_update_process &rArr; bootloader_settings_save &rArr; pstorage_store &rArr; cmd_queue_enqueue &rArr; cmd_process
</UL>
<BR>[Calls]<UL><LI><a href="#[a2]">&gt;&gt;</a>&nbsp;&nbsp;&nbsp;bootloader_dfu_update_process
</UL>
<BR>[Address Reference Count : 1]<UL><LI> dfu_single_bank.o(.text)
</UL>
<P><STRONG><a name="[b3]"></a>dfu_timer_restart</STRONG> (Thumb, 60 bytes, Stack size 8 bytes, dfu_single_bank.o(.text))
<BR><BR>[Stack]<UL><LI>Max Depth = 40<LI>Call Chain = dfu_timer_restart &rArr; app_timer_start
</UL>
<BR>[Calls]<UL><LI><a href="#[9b]">&gt;&gt;</a>&nbsp;&nbsp;&nbsp;app_timer_stop
<LI><a href="#[98]">&gt;&gt;</a>&nbsp;&nbsp;&nbsp;app_timer_start
<LI><a href="#[54]">&gt;&gt;</a>&nbsp;&nbsp;&nbsp;app_error_handler
</UL>
<BR>[Called By]<UL><LI><a href="#[ba]">&gt;&gt;</a>&nbsp;&nbsp;&nbsp;dfu_image_validate
<LI><a href="#[b9]">&gt;&gt;</a>&nbsp;&nbsp;&nbsp;dfu_init_pkt_handle
<LI><a href="#[b7]">&gt;&gt;</a>&nbsp;&nbsp;&nbsp;dfu_data_pkt_handle
<LI><a href="#[b6]">&gt;&gt;</a>&nbsp;&nbsp;&nbsp;dfu_start_pkt_handle
</UL>

<P><STRONG><a name="[2c]"></a>dfu_prepare_func_app_erase</STRONG> (Thumb, 36 bytes, Stack size 8 bytes, dfu_single_bank.o(.text))
<BR><BR>[Stack]<UL><LI>Max Depth = 56<LI>Call Chain = dfu_prepare_func_app_erase &rArr; pstorage_clear &rArr; cmd_queue_enqueue &rArr; cmd_process
</UL>
<BR>[Calls]<UL><LI><a href="#[89]">&gt;&gt;</a>&nbsp;&nbsp;&nbsp;pstorage_clear
<LI><a href="#[54]">&gt;&gt;</a>&nbsp;&nbsp;&nbsp;app_error_handler
</UL>
<BR>[Address Reference Count : 1]<UL><LI> dfu_single_bank.o(.text)
</UL>
<P><STRONG><a name="[2d]"></a>dfu_cleared_func_app</STRONG> (Thumb, 28 bytes, Stack size 32 bytes, dfu_single_bank.o(.text))
<BR><BR>[Stack]<UL><LI>Max Depth = 144<LI>Call Chain = dfu_cleared_func_app &rArr; bootloader_dfu_update_process &rArr; bootloader_settings_save &rArr; pstorage_store &rArr; cmd_queue_enqueue &rArr; cmd_process
</UL>
<BR>[Calls]<UL><LI><a href="#[a2]">&gt;&gt;</a>&nbsp;&nbsp;&nbsp;bootloader_dfu_update_process
<LI><a href="#[ac]">&gt;&gt;</a>&nbsp;&nbsp;&nbsp;__aeabi_memcpy4
</UL>
<BR>[Address Reference Count : 1]<UL><LI> dfu_single_bank.o(.text)
</UL>
<P><STRONG><a name="[2e]"></a>dfu_activate_sd</STRONG> (Thumb, 62 bytes, Stack size 32 bytes, dfu_single_bank.o(.text))
<BR><BR>[Stack]<UL><LI>Max Depth = 144<LI>Call Chain = dfu_activate_sd &rArr; bootloader_dfu_update_process &rArr; bootloader_settings_save &rArr; pstorage_store &rArr; cmd_queue_enqueue &rArr; cmd_process
</UL>
<BR>[Calls]<UL><LI><a href="#[a2]">&gt;&gt;</a>&nbsp;&nbsp;&nbsp;bootloader_dfu_update_process
</UL>
<BR>[Address Reference Count : 1]<UL><LI> dfu_single_bank.o(.text)
</UL>
<P><STRONG><a name="[30]"></a>dfu_activate_app</STRONG> (Thumb, 52 bytes, Stack size 32 bytes, dfu_single_bank.o(.text))
<BR><BR>[Stack]<UL><LI>Max Depth = 144<LI>Call Chain = dfu_activate_app &rArr; bootloader_dfu_update_process &rArr; bootloader_settings_save &rArr; pstorage_store &rArr; cmd_queue_enqueue &rArr; cmd_process
</UL>
<BR>[Calls]<UL><LI><a href="#[a2]">&gt;&gt;</a>&nbsp;&nbsp;&nbsp;bootloader_dfu_update_process
<LI><a href="#[b4]">&gt;&gt;</a>&nbsp;&nbsp;&nbsp;__aeabi_memclr4
</UL>
<BR>[Address Reference Count : 1]<UL><LI> dfu_single_bank.o(.text)
</UL>
<P><STRONG><a name="[2f]"></a>dfu_activate_bl</STRONG> (Thumb, 54 bytes, Stack size 32 bytes, dfu_single_bank.o(.text))
<BR><BR>[Stack]<UL><LI>Max Depth = 144<LI>Call Chain = dfu_activate_bl &rArr; bootloader_dfu_update_process &rArr; bootloader_settings_save &rArr; pstorage_store &rArr; cmd_queue_enqueue &rArr; cmd_process
</UL>
<BR>[Calls]<UL><LI><a href="#[a2]">&gt;&gt;</a>&nbsp;&nbsp;&nbsp;bootloader_dfu_update_process
</UL>
<BR>[Address Reference Count : 1]<UL><LI> dfu_single_bank.o(.text)
</UL>
<P><STRONG><a name="[bd]"></a>dfu_sd_img_block_swap</STRONG> (Thumb, 68 bytes, Stack size 24 bytes, dfu_single_bank.o(.text))
<BR><BR>[Stack]<UL><LI>Max Depth = 48 + In Cycle
<LI>Call Chain = dfu_sd_img_block_swap &rArr;  dfu_sd_img_block_swap (Cycle)
</UL>
<BR>[Calls]<UL><LI><a href="#[bf]">&gt;&gt;</a>&nbsp;&nbsp;&nbsp;dfu_copy_sd
<LI><a href="#[be]">&gt;&gt;</a>&nbsp;&nbsp;&nbsp;dfu_compare_block
<LI><a href="#[bd]">&gt;&gt;</a>&nbsp;&nbsp;&nbsp;dfu_sd_img_block_swap
</UL>
<BR>[Called By]<UL><LI><a href="#[a8]">&gt;&gt;</a>&nbsp;&nbsp;&nbsp;dfu_sd_image_validate
<LI><a href="#[aa]">&gt;&gt;</a>&nbsp;&nbsp;&nbsp;dfu_sd_image_swap
<LI><a href="#[bd]">&gt;&gt;</a>&nbsp;&nbsp;&nbsp;dfu_sd_img_block_swap
</UL>

<P><STRONG><a name="[be]"></a>dfu_compare_block</STRONG> (Thumb, 22 bytes, Stack size 24 bytes, dfu_single_bank.o(.text))
<BR><BR>[Stack]<UL><LI>Max Depth = 24<LI>Call Chain = dfu_compare_block
</UL>
<BR>[Called By]<UL><LI><a href="#[bd]">&gt;&gt;</a>&nbsp;&nbsp;&nbsp;dfu_sd_img_block_swap
</UL>

<P><STRONG><a name="[bf]"></a>dfu_copy_sd</STRONG> (Thumb, 20 bytes, Stack size 24 bytes, dfu_single_bank.o(.text))
<BR><BR>[Stack]<UL><LI>Max Depth = 24<LI>Call Chain = dfu_copy_sd
</UL>
<BR>[Called By]<UL><LI><a href="#[aa]">&gt;&gt;</a>&nbsp;&nbsp;&nbsp;dfu_sd_image_swap
<LI><a href="#[bd]">&gt;&gt;</a>&nbsp;&nbsp;&nbsp;dfu_sd_img_block_swap
</UL>

<P><STRONG><a name="[c1]"></a>data_queue_element_init</STRONG> (Thumb, 18 bytes, Stack size 0 bytes, dfu_transport_serial.o(.text))
<BR><BR>[Called By]<UL><LI><a href="#[a6]">&gt;&gt;</a>&nbsp;&nbsp;&nbsp;dfu_transport_update_start
<LI><a href="#[c0]">&gt;&gt;</a>&nbsp;&nbsp;&nbsp;data_queue_element_free
</UL>

<P><STRONG><a name="[c0]"></a>data_queue_element_free</STRONG> (Thumb, 62 bytes, Stack size 8 bytes, dfu_transport_serial.o(.text))
<BR><BR>[Stack]<UL><LI>Max Depth = 36<LI>Call Chain = data_queue_element_free &rArr; hci_transport_rx_pkt_consume &rArr; hci_mem_pool_rx_consume
</UL>
<BR>[Calls]<UL><LI><a href="#[54]">&gt;&gt;</a>&nbsp;&nbsp;&nbsp;app_error_handler
<LI><a href="#[c2]">&gt;&gt;</a>&nbsp;&nbsp;&nbsp;hci_transport_rx_pkt_consume
<LI><a href="#[c1]">&gt;&gt;</a>&nbsp;&nbsp;&nbsp;data_queue_element_init
</UL>
<BR>[Called By]<UL><LI><a href="#[a3]">&gt;&gt;</a>&nbsp;&nbsp;&nbsp;dfu_transport_close
<LI><a href="#[31]">&gt;&gt;</a>&nbsp;&nbsp;&nbsp;process_dfu_packet
</UL>

<P><STRONG><a name="[32]"></a>dfu_cb_handler</STRONG> (Thumb, 16 bytes, Stack size 8 bytes, dfu_transport_serial.o(.text))
<BR><BR>[Stack]<UL><LI>Max Depth = 8<LI>Call Chain = dfu_cb_handler
</UL>
<BR>[Calls]<UL><LI><a href="#[54]">&gt;&gt;</a>&nbsp;&nbsp;&nbsp;app_error_handler
</UL>
<BR>[Address Reference Count : 1]<UL><LI> dfu_transport_serial.o(.text)
</UL>
<P><STRONG><a name="[31]"></a>process_dfu_packet</STRONG> (Thumb, 124 bytes, Stack size 16 bytes, dfu_transport_serial.o(.text))
<BR><BR>[Stack]<UL><LI>Max Depth = 96<LI>Call Chain = process_dfu_packet &rArr; dfu_data_pkt_handle &rArr; pstorage_store &rArr; cmd_queue_enqueue &rArr; cmd_process
</UL>
<BR>[Calls]<UL><LI><a href="#[54]">&gt;&gt;</a>&nbsp;&nbsp;&nbsp;app_error_handler
<LI><a href="#[c0]">&gt;&gt;</a>&nbsp;&nbsp;&nbsp;data_queue_element_free
<LI><a href="#[bb]">&gt;&gt;</a>&nbsp;&nbsp;&nbsp;dfu_image_activate
<LI><a href="#[ba]">&gt;&gt;</a>&nbsp;&nbsp;&nbsp;dfu_image_validate
<LI><a href="#[b9]">&gt;&gt;</a>&nbsp;&nbsp;&nbsp;dfu_init_pkt_handle
<LI><a href="#[b8]">&gt;&gt;</a>&nbsp;&nbsp;&nbsp;dfu_init_pkt_complete
<LI><a href="#[b7]">&gt;&gt;</a>&nbsp;&nbsp;&nbsp;dfu_data_pkt_handle
<LI><a href="#[b6]">&gt;&gt;</a>&nbsp;&nbsp;&nbsp;dfu_start_pkt_handle
</UL>
<BR>[Address Reference Count : 1]<UL><LI> dfu_transport_serial.o(.text)
</UL>
<P><STRONG><a name="[34]"></a>send_tx_byte_default</STRONG> (Thumb, 26 bytes, Stack size 8 bytes, hci_slip.o(.text))
<BR><BR>[Stack]<UL><LI>Max Depth = 48<LI>Call Chain = send_tx_byte_default &rArr; app_uart_put &rArr; on_uart_event &rArr; action_tx_stop
</UL>
<BR>[Calls]<UL><LI><a href="#[6f]">&gt;&gt;</a>&nbsp;&nbsp;&nbsp;app_uart_put
</UL>
<BR>[Address Reference Count : 2]<UL><LI> hci_slip.o(.text)
<LI> hci_slip.o(.data)
</UL>
<P><STRONG><a name="[38]"></a>send_tx_byte_end</STRONG> (Thumb, 26 bytes, Stack size 8 bytes, hci_slip.o(.text))
<BR><BR>[Stack]<UL><LI>Max Depth = 48<LI>Call Chain = send_tx_byte_end &rArr; app_uart_put &rArr; on_uart_event &rArr; action_tx_stop
</UL>
<BR>[Calls]<UL><LI><a href="#[6f]">&gt;&gt;</a>&nbsp;&nbsp;&nbsp;app_uart_put
</UL>
<BR>[Called By]<UL><LI><a href="#[cb]">&gt;&gt;</a>&nbsp;&nbsp;&nbsp;transmit_buffer
</UL>
<BR>[Address Reference Count : 1]<UL><LI> hci_slip.o(.text)
</UL>
<P><STRONG><a name="[35]"></a>send_tx_byte_encoded</STRONG> (Thumb, 48 bytes, Stack size 8 bytes, hci_slip.o(.text))
<BR><BR>[Stack]<UL><LI>Max Depth = 48<LI>Call Chain = send_tx_byte_encoded &rArr; app_uart_put &rArr; on_uart_event &rArr; action_tx_stop
</UL>
<BR>[Calls]<UL><LI><a href="#[6f]">&gt;&gt;</a>&nbsp;&nbsp;&nbsp;app_uart_put
</UL>
<BR>[Address Reference Count : 1]<UL><LI> hci_slip.o(.text)
</UL>
<P><STRONG><a name="[3a]"></a>send_tx_byte_esc</STRONG> (Thumb, 20 bytes, Stack size 8 bytes, hci_slip.o(.text))
<BR><BR>[Stack]<UL><LI>Max Depth = 48<LI>Call Chain = send_tx_byte_esc &rArr; app_uart_put &rArr; on_uart_event &rArr; action_tx_stop
</UL>
<BR>[Calls]<UL><LI><a href="#[6f]">&gt;&gt;</a>&nbsp;&nbsp;&nbsp;app_uart_put
</UL>
<BR>[Address Reference Count : 1]<UL><LI> hci_slip.o(.text)
</UL>
<P><STRONG><a name="[c8]"></a>handle_slip_end</STRONG> (Thumb, 34 bytes, Stack size 8 bytes, hci_slip.o(.text))
<BR><BR>[Stack]<UL><LI>Max Depth = 8<LI>Call Chain = handle_slip_end
</UL>
<BR>[Called By]<UL><LI><a href="#[36]">&gt;&gt;</a>&nbsp;&nbsp;&nbsp;handle_rx_byte_esc
<LI><a href="#[37]">&gt;&gt;</a>&nbsp;&nbsp;&nbsp;handle_rx_byte_default
</UL>

<P><STRONG><a name="[37]"></a>handle_rx_byte_default</STRONG> (Thumb, 30 bytes, Stack size 0 bytes, hci_slip.o(.text))
<BR><BR>[Stack]<UL><LI>Max Depth = 8<LI>Call Chain = handle_rx_byte_default &rArr; handle_slip_end
</UL>
<BR>[Calls]<UL><LI><a href="#[c8]">&gt;&gt;</a>&nbsp;&nbsp;&nbsp;handle_slip_end
</UL>
<BR>[Address Reference Count : 1]<UL><LI> hci_slip.o(.text)
</UL>
<P><STRONG><a name="[36]"></a>handle_rx_byte_esc</STRONG> (Thumb, 48 bytes, Stack size 8 bytes, hci_slip.o(.text))
<BR><BR>[Stack]<UL><LI>Max Depth = 16<LI>Call Chain = handle_rx_byte_esc &rArr; handle_slip_end
</UL>
<BR>[Calls]<UL><LI><a href="#[c8]">&gt;&gt;</a>&nbsp;&nbsp;&nbsp;handle_slip_end
</UL>
<BR>[Address Reference Count : 1]<UL><LI> hci_slip.o(.text)
</UL>
<P><STRONG><a name="[39]"></a>handle_rx_byte_wait_start</STRONG> (Thumb, 12 bytes, Stack size 0 bytes, hci_slip.o(.text))
<BR>[Address Reference Count : 2]<UL><LI> hci_slip.o(.text)
<LI> hci_slip.o(.data)
</UL>
<P><STRONG><a name="[cb]"></a>transmit_buffer</STRONG> (Thumb, 86 bytes, Stack size 16 bytes, hci_slip.o(.text))
<BR><BR>[Stack]<UL><LI>Max Depth = 64<LI>Call Chain = transmit_buffer &rArr; send_tx_byte_end &rArr; app_uart_put &rArr; on_uart_event &rArr; action_tx_stop
</UL>
<BR>[Calls]<UL><LI><a href="#[38]">&gt;&gt;</a>&nbsp;&nbsp;&nbsp;send_tx_byte_end
</UL>
<BR>[Called By]<UL><LI><a href="#[ca]">&gt;&gt;</a>&nbsp;&nbsp;&nbsp;hci_slip_write
</UL>

<P><STRONG><a name="[cc]"></a>ack_transmit</STRONG> (Thumb, 38 bytes, Stack size 8 bytes, hci_transport.o(.text))
<BR><BR>[Stack]<UL><LI>Max Depth = 80<LI>Call Chain = ack_transmit &rArr; hci_slip_write &rArr; transmit_buffer &rArr; send_tx_byte_end &rArr; app_uart_put &rArr; on_uart_event &rArr; action_tx_stop
</UL>
<BR>[Calls]<UL><LI><a href="#[cd]">&gt;&gt;</a>&nbsp;&nbsp;&nbsp;header_checksum_calculate
<LI><a href="#[ca]">&gt;&gt;</a>&nbsp;&nbsp;&nbsp;hci_slip_write
</UL>
<BR>[Called By]<UL><LI><a href="#[ce]">&gt;&gt;</a>&nbsp;&nbsp;&nbsp;rx_vendor_specific_pkt_type_handle
</UL>

<P><STRONG><a name="[ce]"></a>rx_vendor_specific_pkt_type_handle</STRONG> (Thumb, 244 bytes, Stack size 32 bytes, hci_transport.o(.text))
<BR><BR>[Stack]<UL><LI>Max Depth = 112<LI>Call Chain = rx_vendor_specific_pkt_type_handle &rArr; ack_transmit &rArr; hci_slip_write &rArr; transmit_buffer &rArr; send_tx_byte_end &rArr; app_uart_put &rArr; on_uart_event &rArr; action_tx_stop
</UL>
<BR>[Calls]<UL><LI><a href="#[a0]">&gt;&gt;</a>&nbsp;&nbsp;&nbsp;crc16_compute
<LI><a href="#[54]">&gt;&gt;</a>&nbsp;&nbsp;&nbsp;app_error_handler
<LI><a href="#[cc]">&gt;&gt;</a>&nbsp;&nbsp;&nbsp;ack_transmit
<LI><a href="#[d1]">&gt;&gt;</a>&nbsp;&nbsp;&nbsp;hci_slip_rx_buffer_register
<LI><a href="#[cf]">&gt;&gt;</a>&nbsp;&nbsp;&nbsp;hci_mem_pool_rx_data_size_set
<LI><a href="#[d0]">&gt;&gt;</a>&nbsp;&nbsp;&nbsp;hci_mem_pool_rx_produce
</UL>
<BR>[Called By]<UL><LI><a href="#[3b]">&gt;&gt;</a>&nbsp;&nbsp;&nbsp;slip_event_handle
</UL>

<P><STRONG><a name="[d2]"></a>tx_sm_event_handle</STRONG> (Thumb, 174 bytes, Stack size 16 bytes, hci_transport.o(.text))
<BR><BR>[Stack]<UL><LI>Max Depth = 88<LI>Call Chain = tx_sm_event_handle &rArr; hci_slip_write &rArr; transmit_buffer &rArr; send_tx_byte_end &rArr; app_uart_put &rArr; on_uart_event &rArr; action_tx_stop
</UL>
<BR>[Calls]<UL><LI><a href="#[9b]">&gt;&gt;</a>&nbsp;&nbsp;&nbsp;app_timer_stop
<LI><a href="#[98]">&gt;&gt;</a>&nbsp;&nbsp;&nbsp;app_timer_start
<LI><a href="#[54]">&gt;&gt;</a>&nbsp;&nbsp;&nbsp;app_error_handler
<LI><a href="#[d3]">&gt;&gt;</a>&nbsp;&nbsp;&nbsp;tx_sm_state_change
<LI><a href="#[ca]">&gt;&gt;</a>&nbsp;&nbsp;&nbsp;hci_slip_write
</UL>
<BR>[Called By]<UL><LI><a href="#[3c]">&gt;&gt;</a>&nbsp;&nbsp;&nbsp;hci_transport_timeout_handle
<LI><a href="#[3b]">&gt;&gt;</a>&nbsp;&nbsp;&nbsp;slip_event_handle
<LI><a href="#[d3]">&gt;&gt;</a>&nbsp;&nbsp;&nbsp;tx_sm_state_change
</UL>

<P><STRONG><a name="[dd]"></a>pkt_write_handle</STRONG> (Thumb, 122 bytes, Stack size 8 bytes, hci_transport.o(.text), UNUSED)
<BR><BR>[Calls]<UL><LI><a href="#[a0]">&gt;&gt;</a>&nbsp;&nbsp;&nbsp;crc16_compute
<LI><a href="#[d3]">&gt;&gt;</a>&nbsp;&nbsp;&nbsp;tx_sm_state_change
<LI><a href="#[cd]">&gt;&gt;</a>&nbsp;&nbsp;&nbsp;header_checksum_calculate
<LI><a href="#[ca]">&gt;&gt;</a>&nbsp;&nbsp;&nbsp;hci_slip_write
</UL>
<BR>[Called By]<UL><LI><a href="#[de]">&gt;&gt;</a>&nbsp;&nbsp;&nbsp;hci_transport_pkt_write
</UL>

<P><STRONG><a name="[cd]"></a>header_checksum_calculate</STRONG> (Thumb, 18 bytes, Stack size 0 bytes, hci_transport.o(.text))
<BR><BR>[Called By]<UL><LI><a href="#[dd]">&gt;&gt;</a>&nbsp;&nbsp;&nbsp;pkt_write_handle
<LI><a href="#[cc]">&gt;&gt;</a>&nbsp;&nbsp;&nbsp;ack_transmit
</UL>

<P><STRONG><a name="[d3]"></a>tx_sm_state_change</STRONG> (Thumb, 8 bytes, Stack size 0 bytes, hci_transport.o(.text))
<BR><BR>[Calls]<UL><LI><a href="#[d2]">&gt;&gt;</a>&nbsp;&nbsp;&nbsp;tx_sm_event_handle
</UL>
<BR>[Called By]<UL><LI><a href="#[dd]">&gt;&gt;</a>&nbsp;&nbsp;&nbsp;pkt_write_handle
<LI><a href="#[d2]">&gt;&gt;</a>&nbsp;&nbsp;&nbsp;tx_sm_event_handle
</UL>
<P>
<H3>
Undefined Global Symbols
</H3>
<P><STRONG><a name="[e8]"></a>_call_atexit_fns</STRONG> (ARM, 0 bytes, Stack size 0 bytes, UNDEFINED)
<BR><BR>[Called By]<UL><LI><a href="#[4c]">&gt;&gt;</a>&nbsp;&nbsp;&nbsp;exit
</UL>
<HR></body></html>
