<html>
<body>
<pre>
<h1>µVision Build Log</h1>
<h2>Project:</h2>
C:\wangnan\SVN\51822_COS\N51822_V1.0\components\Example\bootloader\pca10028\single_bank_serial_s110\arm4\dfu_single_bank_serial_s110_pca10028.uvproj
Project File Date:  01/23/2018

<h2>Output:</h2>
Build Project 'dfu_single_bank_serial_s110_pca10028' - Target 'nrf51422_xxac'
compiling main.c...
C:\wangnan\SVN\51822_COS\N51822_V1.0\components\Example\bootloader\main.c(94): warning:  #177-D: function "leds_init" was declared but never referenced
  static void leds_init(void)
C:\wangnan\SVN\51822_COS\N51822_V1.0\components\Example\bootloader\main.c(112): warning:  #177-D: function "buttons_init" was declared but never referenced
  static void buttons_init(void)
..\..\..\main.c: 2 warnings, 0 errors
assembling arm_startup_nrf51.s...
compiling system_nrf51.c...
compiling ble_advdata.c...
compiling ble_conn_params.c...
compiling ble_srv_common.c...
compiling app_uart.c...
compiling nrf_delay.c...
compiling nrf_drv_common.c...
compiling nrf_drv_gpiote.c...
compiling pstorage_raw.c...
compiling app_error.c...
compiling app_scheduler.c...
compiling app_timer.c...
compiling app_timer_appsh.c...
compiling bootloader.c...
compiling bootloader_settings.c...
compiling bootloader_util.c...
compiling crc16.c...
compiling dfu_init_template.c...
compiling dfu_single_bank.c...
compiling dfu_transport_serial.c...
compiling hci_mem_pool.c...
compiling hci_slip.c...
C:\wangnan\SVN\51822_COS\N51822_V1.0\components\libraries\hci\hci_slip.c(316): warning:  #177-D: function "slip_uart_eventhandler" was declared but never referenced
  static void slip_uart_eventhandler(app_uart_evt_t * uart_event)
C:\wangnan\SVN\51822_COS\N51822_V1.0\components\libraries\hci\hci_slip.c(334): warning: C4017W: err_code may be used before being set
    uint32_t err_code;
..\..\..\..\..\..\components\libraries\hci\hci_slip.c: 2 warnings, 0 errors
compiling hci_transport.c...
compiling nrf_assert.c...
compiling softdevice_handler.c...
compiling softdevice_handler_appsh.c...
linking...
Program Size: Code=12348 RO-data=324 RW-data=256 ZI-data=5932  
FromELF: creating hex file...
".\_build\nrf51422_xxac.axf" - 0 Error(s), 4 Warning(s).
Load "C:\\wangnan\\SVN\\51822_COS\\N51822_V1.0\\components\\Example\\bootloader\\pca10028\\single_bank_serial_s110\\arm4\\_build\\nrf51422_xxac.axf" 
Set JLink Project File to "C:\wangnan\SVN\51822_COS\N51822_V1.0\components\Example\bootloader\pca10028\single_bank_serial_s110\arm4\JLinkSettings.ini"
* JLink Info: Device "NRF51422_XXAC" selected.
 
JLink info:
------------
DLL: V5.02c, compiled Sep 10 2015 17:39:31
Firmware: J-Link ARM-OB STM32 compiled Aug 22 2012 19:52:04
Hardware: V7.00
S/N : 20090928 
Feature(s) : RDI,FlashDL,FlashBP,JFlash,GDBFull 
 
* JLink Info: Found SWD-DP with ID 0x0BB11477
* JLink Info: Found Cortex-M0 r0p0, Little endian.
* JLink Info: FPUnit: 4 code (BP) slots and 0 literal slots
* JLink Info: CoreSight components:
* JLink Info: ROMTbl 0 @ F0000000
* JLink Info: ROMTbl 0 [0]: F00FF000, CID: B105100D, PID: 000BB471 ROM Table
* JLink Info: ROMTbl 1 @ E00FF000
* JLink Info: ROMTbl 1 [0]: FFF0F000, CID: B105E00D, PID: 000BB008 SCS
* JLink Info: ROMTbl 1 [1]: FFF02000, CID: B105E00D, PID: 000BB00A DWT
* JLink Info: ROMTbl 1 [2]: FFF03000, CID: B105E00D, PID: 000BB00B FPB
* JLink Info: ROMTbl 0 [1]: 00002000, CID: B105900D, PID: 000BB9A3 ???
ROMTableAddr = 0xE00FF003
 
Target info:
------------
Device: nRF51422_xxAC
VTarget = 3.300V
State of Pins: 
TCK: 0, TDI: 0, TDO: 1, TMS: 0, TRES: 1, TRST: 1
Hardware-Breakpoints: 4
Software-Breakpoints: 8192
Watchpoints:          2
JTAG speed: 2000 kHz
 
No Algorithm found for: 10001014H - 10001017H
Partial Erase Done (areas with no algorithms skipped!)
No Algorithm found for: 10001014H - 10001017H
Partial Programming Done (areas with no algorithms skipped!)
Partial Verify OK (areas with no algorithms skipped!)
Application running ...
W-data=256 ZI-data=5836  
compiling main.c...
C:\wangnan\SVN\51822_COS\N51822_V1.0\components\Example\bootloader\main.c(94): warning:  #177-D: function "leds_init" was declared but never referenced
  static void leds_init(void)
C:\wangnan\SVN\51822_COS\N51822_V1.0\components\Example\bootloader\main.c(112): warning:  #177-D: function "buttons_init" was declared but never referenced
  static void buttons_init(void)
..\..\..\main.c: 2 warnings, 0 errors
compiling system_nrf51.c...
compiling ble_advdata.c...
compiling ble_conn_params.c...
compiling ble_srv_common.c...
compiling app_uart.c...
compiling nrf_delay.c...
compiling nrf_drv_common.c...
compiling nrf_drv_gpiote.c...
compiling pstorage_raw.c...
compiling app_error.c...
compiling app_scheduler.c...
compiling app_timer.c...
compiling bootloader.c...
compiling bootloader_settings.c...
compiling dfu_init_template.c...
compiling dfu_single_bank.c...
compiling dfu_transport_serial.c...
compiling hci_mem_pool.c...
compiling hci_slip.c...
C:\wangnan\SVN\51822_COS\N51822_V1.0\components\libraries\hci\hci_slip.c(316): warning:  #177-D: function "slip_uart_eventhandler" was declared but never referenced
  static void slip_uart_eventhandler(app_uart_evt_t * uart_event)
C:\wangnan\SVN\51822_COS\N51822_V1.0\components\libraries\hci\hci_slip.c(334): warning: C4017W: err_code may be used before being set
    uint32_t err_code;
..\..\..\..\..\..\components\libraries\hci\hci_slip.c: 2 warnings, 0 errors
compiling hci_transport.c...
compiling softdevice_handler.c...
compiling softdevice_handler_appsh.c...
linking...
Program Size: Code=9804 RO-data=316 RW-data=256 ZI-data=5836  
FromELF: creating hex file...
".\_build\nrf51422_xxac.axf" - 0 Error(s), 4 Warning(s).
*** Completed Cross-Module-Optimization after 3 iteration(s).
