ARM Linker, 5.03 [Build 76] [MDK-ARM Standard]

==============================================================================

Section Cross References

    main.o(.text) refers to app_error.o(.text) for app_error_handler
    main.o(.text) refers to pstorage_raw.o(.text) for pstorage_sys_event_handler
    main.o(.text) refers to softdevice_handler.o(.text) for softdevice_handler_init
    main.o(.text) refers to app_timer.o(.text) for app_timer_init
    main.o(.text) refers to bootloader.o(.text) for bootloader_init
    main.o(.text) refers to app_scheduler.o(.text) for app_sched_init
    main.o(.text) refers to main.o(.constdata) for .constdata
    main.o(.text) refers to softdevice_handler_appsh.o(.text) for softdevice_evt_schedule
    main.o(.text) refers to main.o(.bss) for .bss
    main.o(.text) refers to app_timer_appsh.o(.text) for app_timer_evt_schedule
    arm_startup_nrf51.o(STACK) refers (Special) to heapauxi.o(.text) for __use_two_region_memory
    arm_startup_nrf51.o(HEAP) refers (Special) to heapauxi.o(.text) for __use_two_region_memory
    arm_startup_nrf51.o(RESET) refers (Special) to heapauxi.o(.text) for __use_two_region_memory
    arm_startup_nrf51.o(RESET) refers to arm_startup_nrf51.o(STACK) for __initial_sp
    arm_startup_nrf51.o(RESET) refers to arm_startup_nrf51.o(.text) for Reset_Handler
    arm_startup_nrf51.o(RESET) refers to app_uart.o(.text) for UART0_IRQHandler
    arm_startup_nrf51.o(RESET) refers to nrf_drv_gpiote.o(.text) for GPIOTE_IRQHandler
    arm_startup_nrf51.o(RESET) refers to app_timer.o(.text) for RTC1_IRQHandler
    arm_startup_nrf51.o(RESET) refers to softdevice_handler.o(.text) for SWI2_IRQHandler
    arm_startup_nrf51.o(.text) refers (Special) to heapauxi.o(.text) for __use_two_region_memory
    arm_startup_nrf51.o(.text) refers to system_nrf51.o(.text) for SystemInit
    arm_startup_nrf51.o(.text) refers to __main.o(!!!main) for __main
    arm_startup_nrf51.o(.text) refers to arm_startup_nrf51.o(HEAP) for Heap_Mem
    arm_startup_nrf51.o(.text) refers to arm_startup_nrf51.o(STACK) for Stack_Mem
    system_nrf51.o(.text) refers to system_nrf51.o(.data) for .data
    ble_advdata.o(.text) refers to rt_memcpy.o(.text) for __aeabi_memcpy
    ble_conn_params.o(.text) refers to rt_memcpy.o(.emb_text) for __aeabi_memcpy4
    ble_conn_params.o(.text) refers to rt_memcpy.o(.text) for __aeabi_memcpy
    ble_conn_params.o(.text) refers to app_timer.o(.text) for app_timer_create
    ble_conn_params.o(.text) refers to ble_conn_params.o(.data) for .data
    ble_conn_params.o(.text) refers to ble_conn_params.o(.bss) for .bss
    ble_srv_common.o(.text) refers to strlen.o(.text) for strlen
    ble_srv_common.o(.text) refers to ble_srv_common.o(i.__ARM_common_switch8) for __ARM_common_switch8
    ble_srv_common.o(.text) refers to rt_memclr.o(.text) for __aeabi_memclr4
    app_uart.o(.text) refers to ble_srv_common.o(i.__ARM_common_switch8) for __ARM_common_switch8
    app_uart.o(.text) refers to nrf_drv_gpiote.o(.text) for nrf_drv_gpiote_in_is_set
    app_uart.o(.text) refers to app_uart.o(.data) for .data
    app_uart.o(.text) refers to app_uart.o(.constdata) for .constdata
    nrf_delay.o(.text) refers to nrf_delay.o(.emb_text) for __asm___11_nrf_delay_c_532987f3__nrf_delay_us
    nrf_drv_gpiote.o(.text) refers to nrf_drv_common.o(.text) for nrf_drv_common_irq_enable
    nrf_drv_gpiote.o(.text) refers to nrf_drv_gpiote.o(.bss) for .bss
    pstorage_raw.o(.text) refers to aeabi_sdiv.o(.text) for __aeabi_uidivmod
    pstorage_raw.o(.text) refers to pstorage_raw.o(.bss) for .bss
    pstorage_raw.o(.text) refers to pstorage_raw.o(.data) for .data
    app_scheduler.o(.text) refers to app_error.o(.text) for app_error_handler
    app_scheduler.o(.text) refers to rt_memcpy.o(.text) for __aeabi_memcpy
    app_scheduler.o(.text) refers to app_scheduler.o(.data) for .data
    app_timer.o(.text) refers to app_timer.o(.emb_text) for __asm___11_app_timer_c_cd27f9c3__nrf_delay_us
    app_timer.o(.text) refers to app_error.o(.text) for app_error_handler
    app_timer.o(.text) refers to app_timer.o(.data) for .data
    app_timer_appsh.o(.text) refers to app_error.o(.text) for app_error_handler
    app_timer_appsh.o(.text) refers to app_scheduler.o(.text) for app_sched_event_put
    bootloader.o(.text) refers to app_error.o(.text) for app_error_handler
    bootloader.o(.text) refers to app_scheduler.o(.text) for app_sched_execute
    bootloader.o(.text) refers to bootloader_settings.o(.text) for bootloader_util_settings_get
    bootloader.o(.text) refers to crc16.o(.text) for crc16_compute
    bootloader.o(.text) refers to pstorage_raw.o(.text) for pstorage_clear
    bootloader.o(.text) refers to dfu_transport_serial.o(.text) for dfu_transport_close
    bootloader.o(.text) refers to dfu_single_bank.o(.text) for dfu_init
    bootloader.o(.text) refers to bootloader_util.o(.text) for bootloader_util_app_start
    bootloader.o(.text) refers to nrf_delay.o(.text) for nrf_delay_ms
[...]
    libinit.o(.ARM.Collect$$libinit$$00000000) refers (Special) to libinit2.o(.ARM.Collect$$libinit$$00000017) for __rt_lib_init_lc_time_1
    libinit.o(.ARM.Collect$$libinit$$00000000) refers (Special) to libinit2.o(.ARM.Collect$$libinit$$0000000C) for __rt_lib_init_rand_1
    libinit.o(.ARM.Collect$$libinit$$00000000) refers (Special) to libinit2.o(.ARM.Collect$$libinit$$00000031) for __rt_lib_init_return
    libinit.o(.ARM.Collect$$libinit$$00000000) refers (Special) to libinit2.o(.ARM.Collect$$libinit$$0000001B) for __rt_lib_init_signal_1
    libinit.o(.ARM.Collect$$libinit$$00000000) refers (Special) to libinit2.o(.ARM.Collect$$libinit$$00000023) for __rt_lib_init_stdio_1
    libinit.o(.ARM.Collect$$libinit$$00000000) refers (Special) to libinit2.o(.ARM.Collect$$libinit$$0000000A) for __rt_lib_init_user_alloc_1
    libspace.o(.text) refers to libspace.o(.bss) for __libspace_start
    rtexit.o(.ARM.Collect$$rtexit$$00000000) refers (Special) to rtexit2.o(.ARM.Collect$$rtexit$$00000004) for __rt_exit_exit
    rtexit.o(.ARM.Collect$$rtexit$$00000000) refers (Special) to rtexit2.o(.ARM.Collect$$rtexit$$00000003) for __rt_exit_ls
    rtexit.o(.ARM.Collect$$rtexit$$00000000) refers (Special) to rtexit2.o(.ARM.Collect$$rtexit$$00000002) for __rt_exit_prels_1
    rtexit.o(.ARM.exidx) refers (Special) to rtexit2.o(.ARM.Collect$$rtexit$$00000004) for __rt_exit_exit
    rtexit.o(.ARM.exidx) refers (Special) to rtexit2.o(.ARM.Collect$$rtexit$$00000003) for __rt_exit_ls
    rtexit.o(.ARM.exidx) refers (Special) to rtexit2.o(.ARM.Collect$$rtexit$$00000002) for __rt_exit_prels_1
    rtexit.o(.ARM.exidx) refers to rtexit.o(.ARM.Collect$$rtexit$$00000000) for .ARM.Collect$$rtexit$$00000000
    rt_raise.o(.text) refers to __raise.o(.text) for __raise
    rt_raise.o(.text) refers to sys_exit.o(.text) for _sys_exit
    defsig_exit.o(.text) refers to sys_exit.o(.text) for _sys_exit
    defsig_fpe_inner.o(.text) refers to defsig_general.o(.text) for __default_signal_display
    libinit2.o(.ARM.Collect$$libinit$$0000000E) refers to libinit2.o(.ARM.Collect$$libinit$$0000000D) for .ARM.Collect$$libinit$$0000000D
    libinit2.o(.ARM.Collect$$libinit$$00000010) refers to libinit2.o(.ARM.Collect$$libinit$$0000000D) for .ARM.Collect$$libinit$$0000000D
    libinit2.o(.ARM.Collect$$libinit$$00000012) refers to libinit2.o(.ARM.Collect$$libinit$$0000000D) for .ARM.Collect$$libinit$$0000000D
    libinit2.o(.ARM.Collect$$libinit$$00000014) refers to libinit2.o(.ARM.Collect$$libinit$$0000000D) for .ARM.Collect$$libinit$$0000000D
    libinit2.o(.ARM.Collect$$libinit$$00000016) refers to libinit2.o(.ARM.Collect$$libinit$$0000000D) for .ARM.Collect$$libinit$$0000000D
    libinit2.o(.ARM.Collect$$libinit$$00000024) refers to argv_veneer.o(.text) for __ARM_argv_veneer
    libinit2.o(.ARM.Collect$$libinit$$00000025) refers to argv_veneer.o(.text) for __ARM_argv_veneer
    sys_exit.o(.text) refers (Special) to use_no_semi.o(.text) for __I$use$semihosting
    sys_exit.o(.text) refers (Special) to indicate_semi.o(.text) for __semihosting_library_function
    rtexit2.o(.ARM.Collect$$rtexit$$00000003) refers to libshutdown.o(.ARM.Collect$$libshutdown$$00000000) for __rt_lib_shutdown
    rtexit2.o(.ARM.Collect$$rtexit$$00000004) refers to sys_exit.o(.text) for _sys_exit
    rtexit2.o(.ARM.exidx) refers to rtexit2.o(.ARM.Collect$$rtexit$$00000001) for .ARM.Collect$$rtexit$$00000001
    rtexit2.o(.ARM.exidx) refers to rtexit2.o(.ARM.Collect$$rtexit$$00000003) for .ARM.Collect$$rtexit$$00000003
    rtexit2.o(.ARM.exidx) refers to rtexit2.o(.ARM.Collect$$rtexit$$00000004) for .ARM.Collect$$rtexit$$00000004
    __raise.o(.text) refers to defsig.o(CL$$defsig) for __default_signal_handler
    defsig_general.o(.text) refers to sys_wrch.o(.text) for _ttywrch
    sys_wrch.o(.text) refers (Special) to use_no_semi.o(.text) for __I$use$semihosting
    sys_wrch.o(.text) refers (Special) to indicate_semi.o(.text) for __semihosting_library_function
    defsig.o(CL$$defsig) refers to defsig_fpe_inner.o(.text) for __rt_SIGFPE_inner
    defsig.o(CL$$defsig) refers to defsig_rtmem_inner.o(.text) for __rt_SIGRTMEM_inner
    _get_argv_nomalloc.o(.text) refers (Special) to hrguard.o(.text) for __heap_region$guard
    _get_argv_nomalloc.o(.text) refers to defsig_rtmem_outer.o(.text) for __rt_SIGRTMEM
    _get_argv_nomalloc.o(.text) refers to sys_command.o(.text) for _sys_command_string
    libshutdown.o(.ARM.Collect$$libshutdown$$00000000) refers (Special) to libshutdown2.o(.ARM.Collect$$libshutdown$$00000006) for __rt_lib_shutdown_fp_trap_1
    libshutdown.o(.ARM.Collect$$libshutdown$$00000000) refers (Special) to libshutdown2.o(.ARM.Collect$$libshutdown$$0000000E) for __rt_lib_shutdown_heap_1
    libshutdown.o(.ARM.Collect$$libshutdown$$00000000) refers (Special) to libshutdown2.o(.ARM.Collect$$libshutdown$$0000000F) for __rt_lib_shutdown_return
    libshutdown.o(.ARM.Collect$$libshutdown$$00000000) refers (Special) to libshutdown2.o(.ARM.Collect$$libshutdown$$00000009) for __rt_lib_shutdown_signal_1
    libshutdown.o(.ARM.Collect$$libshutdown$$00000000) refers (Special) to libshutdown2.o(.ARM.Collect$$libshutdown$$00000003) for __rt_lib_shutdown_stdio_1
    libshutdown.o(.ARM.Collect$$libshutdown$$00000000) refers (Special) to libshutdown2.o(.ARM.Collect$$libshutdown$$0000000B) for __rt_lib_shutdown_user_alloc_1
    sys_command.o(.text) refers (Special) to use_no_semi.o(.text) for __I$use$semihosting
    sys_command.o(.text) refers (Special) to indicate_semi.o(.text) for __semihosting_library_function
    defsig_abrt_inner.o(.text) refers to defsig_general.o(.text) for __default_signal_display
    defsig_rtred_inner.o(.text) refers to defsig_general.o(.text) for __default_signal_display
    defsig_rtmem_inner.o(.text) refers to defsig_general.o(.text) for __default_signal_display
    defsig_rtmem_outer.o(.text) refers to defsig_rtmem_inner.o(.text) for __rt_SIGRTMEM_inner
    defsig_rtmem_outer.o(.text) refers to defsig_exit.o(.text) for __sig_exit
    defsig_rtmem_formal.o(.text) refers to rt_raise.o(.text) for __rt_raise
    defsig_stak_inner.o(.text) refers to defsig_general.o(.text) for __default_signal_display
    defsig_pvfn_inner.o(.text) refers to defsig_general.o(.text) for __default_signal_display
    defsig_cppl_inner.o(.text) refers to defsig_general.o(.text) for __default_signal_display
    defsig_segv_inner.o(.text) refers to defsig_general.o(.text) for __default_signal_display
    defsig_other.o(.text) refers to defsig_general.o(.text) for __default_signal_display


==============================================================================

Removing Unused input sections from the image.

    Removing main.o(.rev16_text), (4 bytes).
    Removing main.o(.revsh_text), (4 bytes).
    Removing system_nrf51.o(.rev16_text), (4 bytes).
    Removing system_nrf51.o(.revsh_text), (4 bytes).
    Removing ble_advdata.o(.text), (1088 bytes).
    Removing ble_conn_params.o(.text), (512 bytes).
    Removing ble_conn_params.o(.bss), (28 bytes).
    Removing ble_conn_params.o(.data), (24 bytes).
    Removing ble_srv_common.o(.text), (354 bytes).
    Removing app_uart.o(.rev16_text), (4 bytes).
    Removing app_uart.o(.revsh_text), (4 bytes).
    Removing nrf_delay.o(.rev16_text), (4 bytes).
    Removing nrf_delay.o(.revsh_text), (4 bytes).
    Removing nrf_drv_common.o(.rev16_text), (4 bytes).
    Removing nrf_drv_common.o(.revsh_text), (4 bytes).
    Removing nrf_drv_gpiote.o(.rev16_text), (4 bytes).
    Removing nrf_drv_gpiote.o(.revsh_text), (4 bytes).
    Removing pstorage_raw.o(.rev16_text), (4 bytes).
    Removing pstorage_raw.o(.revsh_text), (4 bytes).
    Removing app_error.o(.rev16_text), (4 bytes).
    Removing app_error.o(.revsh_text), (4 bytes).
    Removing app_scheduler.o(.rev16_text), (4 bytes).
    Removing app_scheduler.o(.revsh_text), (4 bytes).
    Removing app_timer.o(.rev16_text), (4 bytes).
    Removing app_timer.o(.revsh_text), (4 bytes).
    Removing bootloader.o(.rev16_text), (4 bytes).
    Removing bootloader.o(.revsh_text), (4 bytes).
    Removing bootloader.o(.emb_text), (30 bytes).
    Removing bootloader_settings.o(.rev16_text), (4 bytes).
    Removing bootloader_settings.o(.revsh_text), (4 bytes).
    Removing bootloader_settings.o(.data), (4 bytes).
    Removing dfu_init_template.o(.rev16_text), (4 bytes).
    Removing dfu_init_template.o(.revsh_text), (4 bytes).
    Removing dfu_single_bank.o(.rev16_text), (4 bytes).
    Removing dfu_single_bank.o(.revsh_text), (4 bytes).
    Removing dfu_transport_serial.o(.rev16_text), (4 bytes).
    Removing dfu_transport_serial.o(.revsh_text), (4 bytes).
    Removing hci_slip.o(.rev16_text), (4 bytes).
    Removing hci_slip.o(.revsh_text), (4 bytes).
    Removing softdevice_handler.o(.rev16_text), (4 bytes).
    Removing softdevice_handler.o(.revsh_text), (4 bytes).
    Removing softdevice_handler_appsh.o(.rev16_text), (4 bytes).
    Removing softdevice_handler_appsh.o(.revsh_text), (4 bytes).

43 unused section(s) (total 2184 bytes) removed from the image.

==============================================================================

Image Symbol Table

    Local Symbols

    Symbol Name                              Value     Ov Type        Size  Object(Section)

    ../clib/angel/boardlib.s                 0x00000000   Number         0  boardinit2.o ABSOLUTE
    ../clib/angel/boardlib.s                 0x00000000   Number         0  boardinit1.o ABSOLUTE
    ../clib/angel/boardlib.s                 0x00000000   Number         0  boardinit3.o ABSOLUTE
    ../clib/angel/boardlib.s                 0x00000000   Number         0  boardshut.o ABSOLUTE
    ../clib/angel/handlers.s                 0x00000000   Number         0  __scatter_copy.o ABSOLUTE
    ../clib/angel/handlers.s                 0x00000000   Number         0  __scatter_zi.o ABSOLUTE
    ../clib/angel/kernel.s                   0x00000000   Number         0  rtentry4.o ABSOLUTE
    ../clib/angel/kernel.s                   0x00000000   Number         0  rtentry.o ABSOLUTE
    ../clib/angel/kernel.s                   0x00000000   Number         0  rtentry2.o ABSOLUTE
    ../clib/angel/kernel.s                   0x00000000   Number         0  rtexit2.o ABSOLUTE
    ../clib/angel/kernel.s                   0x00000000   Number         0  rtexit.o ABSOLUTE
    ../clib/angel/rt.s                       0x00000000   Number         0  aeabi_idiv0.o ABSOLUTE
    ../clib/angel/rt.s                       0x00000000   Number         0  rt_div0.o ABSOLUTE
    ../clib/angel/rt.s                       0x00000000   Number         0  aeabi_idiv0_sigfpe.o ABSOLUTE
    ../clib/angel/rt.s                       0x00000000   Number         0  rt_raise.o ABSOLUTE
    ../clib/angel/scatterp.s                 0x00000000   Number         0  __scatter.o ABSOLUTE
    ../clib/angel/startup.s                  0x00000000   Number         0  __main.o ABSOLUTE
    ../clib/angel/sys.s                      0x00000000   Number         0  indicate_semi.o ABSOLUTE
    ../clib/angel/sys.s                      0x00000000   Number         0  tempstk.o ABSOLUTE
    ../clib/angel/sys.s                      0x00000000   Number         0  libspace.o ABSOLUTE
    ../clib/angel/sys.s                      0x00000000   Number         0  use_no_semi.o ABSOLUTE
    ../clib/angel/sys.s                      0x00000000   Number         0  sys_stackheap_outer.o ABSOLUTE
    ../clib/angel/sysapp.c                   0x00000000   Number         0  sys_command.o ABSOLUTE
    ../clib/angel/sysapp.c                   0x00000000   Number         0  sys_wrch.o ABSOLUTE
    ../clib/angel/sysapp.c                   0x00000000   Number         0  sys_exit.o ABSOLUTE
    ../clib/armsys.c                         0x00000000   Number         0  no_argv.o ABSOLUTE
    ../clib/armsys.c                         0x00000000   Number         0  _get_argv_nomalloc.o ABSOLUTE
    ../clib/armsys.c                         0x00000000   Number         0  argv_veneer.o ABSOLUTE
    ../clib/division.s                       0x00000000   Number         0  aeabi_sdiv.o ABSOLUTE
    ../clib/division.s                       0x00000000   Number         0  aeabi_sdiv_div0.o ABSOLUTE
    ../clib/heapalloc.c                      0x00000000   Number         0  hrguard.o ABSOLUTE
    ../clib/heapaux.c                        0x00000000   Number         0  heapauxi.o ABSOLUTE
    ../clib/libinit.s                        0x00000000   Number         0  libinit2.o ABSOLUTE
    ../clib/libinit.s                        0x00000000   Number         0  libshutdown2.o ABSOLUTE
    ../clib/libinit.s                        0x00000000   Number         0  libinit.o ABSOLUTE
    ../clib/libinit.s                        0x00000000   Number         0  libshutdown.o ABSOLUTE
    ../clib/memcpset.c                       0x00000000   Number         0  rt_memcpy.o ABSOLUTE
    ../clib/memcpset.c                       0x00000000   Number         0  rt_memcpy.o ABSOLUTE
    ../clib/memcpset.c                       0x00000000   Number         0  rt_memclr.o ABSOLUTE
    ../clib/signal.c                         0x00000000   Number         0  defsig_other.o ABSOLUTE
    ../clib/signal.c                         0x00000000   Number         0  defsig_fpe_formal.o ABSOLUTE
    ../clib/signal.c                         0x00000000   Number         0  defsig_fpe_outer.o ABSOLUTE
    ../clib/signal.c                         0x00000000   Number         0  defsig_exit.o ABSOLUTE
    ../clib/signal.c                         0x00000000   Number         0  defsig_abrt_inner.o ABSOLUTE
    ../clib/signal.c                         0x00000000   Number         0  defsig_rtred_inner.o ABSOLUTE
    ../clib/signal.c                         0x00000000   Number         0  defsig_rtmem_inner.o ABSOLUTE
    ../clib/signal.c                         0x00000000   Number         0  defsig_rtmem_outer.o ABSOLUTE
    ../clib/signal.c                         0x00000000   Number         0  defsig_rtmem_formal.o ABSOLUTE
    ../clib/signal.c                         0x00000000   Number         0  defsig_stak_inner.o ABSOLUTE
    ../clib/signal.c                         0x00000000   Number         0  defsig_fpe_inner.o ABSOLUTE
    ../clib/signal.c                         0x00000000   Number         0  defsig_pvfn_inner.o ABSOLUTE
    ../clib/signal.c                         0x00000000   Number         0  defsig_general.o ABSOLUTE
    ../clib/signal.c                         0x00000000   Number         0  __raise.o ABSOLUTE
    ../clib/signal.c                         0x00000000   Number         0  defsig_cppl_inner.o ABSOLUTE
    ../clib/signal.c                         0x00000000   Number         0  defsig_segv_inner.o ABSOLUTE
    ../clib/signal.s                         0x00000000   Number         0  defsig.o ABSOLUTE
    ../clib/stdlib.c                         0x00000000   Number         0  exit.o ABSOLUTE
    ../clib/string.c                         0x00000000   Number         0  strlen.o ABSOLUTE
    ../clib/unhosted.c                       0x00000000   Number         0  uread4.o ABSOLUTE
    ../fplib/cfplib/fpinit.c                 0x00000000   Number         0  fpinit.o ABSOLUTE
    ..\..\..\..\..\..\components\ble\common\ble_advdata.c 0x00000000   Number         0  ble_advdata.o ABSOLUTE
    ..\..\..\..\..\..\components\ble\common\ble_conn_params.c 0x00000000   Number         0  ble_conn_params.o ABSOLUTE
    ..\..\..\..\..\..\components\ble\common\ble_srv_common.c 0x00000000   Number         0  ble_srv_common.o ABSOLUTE
    ..\..\..\..\..\..\components\drivers_nrf\common\nrf_drv_common.c 0x00000000   Number         0  nrf_drv_common.o ABSOLUTE
    ..\..\..\..\..\..\components\drivers_nrf\gpiote\nrf_drv_gpiote.c 0x00000000   Number         0  nrf_drv_gpiote.o ABSOLUTE
    ..\..\..\..\..\..\components\drivers_nrf\hal\nrf_delay.c 0x00000000   Number         0  nrf_delay.o ABSOLUTE
    ..\..\..\..\..\..\components\drivers_nrf\pstorage\pstorage_raw.c 0x00000000   Number         0  pstorage_raw.o ABSOLUTE
    ..\..\..\..\..\..\components\drivers_nrf\uart\app_uart.c 0x00000000   Number         0  app_uart.o ABSOLUTE
    ..\..\..\..\..\..\components\libraries\bootloader_dfu\bootloader.c 0x00000000   Number         0  bootloader.o ABSOLUTE
    ..\..\..\..\..\..\components\libraries\bootloader_dfu\bootloader_settings.c 0x00000000   Number         0  bootloader_settings.o ABSOLUTE
    ..\..\..\..\..\..\components\libraries\bootloader_dfu\bootloader_util.c 0x00000000   Number         0  bootloader_util.o ABSOLUTE
    ..\..\..\..\..\..\components\libraries\bootloader_dfu\dfu_init_template.c 0x00000000   Number         0  dfu_init_template.o ABSOLUTE
    ..\..\..\..\..\..\components\libraries\bootloader_dfu\dfu_single_bank.c 0x00000000   Number         0  dfu_single_bank.o ABSOLUTE
    ..\..\..\..\..\..\components\libraries\bootloader_dfu\dfu_transport_serial.c 0x00000000   Number         0  dfu_transport_serial.o ABSOLUTE
    ..\..\..\..\..\..\components\libraries\crc16\crc16.c 0x00000000   Number         0  crc16.o ABSOLUTE
    ..\..\..\..\..\..\components\libraries\hci\hci_mem_pool.c 0x00000000   Number         0  hci_mem_pool.o ABSOLUTE
    ..\..\..\..\..\..\components\libraries\hci\hci_slip.c 0x00000000   Number         0  hci_slip.o ABSOLUTE
    ..\..\..\..\..\..\components\libraries\hci\hci_transport.c 0x00000000   Number         0  hci_transport.o ABSOLUTE
    ..\..\..\..\..\..\components\libraries\scheduler\app_scheduler.c 0x00000000   Number         0  app_scheduler.o ABSOLUTE
    ..\..\..\..\..\..\components\libraries\timer\app_timer.c 0x00000000   Number         0  app_timer.o ABSOLUTE
    ..\..\..\..\..\..\components\libraries\timer\app_timer_appsh.c 0x00000000   Number         0  app_timer_appsh.o ABSOLUTE
    ..\..\..\..\..\..\components\libraries\util\app_error.c 0x00000000   Number         0  app_error.o ABSOLUTE
    ..\..\..\..\..\..\components\libraries\util\nrf_assert.c 0x00000000   Number         0  nrf_assert.o ABSOLUTE
    ..\..\..\..\..\..\components\softdevice\common\softdevice_handler\softdevice_handler.c 0x00000000   Number         0  softdevice_handler.o ABSOLUTE
    ..\..\..\..\..\..\components\softdevice\common\softdevice_handler\softdevice_handler_appsh.c 0x00000000   Number         0  softdevice_handler_appsh.o ABSOLUTE
    ..\..\..\..\..\..\components\toolchain\arm\arm_startup_nrf51.s 0x00000000   Number         0  arm_startup_nrf51.o ABSOLUTE
    ..\..\..\..\..\..\components\toolchain\system_nrf51.c 0x00000000   Number         0  system_nrf51.o ABSOLUTE
    ..\..\..\main.c                          0x00000000   Number         0  main.o ABSOLUTE
    ..\\..\\..\\..\\..\\..\\components\\drivers_nrf\\common\\nrf_drv_common.c 0x00000000   Number         0  nrf_drv_common.o ABSOLUTE
    ..\\..\\..\\..\\..\\..\\components\\drivers_nrf\\gpiote\\nrf_drv_gpiote.c 0x00000000   Number         0  nrf_drv_gpiote.o ABSOLUTE
    ..\\..\\..\\..\\..\\..\\components\\drivers_nrf\\hal\\nrf_delay.c 0x00000000   Number         0  nrf_delay.o ABSOLUTE
    ..\\..\\..\\..\\..\\..\\components\\drivers_nrf\\pstorage\\pstorage_raw.c 0x00000000   Number         0  pstorage_raw.o ABSOLUTE
    ..\\..\\..\\..\\..\\..\\components\\drivers_nrf\\uart\\app_uart.c 0x00000000   Number         0  app_uart.o ABSOLUTE
    ..\\..\\..\\..\\..\\..\\components\\libraries\\bootloader_dfu\\bootloader.c 0x00000000   Number         0  bootloader.o ABSOLUTE
    ..\\..\\..\\..\\..\\..\\components\\libraries\\bootloader_dfu\\bootloader_settings.c 0x00000000   Number         0  bootloader_settings.o ABSOLUTE
    ..\\..\\..\\..\\..\\..\\components\\libraries\\bootloader_dfu\\bootloader_util.c 0x00000000   Number         0  bootloader_util.o ABSOLUTE
    ..\\..\\..\\..\\..\\..\\components\\libraries\\bootloader_dfu\\dfu_init_template.c 0x00000000   Number         0  dfu_init_template.o ABSOLUTE
    ..\\..\\..\\..\\..\\..\\components\\libraries\\bootloader_dfu\\dfu_single_bank.c 0x00000000   Number         0  dfu_single_bank.o ABSOLUTE
    ..\\..\\..\\..\\..\\..\\components\\libraries\\bootloader_dfu\\dfu_transport_serial.c 0x00000000   Number         0  dfu_transport_serial.o ABSOLUTE
    ..\\..\\..\\..\\..\\..\\components\\libraries\\hci\\hci_slip.c 0x00000000   Number         0  hci_slip.o ABSOLUTE
    ..\\..\\..\\..\\..\\..\\components\\libraries\\scheduler\\app_scheduler.c 0x00000000   Number         0  app_scheduler.o ABSOLUTE
    ..\\..\\..\\..\\..\\..\\components\\libraries\\timer\\app_timer.c 0x00000000   Number         0  app_timer.o ABSOLUTE
    ..\\..\\..\\..\\..\\..\\components\\libraries\\util\\app_error.c 0x00000000   Number         0  app_error.o ABSOLUTE
    ..\\..\\..\\..\\..\\..\\components\\softdevice\\common\\softdevice_handler\\softdevice_handler.c 0x00000000   Number         0  softdevice_handler.o ABSOLUTE
    ..\\..\\..\\..\\..\\..\\components\\softdevice\\common\\softdevice_handler\\softdevice_handler_appsh.c 0x00000000   Number         0  softdevice_handler_appsh.o ABSOLUTE
    ..\\..\\..\\..\\..\\..\\components\\toolchain\\system_nrf51.c 0x00000000   Number         0  system_nrf51.o ABSOLUTE
    ..\\..\\..\\main.c                       0x00000000   Number         0  main.o ABSOLUTE
    dc.s                                     0x00000000   Number         0  dc.o ABSOLUTE
    RESET                                    0x0003c000   Section      192  arm_startup_nrf51.o(RESET)
    !!!main                                  0x0003c0c0   Section        8  __main.o(!!!main)
    !!!scatter                               0x0003c0c8   Section       60  __scatter.o(!!!scatter)
    !!handler_copy                           0x0003c104   Section       26  __scatter_copy.o(!!handler_copy)
    !!handler_zi                             0x0003c120   Section       28  __scatter_zi.o(!!handler_zi)
    .ARM.Collect$$libinit$$00000000          0x0003c13c   Section        2  libinit.o(.ARM.Collect$$libinit$$00000000)
    .ARM.Collect$$libinit$$00000001          0x0003c13e   Section        4  libinit2.o(.ARM.Collect$$libinit$$00000001)
    .ARM.Collect$$libinit$$00000008          0x0003c142   Section        0  libinit2.o(.ARM.Collect$$libinit$$00000008)
    .ARM.Collect$$libinit$$0000000A          0x0003c142   Section        0  libinit2.o(.ARM.Collect$$libinit$$0000000A)
    .ARM.Collect$$libinit$$0000000C          0x0003c142   Section        0  libinit2.o(.ARM.Collect$$libinit$$0000000C)
    .ARM.Collect$$libinit$$0000000F          0x0003c142   Section        0  libinit2.o(.ARM.Collect$$libinit$$0000000F)
    .ARM.Collect$$libinit$$00000011          0x0003c142   Section        0  libinit2.o(.ARM.Collect$$libinit$$00000011)
    .ARM.Collect$$libinit$$00000013          0x0003c142   Section        0  libinit2.o(.ARM.Collect$$libinit$$00000013)
    .ARM.Collect$$libinit$$00000015          0x0003c142   Section        0  libinit2.o(.ARM.Collect$$libinit$$00000015)
    .ARM.Collect$$libinit$$00000017          0x0003c142   Section        0  libinit2.o(.ARM.Collect$$libinit$$00000017)
    .ARM.Collect$$libinit$$00000019          0x0003c142   Section        0  libinit2.o(.ARM.Collect$$libinit$$00000019)
    .ARM.Collect$$libinit$$0000001B          0x0003c142   Section        0  libinit2.o(.ARM.Collect$$libinit$$0000001B)
    .ARM.Collect$$libinit$$0000001D          0x0003c142   Section        0  libinit2.o(.ARM.Collect$$libinit$$0000001D)
    .ARM.Collect$$libinit$$0000001F          0x0003c142   Section        0  libinit2.o(.ARM.Collect$$libinit$$0000001F)
    .ARM.Collect$$libinit$$00000021          0x0003c142   Section        0  libinit2.o(.ARM.Collect$$libinit$$00000021)
    .ARM.Collect$$libinit$$00000023          0x0003c142   Section        0  libinit2.o(.ARM.Collect$$libinit$$00000023)
    .ARM.Collect$$libinit$$0000002A          0x0003c142   Section        0  libinit2.o(.ARM.Collect$$libinit$$0000002A)
    .ARM.Collect$$libinit$$0000002C          0x0003c142   Section        0  libinit2.o(.ARM.Collect$$libinit$$0000002C)
    .ARM.Collect$$libinit$$0000002E          0x0003c142   Section        0  libinit2.o(.ARM.Collect$$libinit$$0000002E)
    .ARM.Collect$$libinit$$00000030          0x0003c142   Section        0  libinit2.o(.ARM.Collect$$libinit$$00000030)
    .ARM.Collect$$libinit$$00000031          0x0003c142   Section        2  libinit2.o(.ARM.Collect$$libinit$$00000031)
    .ARM.Collect$$libshutdown$$00000000      0x0003c144   Section        2  libshutdown.o(.ARM.Collect$$libshutdown$$00000000)
    .ARM.Collect$$libshutdown$$00000003      0x0003c146   Section        0  libshutdown2.o(.ARM.Collect$$libshutdown$$00000003)
    .ARM.Collect$$libshutdown$$00000006      0x0003c146   Section        0  libshutdown2.o(.ARM.Collect$$libshutdown$$00000006)
    .ARM.Collect$$libshutdown$$00000009      0x0003c146   Section        0  libshutdown2.o(.ARM.Collect$$libshutdown$$00000009)
    .ARM.Collect$$libshutdown$$0000000B      0x0003c146   Section        0  libshutdown2.o(.ARM.Collect$$libshutdown$$0000000B)
    .ARM.Collect$$libshutdown$$0000000E      0x0003c146   Section        0  libshutdown2.o(.ARM.Collect$$libshutdown$$0000000E)
    .ARM.Collect$$libshutdown$$0000000F      0x0003c146   Section        2  libshutdown2.o(.ARM.Collect$$libshutdown$$0000000F)
    .ARM.Collect$$rtentry$$00000000          0x0003c148   Section        0  rtentry.o(.ARM.Collect$$rtentry$$00000000)
    .ARM.Collect$$rtentry$$00000002          0x0003c148   Section        0  rtentry2.o(.ARM.Collect$$rtentry$$00000002)
    .ARM.Collect$$rtentry$$00000004          0x0003c148   Section        6  rtentry4.o(.ARM.Collect$$rtentry$$00000004)
    .ARM.Collect$$rtentry$$00000009          0x0003c14e   Section        0  rtentry2.o(.ARM.Collect$$rtentry$$00000009)
    .ARM.Collect$$rtentry$$0000000A          0x0003c14e   Section        4  rtentry2.o(.ARM.Collect$$rtentry$$0000000A)
    .ARM.Collect$$rtentry$$0000000C          0x0003c152   Section        0  rtentry2.o(.ARM.Collect$$rtentry$$0000000C)
    .ARM.Collect$$rtentry$$0000000D          0x0003c152   Section        8  rtentry2.o(.ARM.Collect$$rtentry$$0000000D)
    .ARM.Collect$$rtexit$$00000000           0x0003c15a   Section        2  rtexit.o(.ARM.Collect$$rtexit$$00000000)
    .ARM.Collect$$rtexit$$00000002           0x0003c15c   Section        0  rtexit2.o(.ARM.Collect$$rtexit$$00000002)
    .ARM.Collect$$rtexit$$00000003           0x0003c15c   Section        4  rtexit2.o(.ARM.Collect$$rtexit$$00000003)
    .ARM.Collect$$rtexit$$00000004           0x0003c160   Section        6  rtexit2.o(.ARM.Collect$$rtexit$$00000004)
    .emb_text                                0x0003c168   Section       30  nrf_delay.o(.emb_text)
    .emb_text                                0x0003c188   Section       30  app_timer.o(.emb_text)
    .emb_text                                0x0003c1a8   Section       52  bootloader_util.o(.emb_text)
    .emb_text                                0x0003c1dc   Section       56  rt_memcpy.o(.emb_text)
    .text                                    0x0003c214   Section        0  main.o(.text)
    sys_evt_dispatch                         0x0003c223   Thumb Code     8  main.o(.text)
    ble_stack_init                           0x0003c22b   Thumb Code   126  main.o(.text)
    scheduler_init                           0x0003c399   Thumb Code    28  main.o(.text)
    .text                                    0x0003c3e0   Section       80  arm_startup_nrf51.o(.text)
    .text                                    0x0003c430   Section        0  system_nrf51.o(.text)
    is_manual_peripheral_setup_needed        0x0003c479   Thumb Code    66  system_nrf51.o(.text)
    .text                                    0x0003c4d8   Section        0  app_uart.o(.text)
    on_uart_event                            0x0003c4f3   Thumb Code   114  app_uart.o(.text)
    gpiote_uart_event_handler                0x0003c565   Thumb Code    22  app_uart.o(.text)
    action_uart_deactivate                   0x0003c793   Thumb Code    20  app_uart.o(.text)
    .text                                    0x0003c7dc   Section        0  nrf_delay.o(.text)
    .text                                    0x0003c7f8   Section        0  nrf_drv_common.o(.text)
    .text                                    0x0003c858   Section        0  nrf_drv_gpiote.o(.text)
    nrf_gpio_cfg_sense_set                   0x0003c859   Thumb Code    26  nrf_drv_gpiote.o(.text)
    channel_port_alloc                       0x0003c873   Thumb Code    64  nrf_drv_gpiote.o(.text)
    nrf_gpiote_event_is_set                  0x0003cd5b   Thumb Code    14  nrf_drv_gpiote.o(.text)
    pin_in_use_by_te                         0x0003cd69   Thumb Code    20  nrf_drv_gpiote.o(.text)
    pin_in_use_by_port                       0x0003cd7d   Thumb Code    20  nrf_drv_gpiote.o(.text)
    channel_port_get                         0x0003cd91   Thumb Code    10  nrf_drv_gpiote.o(.text)
    channel_free                             0x0003cd9b   Thumb Code    22  nrf_drv_gpiote.o(.text)
    .text                                    0x0003cdcc   Section        0  pstorage_raw.o(.text)
    cmd_queue_element_init                   0x0003cdcd   Thumb Code    26  pstorage_raw.o(.text)
    cmd_process                              0x0003cde7   Thumb Code    98  pstorage_raw.o(.text)
    cmd_queue_enqueue                        0x0003ce49   Thumb Code    76  pstorage_raw.o(.text)
    is_word_aligned                          0x0003cfc3   Thumb Code    12  pstorage_raw.o(.text)
    app_notify                               0x0003cfcf   Thumb Code    32  pstorage_raw.o(.text)
    .text                                    0x0003cff8   Section        0  app_error.o(.text)
    .text                                    0x0003d010   Section        0  app_scheduler.o(.text)
    app_sched_event_get                      0x0003d147   Thumb Code    62  app_scheduler.o(.text)
    .text                                    0x0003d194   Section        0  app_timer.o(.text)
    NVIC_SetPriority                         0x0003d195   Thumb Code    60  app_timer.o(.text)
    rtc1_stop                                0x0003d1d1   Thumb Code    50  app_timer.o(.text)
    timer_list_insert                        0x0003d203   Thumb Code    94  app_timer.o(.text)
    timer_list_remove                        0x0003d261   Thumb Code   104  app_timer.o(.text)
    timer_timeouts_check                     0x0003d2c9   Thumb Code   120  app_timer.o(.text)
    list_insertions_handler                  0x0003d341   Thumb Code   230  app_timer.o(.text)
    user_id_get                              0x0003d579   Thumb Code   116  app_timer.o(.text)
    timer_list_handler_sched                 0x0003d70d   Thumb Code    10  app_timer.o(.text)
    elapsed_ticks_acquire                    0x0003d717   Thumb Code    58  app_timer.o(.text)
    list_deletions_handler                   0x0003d751   Thumb Code   144  app_timer.o(.text)
    expired_timers_handler                   0x0003d7e1   Thumb Code    82  app_timer.o(.text)
    compare_reg_update                       0x0003d833   Thumb Code   140  app_timer.o(.text)
    user_op_alloc                            0x0003d8bf   Thumb Code    36  app_timer.o(.text)
    .text                                    0x0003d900   Section        0  app_timer_appsh.o(.text)
    app_timer_evt_get                        0x0003d901   Thumb Code    26  app_timer_appsh.o(.text)
    .text                                    0x0003d930   Section        0  bootloader.o(.text)
    pstorage_callback_handler                0x0003d931   Thumb Code    32  bootloader.o(.text)
    wait_for_events                          0x0003d951   Thumb Code    38  bootloader.o(.text)
    bootloader_settings_save                 0x0003d9b5   Thumb Code    54  bootloader.o(.text)
    .text                                    0x0003dc24   Section        0  bootloader_settings.o(.text)
    uint32_decode                            0x0003dc81   Thumb Code    20  bootloader_settings.o(.text)
    .text                                    0x0003dc9c   Section        0  bootloader_util.o(.text)
    .text                                    0x0003dca4   Section        0  crc16.o(.text)
    .text                                    0x0003dce0   Section        0  dfu_init_template.o(.text)
    .text                                    0x0003dd84   Section        0  dfu_single_bank.o(.text)
    pstorage_callback_handler                0x0003dd85   Thumb Code    78  dfu_single_bank.o(.text)
    dfu_timeout_handler                      0x0003ddd3   Thumb Code    32  dfu_single_bank.o(.text)
    dfu_timer_restart                        0x0003ddf3   Thumb Code    60  dfu_single_bank.o(.text)
    dfu_prepare_func_app_erase               0x0003de2f   Thumb Code    36  dfu_single_bank.o(.text)
    dfu_cleared_func_app                     0x0003de53   Thumb Code    28  dfu_single_bank.o(.text)
    dfu_activate_sd                          0x0003de95   Thumb Code    62  dfu_single_bank.o(.text)
    dfu_activate_app                         0x0003ded3   Thumb Code    52  dfu_single_bank.o(.text)
    dfu_activate_bl                          0x0003df07   Thumb Code    54  dfu_single_bank.o(.text)
    dfu_sd_img_block_swap                    0x0003e1bf   Thumb Code    68  dfu_single_bank.o(.text)
    dfu_compare_block                        0x0003e343   Thumb Code    22  dfu_single_bank.o(.text)
    dfu_copy_sd                              0x0003e359   Thumb Code    20  dfu_single_bank.o(.text)
    .text                                    0x0003e370   Section        0  dfu_transport_serial.o(.text)
    data_queue_element_init                  0x0003e371   Thumb Code    18  dfu_transport_serial.o(.text)
    data_queue_element_free                  0x0003e383   Thumb Code    62  dfu_transport_serial.o(.text)
    dfu_cb_handler                           0x0003e3c1   Thumb Code    16  dfu_transport_serial.o(.text)
    process_dfu_packet                       0x0003e3d1   Thumb Code   124  dfu_transport_serial.o(.text)
    .text                                    0x0003e538   Section        0  hci_mem_pool.o(.text)
    .text                                    0x0003e6ac   Section        0  hci_slip.o(.text)
    send_tx_byte_default                     0x0003e6ad   Thumb Code    26  hci_slip.o(.text)
    send_tx_byte_end                         0x0003e6c7   Thumb Code    26  hci_slip.o(.text)
    send_tx_byte_encoded                     0x0003e6e1   Thumb Code    48  hci_slip.o(.text)
    send_tx_byte_esc                         0x0003e711   Thumb Code    20  hci_slip.o(.text)
    handle_slip_end                          0x0003e725   Thumb Code    34  hci_slip.o(.text)
    handle_rx_byte_default                   0x0003e747   Thumb Code    30  hci_slip.o(.text)
    handle_rx_byte_esc                       0x0003e765   Thumb Code    48  hci_slip.o(.text)
    handle_rx_byte_wait_start                0x0003e795   Thumb Code    12  hci_slip.o(.text)
    transmit_buffer                          0x0003e80d   Thumb Code    86  hci_slip.o(.text)
    .text                                    0x0003e888   Section        0  hci_transport.o(.text)
    ack_transmit                             0x0003e889   Thumb Code    38  hci_transport.o(.text)
    rx_vendor_specific_pkt_type_handle       0x0003e8af   Thumb Code   244  hci_transport.o(.text)
    tx_sm_event_handle                       0x0003e9a3   Thumb Code   174  hci_transport.o(.text)
    pkt_write_handle                         0x0003ec0f   Thumb Code   122  hci_transport.o(.text)
    header_checksum_calculate                0x0003eceb   Thumb Code    18  hci_transport.o(.text)
    tx_sm_state_change                       0x0003ecfd   Thumb Code     8  hci_transport.o(.text)
    .text                                    0x0003ed08   Section        0  softdevice_handler.o(.text)
    .text                                    0x0003ee14   Section        0  softdevice_handler_appsh.o(.text)
    .text                                    0x0003ee3c   Section        0  rt_memcpy.o(.text)
    .text                                    0x0003eebe   Section        0  rt_memclr.o(.text)
    .text                                    0x0003eefe   Section        0  uread4.o(.text)
    .text                                    0x0003ef20   Section      346  aeabi_sdiv.o(.text)
    .text                                    0x0003f07a   Section        0  heapauxi.o(.text)
    .text                                    0x0003f080   Section       62  sys_stackheap_outer.o(.text)
    .text                                    0x0003f0be   Section        0  exit.o(.text)
    .text                                    0x0003f0cc   Section        8  libspace.o(.text)
    .text                                    0x0003f0d4   Section        0  sys_exit.o(.text)
    .text                                    0x0003f0e0   Section        2  use_no_semi.o(.text)
    .text                                    0x0003f0e2   Section        0  indicate_semi.o(.text)
    i.__ARM_common_switch8                   0x0003f0e2   Section        0  ble_srv_common.o(i.__ARM_common_switch8)
    .constdata                               0x0003f0fc   Section       16  main.o(.constdata)
    .constdata                               0x0003f10c   Section        8  app_uart.o(.constdata)
    .constdata                               0x0003f114   Section       32  bootloader.o(.constdata)
    .constdata                               0x0003f134   Section       32  dfu_single_bank.o(.constdata)
    .constdata                               0x0003f154   Section       12  hci_slip.o(.constdata)
    .ARM.__AT_0x0003FC00                     0x0003fc00   Section     1024  bootloader_settings.o(.ARM.__AT_0x0003FC00)
    __tagsym$$used                           0x0003fc00   Number         0  bootloader_settings.o(.ARM.__AT_0x0003FC00)
    .ARM.__AT_0x10001014                     0x10001014   Section        4  bootloader_settings.o(.ARM.__AT_0x10001014)
    .data                                    0x20002c00   Section        4  system_nrf51.o(.data)
    __tagsym$$used                           0x20002c00   Number         0  system_nrf51.o(.data)
    .data                                    0x20002c04   Section       12  app_uart.o(.data)
    m_instance_counter                       0x20002c04   Data           1  app_uart.o(.data)
    m_current_state                          0x20002c05   Data           1  app_uart.o(.data)
    m_tx_byte                                0x20002c06   Data           1  app_uart.o(.data)
    m_rx_byte                                0x20002c08   Data           2  app_uart.o(.data)
    m_event_handler                          0x20002c0c   Data           4  app_uart.o(.data)
    .data                                    0x20002c10   Section       16  pstorage_raw.o(.data)
    m_next_app_instance                      0x20002c10   Data           4  pstorage_raw.o(.data)
    m_round_val                              0x20002c14   Data           4  pstorage_raw.o(.data)
    m_app_table                              0x20002c18   Data           8  pstorage_raw.o(.data)
    .data                                    0x20002c20   Section       16  app_scheduler.o(.data)
    m_queue_start_index                      0x20002c20   Data           1  app_scheduler.o(.data)
    m_queue_end_index                        0x20002c21   Data           1  app_scheduler.o(.data)
    m_queue_event_size                       0x20002c22   Data           2  app_scheduler.o(.data)
    m_queue_size                             0x20002c24   Data           2  app_scheduler.o(.data)
    m_queue_event_headers                    0x20002c28   Data           4  app_scheduler.o(.data)
    m_queue_event_data                       0x20002c2c   Data           4  app_scheduler.o(.data)
    .data                                    0x20002c30   Section       36  app_timer.o(.data)
    m_node_array_size                        0x20002c30   Data           1  app_timer.o(.data)
    m_user_array_size                        0x20002c31   Data           1  app_timer.o(.data)
    m_ticks_elapsed_q_read_ind               0x20002c32   Data           1  app_timer.o(.data)
    m_ticks_elapsed_q_write_ind              0x20002c33   Data           1  app_timer.o(.data)
    m_rtc1_running                           0x20002c34   Data           1  app_timer.o(.data)
    m_rtc1_reset                             0x20002c35   Data           1  app_timer.o(.data)
    mp_nodes                                 0x20002c38   Data           4  app_timer.o(.data)
    mp_users                                 0x20002c3c   Data           4  app_timer.o(.data)
    m_timer_id_head                          0x20002c40   Data           4  app_timer.o(.data)
    m_ticks_latest                           0x20002c44   Data           4  app_timer.o(.data)
    m_evt_schedule_func                      0x20002c48   Data           4  app_timer.o(.data)
    m_ticks_elapsed                          0x20002c4c   Data           8  app_timer.o(.data)
    .data                                    0x20002c54   Section       12  bootloader.o(.data)
    m_update_status                          0x20002c54   Data           1  bootloader.o(.data)
    m_bootsettings_handle                    0x20002c58   Data           8  bootloader.o(.data)
    .data                                    0x20002c60   Section        1  dfu_init_template.o(.data)
    m_extended_packet_length                 0x20002c60   Data           1  dfu_init_template.o(.data)
    .data                                    0x20002c64   Section       36  dfu_single_bank.o(.data)
    m_dfu_timed_out                          0x20002c64   Data           1  dfu_single_bank.o(.data)
    m_dfu_state                              0x20002c65   Data           1  dfu_single_bank.o(.data)
    m_init_packet_length                     0x20002c66   Data           1  dfu_single_bank.o(.data)
    m_image_crc                              0x20002c68   Data           2  dfu_single_bank.o(.data)
    m_data_received                          0x20002c6c   Data           4  dfu_single_bank.o(.data)
    m_image_size                             0x20002c70   Data           4  dfu_single_bank.o(.data)
    m_dfu_timer_id                           0x20002c74   Data           4  dfu_single_bank.o(.data)
    mp_storage_handle_active                 0x20002c78   Data           4  dfu_single_bank.o(.data)
    m_data_pkt_cb                            0x20002c7c   Data           4  dfu_single_bank.o(.data)
    m_storage_handle_app                     0x20002c80   Data           8  dfu_single_bank.o(.data)
    .data                                    0x20002c88   Section        1  hci_mem_pool.o(.data)
    m_is_tx_allocated                        0x20002c88   Data           1  hci_mem_pool.o(.data)
    .data                                    0x20002c8c   Section       40  hci_slip.o(.data)
    m_current_state                          0x20002c8c   Data           1  hci_slip.o(.data)
    m_uart_id                                0x20002c8e   Data           2  hci_slip.o(.data)
    handle_rx_byte                           0x20002c90   Data           4  hci_slip.o(.data)
    m_slip_event_handler                     0x20002c98   Data           4  hci_slip.o(.data)
    mp_tx_buffer                             0x20002c9c   Data           4  hci_slip.o(.data)
    m_tx_buffer_length                       0x20002ca0   Data           4  hci_slip.o(.data)
    m_tx_buffer_index                        0x20002ca4   Data           4  hci_slip.o(.data)
    mp_rx_buffer                             0x20002ca8   Data           4  hci_slip.o(.data)
    m_rx_buffer_length                       0x20002cac   Data           4  hci_slip.o(.data)
    m_rx_received_count                      0x20002cb0   Data           4  hci_slip.o(.data)
    .data                                    0x20002cb4   Section       49  hci_transport.o(.data)
    m_tx_state                               0x20002cb4   Data           1  hci_transport.o(.data)
    m_is_slip_decode_ready                   0x20002cb5   Data           1  hci_transport.o(.data)
    m_tx_done_result_code                    0x20002cb6   Data           1  hci_transport.o(.data)
    ack_packet                               0x20002cb7   Data           4  hci_transport.o(.data)
    m_transport_tx_done_handle               0x20002cbc   Data           4  hci_transport.o(.data)
    m_transport_event_handle                 0x20002cc0   Data           4  hci_transport.o(.data)
    mp_slip_used_rx_buffer                   0x20002cc4   Data           4  hci_transport.o(.data)
    m_packet_expected_seq_number             0x20002cc8   Data           4  hci_transport.o(.data)
    m_packet_transmit_seq_number             0x20002ccc   Data           4  hci_transport.o(.data)
    mp_tx_buffer                             0x20002cd0   Data           4  hci_transport.o(.data)
    m_tx_buffer_length                       0x20002cd4   Data           4  hci_transport.o(.data)
    m_app_timer_id                           0x20002cd8   Data           4  hci_transport.o(.data)
    m_tx_retry_counter                       0x20002cdc   Data           4  hci_transport.o(.data)
    m_rx_ack_buffer                          0x20002ce0   Data           5  hci_transport.o(.data)
    .data                                    0x20002ce8   Section       20  softdevice_handler.o(.data)
    m_softdevice_enabled                     0x20002ce8   Data           1  softdevice_handler.o(.data)
    m_ble_evt_buffer_size                    0x20002cea   Data           2  softdevice_handler.o(.data)
    m_evt_schedule_func                      0x20002cec   Data           4  softdevice_handler.o(.data)
    mp_ble_evt_buffer                        0x20002cf0   Data           4  softdevice_handler.o(.data)
    m_ble_evt_handler                        0x20002cf4   Data           4  softdevice_handler.o(.data)
    m_sys_evt_handler                        0x20002cf8   Data           4  softdevice_handler.o(.data)
    .bss                                     0x20002cfc   Section      984  main.o(.bss)
    APP_TIMER_BUF                            0x20002cfc   Data         576  main.o(.bss)
    BLE_EVT_BUFFER                           0x20002f3c   Data          72  main.o(.bss)
    APP_SCHED_BUF                            0x20002f84   Data         336  main.o(.bss)
    .bss                                     0x200030d4   Section       56  nrf_drv_gpiote.o(.bss)
    m_cb                                     0x200030d4   Data          56  nrf_drv_gpiote.o(.bss)
    .bss                                     0x2000310c   Section      244  pstorage_raw.o(.bss)
    m_cmd_queue                              0x2000310c   Data         244  pstorage_raw.o(.bss)
    .bss                                     0x20003200   Section       28  bootloader.o(.bss)
    settings                                 0x20003200   Data          28  bootloader.o(.bss)
    .bss                                     0x2000321c   Section       28  bootloader_settings.o(.bss)
    s_converted_boot_settings                0x2000321c   Data          28  bootloader_settings.o(.bss)
    .bss                                     0x20003238   Section       10  dfu_init_template.o(.bss)
    m_extended_packet                        0x20003238   Data          10  dfu_init_template.o(.bss)
    .bss                                     0x20003244   Section       92  dfu_single_bank.o(.bss)
    m_start_packet                           0x20003244   Data          16  dfu_single_bank.o(.bss)
    m_init_packet                            0x20003254   Data          64  dfu_single_bank.o(.bss)
    m_functions                              0x20003294   Data          12  dfu_single_bank.o(.bss)
    .bss                                     0x200032a0   Section       52  dfu_transport_serial.o(.bss)
    m_data_queue                             0x200032a0   Data          52  dfu_transport_serial.o(.bss)
    .bss                                     0x200032d4   Section     1268  hci_mem_pool.o(.bss)
    tx_buffer                                0x200032d4   Data          32  hci_mem_pool.o(.bss)
    m_rx_buffer_elem_queue                   0x200032f4   Data        1208  hci_mem_pool.o(.bss)
    m_rx_buffer_queue                        0x200037ac   Data          28  hci_mem_pool.o(.bss)
    .bss                                     0x200037c8   Section       96  libspace.o(.bss)
    HEAP                                     0x20003828   Section        0  arm_startup_nrf51.o(HEAP)
    STACK                                    0x20003828   Section     2048  arm_startup_nrf51.o(STACK)
    Heap_Mem                                 0x20003828   Data           0  arm_startup_nrf51.o(HEAP)
    Stack_Mem                                0x20003828   Data        2048  arm_startup_nrf51.o(STACK)
    __initial_sp                             0x20004028   Data           0  arm_startup_nrf51.o(STACK)

    Global Symbols

    Symbol Name                              Value     Ov Type        Size  Object(Section)

    BuildAttributes$$THM_ISAv3M$S$PE$A:L22$X:L11$S22$IEEE1$IW$USESV6$~STKCKD$USESV7$~SHL$OSPACE$ROPI$EBA8$UX$STANDARDLIB$REQ8$PRES8$EABIv2 0x00000000   Number         0  anon$$obj.o ABSOLUTE
    __ARM_use_no_argv                        0x00000000   Number         0  main.o ABSOLUTE
    __ARM_exceptions_init                     - Undefined Weak Reference
    __alloca_initialize                       - Undefined Weak Reference
    __cpp_initialize__aeabi_                  - Undefined Weak Reference
    __cxa_finalize                            - Undefined Weak Reference
    __rt_locale                               - Undefined Weak Reference
    __sigvec_lookup                           - Undefined Weak Reference
    _atexit_init                              - Undefined Weak Reference
    _call_atexit_fns                          - Undefined Weak Reference
    _clock_init                               - Undefined Weak Reference
    _fp_trap_init                             - Undefined Weak Reference
    _fp_trap_shutdown                         - Undefined Weak Reference
    _get_lc_collate                           - Undefined Weak Reference
    _get_lc_ctype                             - Undefined Weak Reference
    _get_lc_monetary                          - Undefined Weak Reference
    _get_lc_numeric                           - Undefined Weak Reference
    _get_lc_time                              - Undefined Weak Reference
    _getenv_init                              - Undefined Weak Reference
    _handle_redirection                       - Undefined Weak Reference
    _init_alloc                               - Undefined Weak Reference
    _init_user_alloc                          - Undefined Weak Reference
    _initio                                   - Undefined Weak Reference
    _rand_init                                - Undefined Weak Reference
    _signal_finish                            - Undefined Weak Reference
    _signal_init                              - Undefined Weak Reference
    _terminate_alloc                          - Undefined Weak Reference
    _terminate_user_alloc                     - Undefined Weak Reference
    _terminateio                              - Undefined Weak Reference
    __Vectors_Size                           0x000000c0   Number         0  arm_startup_nrf51.o ABSOLUTE
    __Vectors                                0x0003c000   Data           4  arm_startup_nrf51.o(RESET)
    __Vectors_End                            0x0003c0c0   Data           0  arm_startup_nrf51.o(RESET)
    __main                                   0x0003c0c1   Thumb Code     8  __main.o(!!!main)
    __scatterload                            0x0003c0c9   Thumb Code     0  __scatter.o(!!!scatter)
    __scatterload_rt2                        0x0003c0c9   Thumb Code    52  __scatter.o(!!!scatter)
    __scatterload_rt2_thumb_only             0x0003c0c9   Thumb Code     0  __scatter.o(!!!scatter)
    __scatterload_null                       0x0003c0d9   Thumb Code     0  __scatter.o(!!!scatter)
    __scatterload_copy                       0x0003c105   Thumb Code    26  __scatter_copy.o(!!handler_copy)
    __scatterload_zeroinit                   0x0003c121   Thumb Code    28  __scatter_zi.o(!!handler_zi)
    __rt_lib_init                            0x0003c13d   Thumb Code     0  libinit.o(.ARM.Collect$$libinit$$00000000)
    __rt_lib_init_fp_1                       0x0003c13f   Thumb Code     0  libinit2.o(.ARM.Collect$$libinit$$00000001)
    __rt_lib_init_alloca_1                   0x0003c143   Thumb Code     0  libinit2.o(.ARM.Collect$$libinit$$0000002C)
    __rt_lib_init_argv_1                     0x0003c143   Thumb Code     0  libinit2.o(.ARM.Collect$$libinit$$0000002A)
    __rt_lib_init_atexit_1                   0x0003c143   Thumb Code     0  libinit2.o(.ARM.Collect$$libinit$$00000019)
    __rt_lib_init_clock_1                    0x0003c143   Thumb Code     0  libinit2.o(.ARM.Collect$$libinit$$0000001F)
    __rt_lib_init_cpp_1                      0x0003c143   Thumb Code     0  libinit2.o(.ARM.Collect$$libinit$$00000030)
    __rt_lib_init_exceptions_1               0x0003c143   Thumb Code     0  libinit2.o(.ARM.Collect$$libinit$$0000002E)
    __rt_lib_init_fp_trap_1                  0x0003c143   Thumb Code     0  libinit2.o(.ARM.Collect$$libinit$$0000001D)
    __rt_lib_init_getenv_1                   0x0003c143   Thumb Code     0  libinit2.o(.ARM.Collect$$libinit$$00000021)
    __rt_lib_init_heap_1                     0x0003c143   Thumb Code     0  libinit2.o(.ARM.Collect$$libinit$$00000008)
    __rt_lib_init_lc_collate_1               0x0003c143   Thumb Code     0  libinit2.o(.ARM.Collect$$libinit$$0000000F)
    __rt_lib_init_lc_ctype_1                 0x0003c143   Thumb Code     0  libinit2.o(.ARM.Collect$$libinit$$00000011)
    __rt_lib_init_lc_monetary_1              0x0003c143   Thumb Code     0  libinit2.o(.ARM.Collect$$libinit$$00000013)
    __rt_lib_init_lc_numeric_1               0x0003c143   Thumb Code     0  libinit2.o(.ARM.Collect$$libinit$$00000015)
    __rt_lib_init_lc_time_1                  0x0003c143   Thumb Code     0  libinit2.o(.ARM.Collect$$libinit$$00000017)
    __rt_lib_init_rand_1                     0x0003c143   Thumb Code     0  libinit2.o(.ARM.Collect$$libinit$$0000000C)
    __rt_lib_init_return                     0x0003c143   Thumb Code     0  libinit2.o(.ARM.Collect$$libinit$$00000031)
    __rt_lib_init_signal_1                   0x0003c143   Thumb Code     0  libinit2.o(.ARM.Collect$$libinit$$0000001B)
    __rt_lib_init_stdio_1                    0x0003c143   Thumb Code     0  libinit2.o(.ARM.Collect$$libinit$$00000023)
    __rt_lib_init_user_alloc_1               0x0003c143   Thumb Code     0  libinit2.o(.ARM.Collect$$libinit$$0000000A)
    __rt_lib_shutdown                        0x0003c145   Thumb Code     0  libshutdown.o(.ARM.Collect$$libshutdown$$00000000)
    __rt_lib_shutdown_fp_trap_1              0x0003c147   Thumb Code     0  libshutdown2.o(.ARM.Collect$$libshutdown$$00000006)
    __rt_lib_shutdown_heap_1                 0x0003c147   Thumb Code     0  libshutdown2.o(.ARM.Collect$$libshutdown$$0000000E)
    __rt_lib_shutdown_return                 0x0003c147   Thumb Code     0  libshutdown2.o(.ARM.Collect$$libshutdown$$0000000F)
    __rt_lib_shutdown_signal_1               0x0003c147   Thumb Code     0  libshutdown2.o(.ARM.Collect$$libshutdown$$00000009)
    __rt_lib_shutdown_stdio_1                0x0003c147   Thumb Code     0  libshutdown2.o(.ARM.Collect$$libshutdown$$00000003)
    __rt_lib_shutdown_user_alloc_1           0x0003c147   Thumb Code     0  libshutdown2.o(.ARM.Collect$$libshutdown$$0000000B)
    __rt_entry                               0x0003c149   Thumb Code     0  rtentry.o(.ARM.Collect$$rtentry$$00000000)
    __rt_entry_presh_1                       0x0003c149   Thumb Code     0  rtentry2.o(.ARM.Collect$$rtentry$$00000002)
    __rt_entry_sh                            0x0003c149   Thumb Code     0  rtentry4.o(.ARM.Collect$$rtentry$$00000004)
    __rt_entry_li                            0x0003c14f   Thumb Code     0  rtentry2.o(.ARM.Collect$$rtentry$$0000000A)
    __rt_entry_postsh_1                      0x0003c14f   Thumb Code     0  rtentry2.o(.ARM.Collect$$rtentry$$00000009)
    __rt_entry_main                          0x0003c153   Thumb Code     0  rtentry2.o(.ARM.Collect$$rtentry$$0000000D)
    __rt_entry_postli_1                      0x0003c153   Thumb Code     0  rtentry2.o(.ARM.Collect$$rtentry$$0000000C)
    __rt_exit                                0x0003c15b   Thumb Code     0  rtexit.o(.ARM.Collect$$rtexit$$00000000)
    __rt_exit_ls                             0x0003c15d   Thumb Code     0  rtexit2.o(.ARM.Collect$$rtexit$$00000003)
    __rt_exit_prels_1                        0x0003c15d   Thumb Code     0  rtexit2.o(.ARM.Collect$$rtexit$$00000002)
    __rt_exit_exit                           0x0003c161   Thumb Code     0  rtexit2.o(.ARM.Collect$$rtexit$$00000004)
    __asm___11_nrf_delay_c_532987f3__nrf_delay_us 0x0003c169   Thumb Code    30  nrf_delay.o(.emb_text)
    __asm___11_app_timer_c_cd27f9c3__nrf_delay_us 0x0003c189   Thumb Code    30  app_timer.o(.emb_text)
    __asm___17_bootloader_util_c_c13d365c__bootloader_util_reset 0x0003c1a9   Thumb Code    52  bootloader_util.o(.emb_text)
    __aeabi_memcpy4                          0x0003c1dd   Thumb Code    56  rt_memcpy.o(.emb_text)
    __aeabi_memcpy8                          0x0003c1dd   Thumb Code     0  rt_memcpy.o(.emb_text)
    assert_nrf_callback                      0x0003c215   Thumb Code    14  main.o(.text)
    main                                     0x0003c2a9   Thumb Code   240  main.o(.text)
    Reset_Handler                            0x0003c3e1   Thumb Code    26  arm_startup_nrf51.o(.text)
    NMI_Handler                              0x0003c3fb   Thumb Code     2  arm_startup_nrf51.o(.text)
    HardFault_Handler                        0x0003c3fd   Thumb Code     2  arm_startup_nrf51.o(.text)
    SVC_Handler                              0x0003c3ff   Thumb Code     2  arm_startup_nrf51.o(.text)
    PendSV_Handler                           0x0003c401   Thumb Code     2  arm_startup_nrf51.o(.text)
    SysTick_Handler                          0x0003c403   Thumb Code     2  arm_startup_nrf51.o(.text)
    ADC_IRQHandler                           0x0003c405   Thumb Code     0  arm_startup_nrf51.o(.text)
    CCM_AAR_IRQHandler                       0x0003c405   Thumb Code     0  arm_startup_nrf51.o(.text)
    ECB_IRQHandler                           0x0003c405   Thumb Code     0  arm_startup_nrf51.o(.text)
    LPCOMP_IRQHandler                        0x0003c405   Thumb Code     0  arm_startup_nrf51.o(.text)
    POWER_CLOCK_IRQHandler                   0x0003c405   Thumb Code     0  arm_startup_nrf51.o(.text)
    QDEC_IRQHandler                          0x0003c405   Thumb Code     0  arm_startup_nrf51.o(.text)
    RADIO_IRQHandler                         0x0003c405   Thumb Code     0  arm_startup_nrf51.o(.text)
    RNG_IRQHandler                           0x0003c405   Thumb Code     0  arm_startup_nrf51.o(.text)
    RTC0_IRQHandler                          0x0003c405   Thumb Code     0  arm_startup_nrf51.o(.text)
    SPI0_TWI0_IRQHandler                     0x0003c405   Thumb Code     0  arm_startup_nrf51.o(.text)
    SPI1_TWI1_IRQHandler                     0x0003c405   Thumb Code     0  arm_startup_nrf51.o(.text)
    SWI1_IRQHandler                          0x0003c405   Thumb Code     0  arm_startup_nrf51.o(.text)
    SWI3_IRQHandler                          0x0003c405   Thumb Code     0  arm_startup_nrf51.o(.text)
    SWI4_IRQHandler                          0x0003c405   Thumb Code     0  arm_startup_nrf51.o(.text)
    SWI5_IRQHandler                          0x0003c405   Thumb Code     0  arm_startup_nrf51.o(.text)
    TEMP_IRQHandler                          0x0003c405   Thumb Code     0  arm_startup_nrf51.o(.text)
    TIMER0_IRQHandler                        0x0003c405   Thumb Code     0  arm_startup_nrf51.o(.text)
    TIMER1_IRQHandler                        0x0003c405   Thumb Code     0  arm_startup_nrf51.o(.text)
    TIMER2_IRQHandler                        0x0003c405   Thumb Code     0  arm_startup_nrf51.o(.text)
    WDT_IRQHandler                           0x0003c405   Thumb Code     0  arm_startup_nrf51.o(.text)
    __user_initial_stackheap                 0x0003c409   Thumb Code     0  arm_startup_nrf51.o(.text)
    SystemCoreClockUpdate                    0x0003c431   Thumb Code     8  system_nrf51.o(.text)
    SystemInit                               0x0003c439   Thumb Code    64  system_nrf51.o(.text)
    action_tx_stop                           0x0003c4d9   Thumb Code    26  app_uart.o(.text)
    UART0_IRQHandler                         0x0003c57b   Thumb Code   104  app_uart.o(.text)
    app_uart_init                            0x0003c5e3   Thumb Code   324  app_uart.o(.text)
    app_uart_get                             0x0003c727   Thumb Code    26  app_uart.o(.text)
    app_uart_put                             0x0003c741   Thumb Code    30  app_uart.o(.text)
    app_uart_flush                           0x0003c75f   Thumb Code     4  app_uart.o(.text)
    app_uart_get_connection_state            0x0003c763   Thumb Code    16  app_uart.o(.text)
    app_uart_close                           0x0003c773   Thumb Code    32  app_uart.o(.text)
    nrf_delay_ms                             0x0003c7dd   Thumb Code    24  nrf_delay.o(.text)
    nrf_drv_common_irq_enable                0x0003c7f9   Thumb Code    78  nrf_drv_common.o(.text)
    nrf_drv_gpiote_init                      0x0003c8b3   Thumb Code    74  nrf_drv_gpiote.o(.text)
    nrf_drv_gpiote_is_init                   0x0003c8fd   Thumb Code    14  nrf_drv_gpiote.o(.text)
    nrf_drv_gpiote_in_event_disable          0x0003c90b   Thumb Code    70  nrf_drv_gpiote.o(.text)
    nrf_drv_gpiote_in_uninit                 0x0003c951   Thumb Code    68  nrf_drv_gpiote.o(.text)
    nrf_drv_gpiote_out_uninit                0x0003c995   Thumb Code    40  nrf_drv_gpiote.o(.text)
    nrf_drv_gpiote_uninit                    0x0003c9bd   Thumb Code    52  nrf_drv_gpiote.o(.text)
    nrf_drv_gpiote_out_init                  0x0003c9f1   Thumb Code   128  nrf_drv_gpiote.o(.text)
    nrf_drv_gpiote_out_set                   0x0003ca71   Thumb Code    10  nrf_drv_gpiote.o(.text)
    nrf_drv_gpiote_out_clear                 0x0003ca7b   Thumb Code    10  nrf_drv_gpiote.o(.text)
    nrf_drv_gpiote_out_toggle                0x0003ca85   Thumb Code    24  nrf_drv_gpiote.o(.text)
    nrf_drv_gpiote_out_task_enable           0x0003ca9d   Thumb Code    38  nrf_drv_gpiote.o(.text)
    nrf_drv_gpiote_out_task_disable          0x0003cac3   Thumb Code    24  nrf_drv_gpiote.o(.text)
    nrf_drv_gpiote_out_task_addr_get         0x0003cadb   Thumb Code    16  nrf_drv_gpiote.o(.text)
    nrf_drv_gpiote_out_task_force            0x0003caeb   Thumb Code    40  nrf_drv_gpiote.o(.text)
    nrf_drv_gpiote_out_task_trigger          0x0003cb13   Thumb Code    20  nrf_drv_gpiote.o(.text)
    nrf_drv_gpiote_in_init                   0x0003cb27   Thumb Code   130  nrf_drv_gpiote.o(.text)
    nrf_drv_gpiote_in_event_enable           0x0003cba9   Thumb Code   138  nrf_drv_gpiote.o(.text)
    nrf_drv_gpiote_in_is_set                 0x0003cc33   Thumb Code    50  nrf_drv_gpiote.o(.text)
    nrf_drv_gpiote_in_event_addr_get         0x0003cc65   Thumb Code    20  nrf_drv_gpiote.o(.text)
    GPIOTE_IRQHandler                        0x0003cc79   Thumb Code   226  nrf_drv_gpiote.o(.text)
    pstorage_sys_event_handler               0x0003ce95   Thumb Code   142  pstorage_raw.o(.text)
    pstorage_init                            0x0003cf23   Thumb Code    54  pstorage_raw.o(.text)
    pstorage_register                        0x0003cf59   Thumb Code    34  pstorage_raw.o(.text)
    pstorage_block_identifier_get            0x0003cf7b   Thumb Code     4  pstorage_raw.o(.text)
    pstorage_store                           0x0003cf7f   Thumb Code    50  pstorage_raw.o(.text)
    pstorage_clear                           0x0003cfb1   Thumb Code    18  pstorage_raw.o(.text)
    app_error_handler                        0x0003cff9   Thumb Code    16  app_error.o(.text)
    app_sched_init                           0x0003d011   Thumb Code    40  app_scheduler.o(.text)
    app_sched_event_put                      0x0003d039   Thumb Code   240  app_scheduler.o(.text)
    app_sched_execute                        0x0003d129   Thumb Code    30  app_scheduler.o(.text)
    RTC1_IRQHandler                          0x0003d427   Thumb Code    22  app_timer.o(.text)
    SWI0_IRQHandler                          0x0003d43d   Thumb Code    78  app_timer.o(.text)
    app_timer_init                           0x0003d48b   Thumb Code   166  app_timer.o(.text)
    app_timer_create                         0x0003d531   Thumb Code    72  app_timer.o(.text)
    app_timer_start                          0x0003d5ed   Thumb Code   122  app_timer.o(.text)
    app_timer_stop                           0x0003d667   Thumb Code    82  app_timer.o(.text)
    app_timer_stop_all                       0x0003d6b9   Thumb Code    62  app_timer.o(.text)
    app_timer_cnt_get                        0x0003d6f7   Thumb Code    10  app_timer.o(.text)
    app_timer_cnt_diff_compute               0x0003d701   Thumb Code    12  app_timer.o(.text)
    app_timer_evt_schedule                   0x0003d91b   Thumb Code    18  app_timer_appsh.o(.text)
    bootloader_app_is_valid                  0x0003d977   Thumb Code    62  bootloader.o(.text)
    bootloader_dfu_update_process            0x0003d9eb   Thumb Code   222  bootloader.o(.text)
    bootloader_init                          0x0003dac9   Thumb Code    36  bootloader.o(.text)
    bootloader_dfu_start                     0x0003daed   Thumb Code    24  bootloader.o(.text)
    bootloader_app_start                     0x0003db05   Thumb Code    80  bootloader.o(.text)
    bootloader_dfu_sd_in_progress            0x0003db55   Thumb Code    30  bootloader.o(.text)
    bootloader_dfu_sd_update_continue        0x0003db73   Thumb Code    76  bootloader.o(.text)
    bootloader_dfu_sd_update_finalize        0x0003dbbf   Thumb Code    38  bootloader.o(.text)
    bootloader_settings_get                  0x0003dbe5   Thumb Code    46  bootloader.o(.text)
    bootloader_util_settings_get             0x0003dc25   Thumb Code    92  bootloader_settings.o(.text)
    bootloader_util_app_start                0x0003dc9d   Thumb Code     8  bootloader_util.o(.text)
    crc16_compute                            0x0003dca5   Thumb Code    54  crc16.o(.text)
    dfu_init_prevalidate                     0x0003dce1   Thumb Code   118  dfu_init_template.o(.text)
    dfu_init_postvalidate                    0x0003dd57   Thumb Code    30  dfu_init_template.o(.text)
    offset_calculate                         0x0003de6f   Thumb Code    38  dfu_single_bank.o(.text)
    dfu_init                                 0x0003df3d   Thumb Code   108  dfu_single_bank.o(.text)
    dfu_register_callback                    0x0003dfa9   Thumb Code     6  dfu_single_bank.o(.text)
    dfu_start_pkt_handle                     0x0003dfaf   Thumb Code   142  dfu_single_bank.o(.text)
    dfu_data_pkt_handle                      0x0003e03d   Thumb Code   104  dfu_single_bank.o(.text)
    dfu_init_pkt_complete                    0x0003e0a5   Thumb Code    46  dfu_single_bank.o(.text)
    dfu_init_pkt_handle                      0x0003e0d3   Thumb Code    82  dfu_single_bank.o(.text)
    dfu_image_validate                       0x0003e125   Thumb Code    54  dfu_single_bank.o(.text)
    dfu_image_activate                       0x0003e15b   Thumb Code    76  dfu_single_bank.o(.text)
    dfu_reset                                0x0003e1a7   Thumb Code    24  dfu_single_bank.o(.text)
    dfu_sd_image_swap                        0x0003e203   Thumb Code   116  dfu_single_bank.o(.text)
    dfu_bl_image_swap                        0x0003e277   Thumb Code    56  dfu_single_bank.o(.text)
    dfu_bl_image_validate                    0x0003e2af   Thumb Code    60  dfu_single_bank.o(.text)
    dfu_sd_image_validate                    0x0003e2eb   Thumb Code    88  dfu_single_bank.o(.text)
    rpc_transport_event_handler              0x0003e44d   Thumb Code   128  dfu_transport_serial.o(.text)
    dfu_transport_update_start               0x0003e4cd   Thumb Code    68  dfu_transport_serial.o(.text)
    dfu_transport_close                      0x0003e511   Thumb Code    22  dfu_transport_serial.o(.text)
    hci_mem_pool_open                        0x0003e539   Thumb Code    30  hci_mem_pool.o(.text)
    hci_mem_pool_close                       0x0003e557   Thumb Code     4  hci_mem_pool.o(.text)
    hci_mem_pool_tx_alloc                    0x0003e55b   Thumb Code    34  hci_mem_pool.o(.text)
    hci_mem_pool_tx_free                     0x0003e57d   Thumb Code     8  hci_mem_pool.o(.text)
    hci_mem_pool_rx_produce                  0x0003e585   Thumb Code    82  hci_mem_pool.o(.text)
    hci_mem_pool_rx_consume                  0x0003e5d7   Thumb Code   104  hci_mem_pool.o(.text)
    hci_mem_pool_rx_data_size_set            0x0003e63f   Thumb Code    26  hci_mem_pool.o(.text)
    hci_mem_pool_rx_extract                  0x0003e659   Thumb Code    72  hci_mem_pool.o(.text)
    hci_slip_evt_handler_register            0x0003e7a1   Thumb Code     8  hci_slip.o(.text)
    hci_slip_open                            0x0003e7a9   Thumb Code    12  hci_slip.o(.text)
    hci_slip_close                           0x0003e7b5   Thumb Code    16  hci_slip.o(.text)
    hci_slip_write                           0x0003e7c5   Thumb Code    54  hci_slip.o(.text)
    hci_slip_rx_buffer_register              0x0003e7fb   Thumb Code    18  hci_slip.o(.text)
    slip_event_handle                        0x0003ea51   Thumb Code   184  hci_transport.o(.text)
    hci_transport_evt_handler_reg            0x0003eb09   Thumb Code    38  hci_transport.o(.text)
    hci_transport_tx_done_register           0x0003eb2f   Thumb Code    38  hci_transport.o(.text)
    hci_transport_timeout_handle             0x0003eb55   Thumb Code     4  hci_transport.o(.text)
    hci_transport_open                       0x0003eb59   Thumb Code    88  hci_transport.o(.text)
    hci_transport_close                      0x0003ebb1   Thumb Code    66  hci_transport.o(.text)
    hci_transport_tx_alloc                   0x0003ebf3   Thumb Code    20  hci_transport.o(.text)
    hci_transport_tx_free                    0x0003ec07   Thumb Code     8  hci_transport.o(.text)
    hci_transport_pkt_write                  0x0003ec89   Thumb Code    26  hci_transport.o(.text)
    hci_transport_rx_pkt_extract             0x0003eca3   Thumb Code    62  hci_transport.o(.text)
    hci_transport_rx_pkt_consume             0x0003ece1   Thumb Code    10  hci_transport.o(.text)
    softdevice_assertion_handler             0x0003ed09   Thumb Code    12  softdevice_handler.o(.text)
    intern_softdevice_events_execute         0x0003ed15   Thumb Code   124  softdevice_handler.o(.text)
    softdevice_handler_init                  0x0003ed91   Thumb Code    40  softdevice_handler.o(.text)
    softdevice_handler_sd_disable            0x0003edb9   Thumb Code    18  softdevice_handler.o(.text)
    softdevice_ble_evt_handler_set           0x0003edcb   Thumb Code    16  softdevice_handler.o(.text)
    softdevice_sys_evt_handler_set           0x0003eddb   Thumb Code    16  softdevice_handler.o(.text)
    SWI2_IRQHandler                          0x0003edeb   Thumb Code    32  softdevice_handler.o(.text)
    softdevice_evt_get                       0x0003ee15   Thumb Code    22  softdevice_handler_appsh.o(.text)
    softdevice_evt_schedule                  0x0003ee2b   Thumb Code    14  softdevice_handler_appsh.o(.text)
    __aeabi_memcpy                           0x0003ee3d   Thumb Code   130  rt_memcpy.o(.text)
    __rt_memcpy                              0x0003ee3d   Thumb Code     0  rt_memcpy.o(.text)
    _memset_w                                0x0003eebf   Thumb Code    26  rt_memclr.o(.text)
    _memset                                  0x0003eed9   Thumb Code    30  rt_memclr.o(.text)
    __aeabi_memclr                           0x0003eef7   Thumb Code     4  rt_memclr.o(.text)
    __rt_memclr                              0x0003eef7   Thumb Code     0  rt_memclr.o(.text)
    __aeabi_memclr4                          0x0003eefb   Thumb Code     0  rt_memclr.o(.text)
    __aeabi_memclr8                          0x0003eefb   Thumb Code     0  rt_memclr.o(.text)
    __rt_memclr_w                            0x0003eefb   Thumb Code     4  rt_memclr.o(.text)
    __aeabi_uread4                           0x0003eeff   Thumb Code    34  uread4.o(.text)
    __rt_uread4                              0x0003eeff   Thumb Code     0  uread4.o(.text)
    __aeabi_uidiv                            0x0003ef21   Thumb Code     0  aeabi_sdiv.o(.text)
    __aeabi_uidivmod                         0x0003ef21   Thumb Code    20  aeabi_sdiv.o(.text)
    __aeabi_idiv                             0x0003ef35   Thumb Code     0  aeabi_sdiv.o(.text)
    __aeabi_idivmod                          0x0003ef35   Thumb Code   326  aeabi_sdiv.o(.text)
    __use_two_region_memory                  0x0003f07b   Thumb Code     2  heapauxi.o(.text)
    __rt_heap_escrow$2region                 0x0003f07d   Thumb Code     2  heapauxi.o(.text)
    __rt_heap_expand$2region                 0x0003f07f   Thumb Code     2  heapauxi.o(.text)
    __user_setup_stackheap                   0x0003f081   Thumb Code    62  sys_stackheap_outer.o(.text)
    exit                                     0x0003f0bf   Thumb Code    12  exit.o(.text)
    __user_libspace                          0x0003f0cd   Thumb Code     8  libspace.o(.text)
    __user_perproc_libspace                  0x0003f0cd   Thumb Code     0  libspace.o(.text)
    __user_perthread_libspace                0x0003f0cd   Thumb Code     0  libspace.o(.text)
    _sys_exit                                0x0003f0d5   Thumb Code     8  sys_exit.o(.text)
    __I$use$semihosting                      0x0003f0e1   Thumb Code     0  use_no_semi.o(.text)
    __use_no_semihosting_swi                 0x0003f0e1   Thumb Code     2  use_no_semi.o(.text)
    __ARM_common_switch8                     0x0003f0e3   Thumb Code    26  ble_srv_common.o(i.__ARM_common_switch8)
    __semihosting_library_function           0x0003f0e3   Thumb Code     0  indicate_semi.o(.text)
    Region$$Table$$Base                      0x0003f160   Number         0  anon$$obj.o(Region$$Table)
    Region$$Table$$Limit                     0x0003f180   Number         0  anon$$obj.o(Region$$Table)
    m_boot_settings                          0x0003fc00   Data        1024  bootloader_settings.o(.ARM.__AT_0x0003FC00)
    m_uicr_bootloader_start_address          0x10001014   Data           4  bootloader_settings.o(.ARM.__AT_0x10001014)
    SystemCoreClock                          0x20002c00   Data           4  system_nrf51.o(.data)
    send_tx_byte                             0x20002c94   Data           4  hci_slip.o(.data)
    __libspace_start                         0x200037c8   Data          96  libspace.o(.bss)
    __temporary_stack_top$libspace           0x20003828   Data           0  libspace.o(.bss)



==============================================================================

Memory Map of the image

  Image Entry point : 0x0003c0c1

  Load Region LR_IROM1 (Base: 0x0003c000, Size: 0x0000327c, Max: 0x00003c00, ABSOLUTE)

    Execution Region ER_IROM1 (Base: 0x0003c000, Size: 0x00003180, Max: 0x00003c00, ABSOLUTE)

    Base Addr    Size         Type   Attr      Idx    E Section Name        Object

    0x0003c000   0x000000c0   Data   RO          177    RESET               arm_startup_nrf51.o
    0x0003c0c0   0x00000008   Code   RO          853  * !!!main             c_p.l(__main.o)
    0x0003c0c8   0x0000003c   Code   RO         1019    !!!scatter          c_p.l(__scatter.o)
    0x0003c104   0x0000001a   Code   RO         1021    !!handler_copy      c_p.l(__scatter_copy.o)
    0x0003c11e   0x00000002   PAD
    0x0003c120   0x0000001c   Code   RO         1023    !!handler_zi        c_p.l(__scatter_zi.o)
    0x0003c13c   0x00000002   Code   RO          891    .ARM.Collect$$libinit$$00000000  c_p.l(libinit.o)
    0x0003c13e   0x00000004   Code   RO          904    .ARM.Collect$$libinit$$00000001  c_p.l(libinit2.o)
    0x0003c142   0x00000000   Code   RO          908    .ARM.Collect$$libinit$$00000008  c_p.l(libinit2.o)
    0x0003c142   0x00000000   Code   RO          910    .ARM.Collect$$libinit$$0000000A  c_p.l(libinit2.o)
    0x0003c142   0x00000000   Code   RO          912    .ARM.Collect$$libinit$$0000000C  c_p.l(libinit2.o)
    0x0003c142   0x00000000   Code   RO          915    .ARM.Collect$$libinit$$0000000F  c_p.l(libinit2.o)
    0x0003c142   0x00000000   Code   RO          917    .ARM.Collect$$libinit$$00000011  c_p.l(libinit2.o)
    0x0003c142   0x00000000   Code   RO          919    .ARM.Collect$$libinit$$00000013  c_p.l(libinit2.o)
    0x0003c142   0x00000000   Code   RO          921    .ARM.Collect$$libinit$$00000015  c_p.l(libinit2.o)
    0x0003c142   0x00000000   Code   RO          923    .ARM.Collect$$libinit$$00000017  c_p.l(libinit2.o)
    0x0003c142   0x00000000   Code   RO          925    .ARM.Collect$$libinit$$00000019  c_p.l(libinit2.o)
    0x0003c142   0x00000000   Code   RO          927    .ARM.Collect$$libinit$$0000001B  c_p.l(libinit2.o)
    0x0003c142   0x00000000   Code   RO          929    .ARM.Collect$$libinit$$0000001D  c_p.l(libinit2.o)
    0x0003c142   0x00000000   Code   RO          931    .ARM.Collect$$libinit$$0000001F  c_p.l(libinit2.o)
    0x0003c142   0x00000000   Code   RO          933    .ARM.Collect$$libinit$$00000021  c_p.l(libinit2.o)
    0x0003c142   0x00000000   Code   RO          935    .ARM.Collect$$libinit$$00000023  c_p.l(libinit2.o)
    0x0003c142   0x00000000   Code   RO          939    .ARM.Collect$$libinit$$0000002A  c_p.l(libinit2.o)
    0x0003c142   0x00000000   Code   RO          941    .ARM.Collect$$libinit$$0000002C  c_p.l(libinit2.o)
    0x0003c142   0x00000000   Code   RO          943    .ARM.Collect$$libinit$$0000002E  c_p.l(libinit2.o)
    0x0003c142   0x00000000   Code   RO          945    .ARM.Collect$$libinit$$00000030  c_p.l(libinit2.o)
    0x0003c142   0x00000002   Code   RO          946    .ARM.Collect$$libinit$$00000031  c_p.l(libinit2.o)
    0x0003c144   0x00000002   Code   RO          977    .ARM.Collect$$libshutdown$$00000000  c_p.l(libshutdown.o)
    0x0003c146   0x00000000   Code   RO         1004    .ARM.Collect$$libshutdown$$00000003  c_p.l(libshutdown2.o)
    0x0003c146   0x00000000   Code   RO         1007    .ARM.Collect$$libshutdown$$00000006  c_p.l(libshutdown2.o)
    0x0003c146   0x00000000   Code   RO         1010    .ARM.Collect$$libshutdown$$00000009  c_p.l(libshutdown2.o)
    0x0003c146   0x00000000   Code   RO         1012    .ARM.Collect$$libshutdown$$0000000B  c_p.l(libshutdown2.o)
    0x0003c146   0x00000000   Code   RO         1015    .ARM.Collect$$libshutdown$$0000000E  c_p.l(libshutdown2.o)
    0x0003c146   0x00000002   Code   RO         1016    .ARM.Collect$$libshutdown$$0000000F  c_p.l(libshutdown2.o)
    0x0003c148   0x00000000   Code   RO          855    .ARM.Collect$$rtentry$$00000000  c_p.l(rtentry.o)
    0x0003c148   0x00000000   Code   RO          861    .ARM.Collect$$rtentry$$00000002  c_p.l(rtentry2.o)
    0x0003c148   0x00000006   Code   RO          873    .ARM.Collect$$rtentry$$00000004  c_p.l(rtentry4.o)
    0x0003c14e   0x00000000   Code   RO          863    .ARM.Collect$$rtentry$$00000009  c_p.l(rtentry2.o)
    0x0003c14e   0x00000004   Code   RO          864    .ARM.Collect$$rtentry$$0000000A  c_p.l(rtentry2.o)
    0x0003c152   0x00000000   Code   RO          866    .ARM.Collect$$rtentry$$0000000C  c_p.l(rtentry2.o)
    0x0003c152   0x00000008   Code   RO          867    .ARM.Collect$$rtentry$$0000000D  c_p.l(rtentry2.o)
    0x0003c15a   0x00000002   Code   RO          896    .ARM.Collect$$rtexit$$00000000  c_p.l(rtexit.o)
    0x0003c15c   0x00000000   Code   RO          950    .ARM.Collect$$rtexit$$00000002  c_p.l(rtexit2.o)
    0x0003c15c   0x00000004   Code   RO          951    .ARM.Collect$$rtexit$$00000003  c_p.l(rtexit2.o)
    0x0003c160   0x00000006   Code   RO          952    .ARM.Collect$$rtexit$$00000004  c_p.l(rtexit2.o)
    0x0003c166   0x00000002   PAD
    0x0003c168   0x0000001e   Code   RO          330    .emb_text           nrf_delay.o
    0x0003c186   0x00000002   PAD
    0x0003c188   0x0000001e   Code   RO          498    .emb_text           app_timer.o
    0x0003c1a6   0x00000002   PAD
    0x0003c1a8   0x00000034   Code   RO          609    .emb_text           bootloader_util.o
    0x0003c1dc   0x00000038   Code   RO          839    .emb_text           c_p.l(rt_memcpy.o)
    0x0003c214   0x000001cc   Code   RO            3    .text               main.o
    0x0003c3e0   0x00000050   Code   RO          178    .text               arm_startup_nrf51.o
    0x0003c430   0x000000a8   Code   RO          184    .text               system_nrf51.o
    0x0003c4d8   0x00000304   Code   RO          279    .text               app_uart.o
    0x0003c7dc   0x0000001c   Code   RO          331    .text               nrf_delay.o
    0x0003c7f8   0x00000060   Code   RO          361    .text               nrf_drv_common.o
    0x0003c858   0x00000574   Code   RO          387    .text               nrf_drv_gpiote.o
    0x0003cdcc   0x0000022c   Code   RO          418    .text               pstorage_raw.o
    0x0003cff8   0x00000018   Code   RO          447    .text               app_error.o
    0x0003d010   0x00000184   Code   RO          467    .text               app_scheduler.o
    0x0003d194   0x0000076c   Code   RO          499    .text               app_timer.o
    0x0003d900   0x00000030   Code   RO          528    .text               app_timer_appsh.o
    0x0003d930   0x000002f4   Code   RO          543    .text               bootloader.o
    0x0003dc24   0x00000078   Code   RO          582    .text               bootloader_settings.o
    0x0003dc9c   0x00000008   Code   RO          610    .text               bootloader_util.o
    0x0003dca4   0x0000003c   Code   RO          625    .text               crc16.o
    0x0003dce0   0x000000a4   Code   RO          639    .text               dfu_init_template.o
    0x0003dd84   0x000005ec   Code   RO          665    .text               dfu_single_bank.o
    0x0003e370   0x000001c8   Code   RO          699    .text               dfu_transport_serial.o
    0x0003e538   0x00000174   Code   RO          722    .text               hci_mem_pool.o
    0x0003e6ac   0x000001dc   Code   RO          745    .text               hci_slip.o
    0x0003e888   0x00000480   Code   RO          773    .text               hci_transport.o
    0x0003ed08   0x0000010c   Code   RO          795    .text               softdevice_handler.o
    0x0003ee14   0x00000028   Code   RO          817    .text               softdevice_handler_appsh.o
    0x0003ee3c   0x00000082   Code   RO          840    .text               c_p.l(rt_memcpy.o)
    0x0003eebe   0x00000040   Code   RO          843    .text               c_p.l(rt_memclr.o)
    0x0003eefe   0x00000022   Code   RO          845    .text               c_p.l(uread4.o)
    0x0003ef20   0x0000015a   Code   RO          847    .text               c_p.l(aeabi_sdiv.o)
    0x0003f07a   0x00000006   Code   RO          851    .text               c_p.l(heapauxi.o)
    0x0003f080   0x0000003e   Code   RO          877    .text               c_p.l(sys_stackheap_outer.o)
    0x0003f0be   0x0000000c   Code   RO          880    .text               c_p.l(exit.o)
    0x0003f0ca   0x00000002   PAD
    0x0003f0cc   0x00000008   Code   RO          892    .text               c_p.l(libspace.o)
    0x0003f0d4   0x0000000c   Code   RO          947    .text               c_p.l(sys_exit.o)
    0x0003f0e0   0x00000002   Code   RO          966    .text               c_p.l(use_no_semi.o)
    0x0003f0e2   0x00000000   Code   RO          968    .text               c_p.l(indicate_semi.o)
    0x0003f0e2   0x0000001a   Code   RO          272    i.__ARM_common_switch8  ble_srv_common.o
    0x0003f0fc   0x00000010   Data   RO            5    .constdata          main.o
    0x0003f10c   0x00000008   Data   RO          280    .constdata          app_uart.o
    0x0003f114   0x00000020   Data   RO          545    .constdata          bootloader.o
    0x0003f134   0x00000020   Data   RO          667    .constdata          dfu_single_bank.o
    0x0003f154   0x0000000c   Data   RO          746    .constdata          hci_slip.o
    0x0003f160   0x00000020   Data   RO         1017    Region$$Table       anon$$obj.o


    Execution Region RW_IRAM1 (Base: 0x20002c00, Size: 0x00001428, Max: 0x00005380, ABSOLUTE)

    Base Addr    Size         Type   Attr      Idx    E Section Name        Object

    0x20002c00   0x00000004   Data   RW          185    .data               system_nrf51.o
    0x20002c04   0x0000000c   Data   RW          281    .data               app_uart.o
    0x20002c10   0x00000010   Data   RW          420    .data               pstorage_raw.o
    0x20002c20   0x00000010   Data   RW          468    .data               app_scheduler.o
    0x20002c30   0x00000024   Data   RW          500    .data               app_timer.o
    0x20002c54   0x0000000c   Data   RW          546    .data               bootloader.o
    0x20002c60   0x00000001   Data   RW          641    .data               dfu_init_template.o
    0x20002c61   0x00000003   PAD
    0x20002c64   0x00000024   Data   RW          668    .data               dfu_single_bank.o
    0x20002c88   0x00000001   Data   RW          724    .data               hci_mem_pool.o
    0x20002c89   0x00000003   PAD
    0x20002c8c   0x00000028   Data   RW          747    .data               hci_slip.o
    0x20002cb4   0x00000031   Data   RW          774    .data               hci_transport.o
    0x20002ce5   0x00000003   PAD
    0x20002ce8   0x00000014   Data   RW          796    .data               softdevice_handler.o
    0x20002cfc   0x000003d8   Zero   RW            4    .bss                main.o
    0x200030d4   0x00000038   Zero   RW          388    .bss                nrf_drv_gpiote.o
    0x2000310c   0x000000f4   Zero   RW          419    .bss                pstorage_raw.o
    0x20003200   0x0000001c   Zero   RW          544    .bss                bootloader.o
    0x2000321c   0x0000001c   Zero   RW          585    .bss                bootloader_settings.o
    0x20003238   0x0000000a   Zero   RW          640    .bss                dfu_init_template.o
    0x20003242   0x00000002   PAD
    0x20003244   0x0000005c   Zero   RW          666    .bss                dfu_single_bank.o
    0x200032a0   0x00000034   Zero   RW          700    .bss                dfu_transport_serial.o
    0x200032d4   0x000004f4   Zero   RW          723    .bss                hci_mem_pool.o
    0x200037c8   0x00000060   Zero   RW          893    .bss                c_p.l(libspace.o)
    0x20003828   0x00000000   Zero   RW          176    HEAP                arm_startup_nrf51.o
    0x20003828   0x00000800   Zero   RW          175    STACK               arm_startup_nrf51.o


    Execution Region RW_IRAM2 (Base: 0x20007f80, Size: 0x00000000, Max: 0x00000080, ABSOLUTE, UNINIT)

    **** No section assigned to this execution region ****



  Load Region LR$$.ARM.__AT_0x0003FC00 (Base: 0x0003fc00, Size: 0x00000000, Max: 0x00000400, ABSOLUTE)

    Execution Region ER$$.ARM.__AT_0x0003FC00 (Base: 0x0003fc00, Size: 0x00000400, Max: 0x00000400, ABSOLUTE, UNINIT)

    Base Addr    Size         Type   Attr      Idx    E Section Name        Object

    0x0003fc00   0x00000400   Zero   RW          583    .ARM.__AT_0x0003FC00  bootloader_settings.o



  Load Region LR$$.ARM.__AT_0x10001014 (Base: 0x10001014, Size: 0x00000004, Max: 0x00000004, ABSOLUTE)

    Execution Region ER$$.ARM.__AT_0x10001014 (Base: 0x10001014, Size: 0x00000004, Max: 0x00000004, ABSOLUTE, UNINIT)

    Base Addr    Size         Type   Attr      Idx    E Section Name        Object

    0x10001014   0x00000004   Data   RW          584    .ARM.__AT_0x10001014  bootloader_settings.o


==============================================================================

Image component sizes


      Code (inc. data)   RO Data    RW Data    ZI Data      Debug   Object Name

        24          8          0          0          0       1140   app_error.o
       388         16          0         16          0      11083   app_scheduler.o
      1930         72          0         36          0      18193   app_timer.o
        48          4          0          0          0       1365   app_timer_appsh.o
       772         62          8         12          0      22540   app_uart.o
        80         32        192          0       2048        712   arm_startup_nrf51.o
         0          0          0          0          0       1508   ble_advdata.o
        26          0          0          0          0         72   ble_srv_common.o
       756         18         32         12         28      11756   bootloader.o
       120          8          0          4       1052       3518   bootloader_settings.o
        60          2          0          0          0       1128   bootloader_util.o
        60          6          0          0          0       1096   crc16.o
       164         16          0          1         10       3205   dfu_init_template.o
      1516         40         32         36         92      10501   dfu_single_bank.o
       456         18          0          0         52       5421   dfu_transport_serial.o
       372         12          0          1       1268       3708   hci_mem_pool.o
       476         38         12         40          0       5443   hci_slip.o
      1152         20          0         49          0       8808   hci_transport.o
       460         44         16          0        984      72271   main.o
        58          4          0          0          0       1559   nrf_delay.o
        96         18          0          0          0       1492   nrf_drv_common.o
      1396         62          0          0         56      17364   nrf_drv_gpiote.o
       556         10          0         16        244       7109   pstorage_raw.o
       268         10          0         20          0       3708   softdevice_handler.o
        40          4          0          0          0       1493   softdevice_handler_appsh.o
       168         30          0          4          0       1853   system_nrf51.o

    ----------------------------------------------------------------------
     11446        554        324        256       5836     218046   Object Totals
         0          0         32          0          0          0   (incl. Generated)
         4          0          0          9          2          0   (incl. Padding)

    ----------------------------------------------------------------------

      Code (inc. data)   RO Data    RW Data    ZI Data      Debug   Library Member Name

         8          0          0          0          0         68   __main.o
        60          8          0          0          0          0   __scatter.o
        26          0          0          0          0          0   __scatter_copy.o
        28          0          0          0          0          0   __scatter_zi.o
       346          0          0          0          0         92   aeabi_sdiv.o
        12          0          0          0          0         64   exit.o
         6          0          0          0          0        136   heapauxi.o
         0          0          0          0          0          0   indicate_semi.o
         2          0          0          0          0          0   libinit.o
         6          0          0          0          0          0   libinit2.o
         2          0          0          0          0          0   libshutdown.o
         2          0          0          0          0          0   libshutdown2.o
         8          4          0          0         96         68   libspace.o
        64          0          0          0          0        108   rt_memclr.o
       186          0          0          0          0        144   rt_memcpy.o
         0          0          0          0          0          0   rtentry.o
        12          0          0          0          0          0   rtentry2.o
         6          0          0          0          0          0   rtentry4.o
         2          0          0          0          0          0   rtexit.o
        10          0          0          0          0          0   rtexit2.o
        12          4          0          0          0         60   sys_exit.o
        62          0          0          0          0         80   sys_stackheap_outer.o
        34          0          0          0          0         60   uread4.o
         2          0          0          0          0         68   use_no_semi.o

    ----------------------------------------------------------------------
       902         16          0          0         96        948   Library Totals
         6          0          0          0          0          0   (incl. Padding)

    ----------------------------------------------------------------------

      Code (inc. data)   RO Data    RW Data    ZI Data      Debug   Library Name

       896         16          0          0         96        948   c_p.l

    ----------------------------------------------------------------------
       902         16          0          0         96        948   Library Totals

    ----------------------------------------------------------------------

==============================================================================


      Code (inc. data)   RO Data    RW Data    ZI Data      Debug   

     12348        570        324        256       5932     216370   Grand Totals
     12348        570        324        256       5932     216370   ELF Image Totals
     12348        570        324        256          0          0   ROM Totals

==============================================================================

    Total RO  Size (Code + RO Data)                12672 (  12.38kB)
    Total RW  Size (RW Data + ZI Data)              6188 (   6.04kB)
    Total ROM Size (Code + RO Data + RW Data)      12928 (  12.63kB)

==============================================================================

